******************************************************************************
                  MSP430 Linker PC v20.2.1                     
******************************************************************************
>> Linked Mon Jul 27 14:07:50 2020

OUTPUT FILE NAME:   <Minisys_new_msp430f5529_beta5.0.out>
ENTRY POINT SYMBOL: "_c_int00_noargs"  address: 00004456


MEMORY CONFIGURATION

         name            origin    length      used     unused   attr    fill
----------------------  --------  ---------  --------  --------  ----  --------
  SFR                   00000000   00000010  00000000  00000010  RWIX
  PERIPHERALS_8BIT      00000010   000000f0  00000000  000000f0  RWIX
  PERIPHERALS_16BIT     00000100   00000100  00000000  00000100  RWIX
  INFOD                 00001800   00000080  00000000  00000080  RWIX
  INFOC                 00001880   00000080  00000000  00000080  RWIX
  INFOB                 00001900   00000080  00000000  00000080  RWIX
  INFOA                 00001980   00000080  00000000  00000080  RWIX
  USBRAM                00001c00   00000800  00000000  00000800  RWIX
  RAM                   00002400   00002000  00000132  00001ece  RWIX
  FLASH                 00004400   0000bb80  0000314c  00008a34  RWIX
  INT00                 0000ff80   00000002  00000000  00000002  RWIX
  INT01                 0000ff82   00000002  00000000  00000002  RWIX
  INT02                 0000ff84   00000002  00000000  00000002  RWIX
  INT03                 0000ff86   00000002  00000000  00000002  RWIX
  INT04                 0000ff88   00000002  00000000  00000002  RWIX
  INT05                 0000ff8a   00000002  00000000  00000002  RWIX
  INT06                 0000ff8c   00000002  00000000  00000002  RWIX
  INT07                 0000ff8e   00000002  00000000  00000002  RWIX
  INT08                 0000ff90   00000002  00000000  00000002  RWIX
  INT09                 0000ff92   00000002  00000000  00000002  RWIX
  INT10                 0000ff94   00000002  00000000  00000002  RWIX
  INT11                 0000ff96   00000002  00000000  00000002  RWIX
  INT12                 0000ff98   00000002  00000000  00000002  RWIX
  INT13                 0000ff9a   00000002  00000000  00000002  RWIX
  INT14                 0000ff9c   00000002  00000000  00000002  RWIX
  INT15                 0000ff9e   00000002  00000000  00000002  RWIX
  INT16                 0000ffa0   00000002  00000000  00000002  RWIX
  INT17                 0000ffa2   00000002  00000000  00000002  RWIX
  INT18                 0000ffa4   00000002  00000000  00000002  RWIX
  INT19                 0000ffa6   00000002  00000000  00000002  RWIX
  INT20                 0000ffa8   00000002  00000000  00000002  RWIX
  INT21                 0000ffaa   00000002  00000000  00000002  RWIX
  INT22                 0000ffac   00000002  00000000  00000002  RWIX
  INT23                 0000ffae   00000002  00000000  00000002  RWIX
  INT24                 0000ffb0   00000002  00000000  00000002  RWIX
  INT25                 0000ffb2   00000002  00000000  00000002  RWIX
  INT26                 0000ffb4   00000002  00000000  00000002  RWIX
  INT27                 0000ffb6   00000002  00000000  00000002  RWIX
  INT28                 0000ffb8   00000002  00000000  00000002  RWIX
  INT29                 0000ffba   00000002  00000000  00000002  RWIX
  INT30                 0000ffbc   00000002  00000000  00000002  RWIX
  INT31                 0000ffbe   00000002  00000000  00000002  RWIX
  INT32                 0000ffc0   00000002  00000000  00000002  RWIX
  INT33                 0000ffc2   00000002  00000000  00000002  RWIX
  INT34                 0000ffc4   00000002  00000000  00000002  RWIX
  INT35                 0000ffc6   00000002  00000000  00000002  RWIX
  INT36                 0000ffc8   00000002  00000000  00000002  RWIX
  INT37                 0000ffca   00000002  00000000  00000002  RWIX
  INT38                 0000ffcc   00000002  00000000  00000002  RWIX
  INT39                 0000ffce   00000002  00000000  00000002  RWIX
  INT40                 0000ffd0   00000002  00000000  00000002  RWIX
  INT41                 0000ffd2   00000002  00000002  00000000  RWIX
  INT42                 0000ffd4   00000002  00000002  00000000  RWIX
  INT43                 0000ffd6   00000002  00000002  00000000  RWIX
  INT44                 0000ffd8   00000002  00000002  00000000  RWIX
  INT45                 0000ffda   00000002  00000002  00000000  RWIX
  INT46                 0000ffdc   00000002  00000002  00000000  RWIX
  INT47                 0000ffde   00000002  00000002  00000000  RWIX
  INT48                 0000ffe0   00000002  00000002  00000000  RWIX
  INT49                 0000ffe2   00000002  00000002  00000000  RWIX
  INT50                 0000ffe4   00000002  00000002  00000000  RWIX
  INT51                 0000ffe6   00000002  00000002  00000000  RWIX
  INT52                 0000ffe8   00000002  00000002  00000000  RWIX
  INT53                 0000ffea   00000002  00000002  00000000  RWIX
  INT54                 0000ffec   00000002  00000002  00000000  RWIX
  INT55                 0000ffee   00000002  00000002  00000000  RWIX
  INT56                 0000fff0   00000002  00000002  00000000  RWIX
  INT57                 0000fff2   00000002  00000002  00000000  RWIX
  INT58                 0000fff4   00000002  00000002  00000000  RWIX
  INT59                 0000fff6   00000002  00000002  00000000  RWIX
  INT60                 0000fff8   00000002  00000002  00000000  RWIX
  INT61                 0000fffa   00000002  00000002  00000000  RWIX
  INT62                 0000fffc   00000002  00000002  00000000  RWIX
  RESET                 0000fffe   00000002  00000002  00000000  RWIX
  FLASH2                00010000   00014400  000076ec  0000cd14  RWIX


SECTION ALLOCATION MAP

 output                                  attributes/
section   page    origin      length       input sections
--------  ----  ----------  ----------   ----------------
.data      0    00002400    00000058     UNINITIALIZED
                  00002400    00000032     ads1118.obj (.data)
                  00002432    00000019     display_value.obj (.data)
                  0000244b    00000006     user.obj (.data)
                  00002451    00000001     usci_b1_spi.obj (.data)
                  00002452    00000002     rts430x_lc_rd_eabi.lib : errno.c.obj (.data)
                  00002454    00000002     usci_a0_spi.obj (.data)
                  00002456    00000002     usci_b0_i2c.obj (.data)

.bss       0    00002458    0000003a     UNINITIALIZED
                  00002458    0000000a     (.common:dianliu)
                  00002462    0000000a     (.common:dianya)
                  0000246c    0000000a     (.common:dianzu)
                  00002476    00000008     usci_a0_spi.obj (.bss)
                  0000247e    00000008     usci_b0_i2c.obj (.bss)
                  00002486    00000008     usci_b1_spi.obj (.bss)
                  0000248e    00000002     (.common:i)
                  00002490    00000002     (.common:n)

.stack     0    00004360    000000a0     UNINITIALIZED
                  00004360    00000004     rts430x_lc_rd_eabi.lib : boot.c.obj (.stack)
                  00004364    0000009c     --HOLE--

.text:_isr 
*          0    00004400    00000084     
                  00004400    0000001e     vector.obj (.text:_isr:USCI_B0_ISR)
                  0000441e    0000001c     vector.obj (.text:_isr:USCI_A0_ISR)
                  0000443a    0000001c     vector.obj (.text:_isr:USCI_B1_ISR)
                  00004456    0000001c     rts430x_lc_rd_eabi.lib : boot.c.obj (.text:_isr:_c_int00_noargs)
                  00004472    0000000a     vector.obj (.text:_isr:WDT_ISR)
                  0000447c    00000008     rts430x_lc_rd_eabi.lib : isr_trap.asm.obj (.text:_isr:__TI_ISR_TRAP)

.cinit     0    00007510    0000003c     
                  00007510    00000019     (.cinit..data.load) [load image, compression = lzss]
                  00007529    00000001     --HOLE-- [fill = 0]
                  0000752a    0000000c     (__TI_handler_table)
                  00007536    00000006     (.cinit..bss.load) [load image, compression = zero_init]
                  0000753c    00000010     (__TI_cinit_table)

.binit     0    00004400    00000000     

.init_array 
*          0    00004400    00000000     UNINITIALIZED

.const     0    00004484    0000308c     
                  00004484    000017c0     fonts.obj (.const:c_chFont3216)
                  00005c44    00000be0     fonts.obj (.const:c_chFont1616)
                  00006824    000005f0     fonts.obj (.const:c_chFont1608)
                  00006e14    00000474     fonts.obj (.const:c_chFont1206)
                  00007288    00000101     rts430x_lc_rd_eabi.lib : ctype.c.obj (.const:.string:_ctypes_)
                  00007389    00000001     --HOLE-- [fill = 0]
                  0000738a    00000092     display_value.obj (.const:.string)
                  0000741c    00000066     user.obj (.const:.string)
                  00007482    00000030     ads1118.obj (.const:.string)
                  000074b2    00000026     rts430x_lc_rd_eabi.lib : _printfi.c.obj (.const:.string)
                  000074d8    00000010                            : e_pow.c.obj (.const:bp)
                  000074e8    00000010                            : e_pow.c.obj (.const:dp_h)
                  000074f8    00000010                            : e_pow.c.obj (.const:dp_l)
                  00007508    00000004     fonts.obj (.const:.string:fonts_height)
                  0000750c    00000004     fonts.obj (.const:.string:fonts_width)

RTC        0    0000ffd2    00000002     
                  0000ffd2    00000002     rts430x_lc_rd_eabi.lib : int41.asm.obj (.int41)

PORT2      0    0000ffd4    00000002     
                  0000ffd4    00000002     rts430x_lc_rd_eabi.lib : int42.asm.obj (.int42)

TIMER2_A1 
*          0    0000ffd6    00000002     
                  0000ffd6    00000002     rts430x_lc_rd_eabi.lib : int43.asm.obj (.int43)

TIMER2_A0 
*          0    0000ffd8    00000002     
                  0000ffd8    00000002     rts430x_lc_rd_eabi.lib : int44.asm.obj (.int44)

USCI_B1    0    0000ffda    00000002     
                  0000ffda    00000002     vector.obj (.int45)

USCI_A1    0    0000ffdc    00000002     
                  0000ffdc    00000002     rts430x_lc_rd_eabi.lib : int46.asm.obj (.int46)

PORT1      0    0000ffde    00000002     
                  0000ffde    00000002     rts430x_lc_rd_eabi.lib : int47.asm.obj (.int47)

TIMER1_A1 
*          0    0000ffe0    00000002     
                  0000ffe0    00000002     rts430x_lc_rd_eabi.lib : int48.asm.obj (.int48)

TIMER1_A0 
*          0    0000ffe2    00000002     
                  0000ffe2    00000002     rts430x_lc_rd_eabi.lib : int49.asm.obj (.int49)

DMA        0    0000ffe4    00000002     
                  0000ffe4    00000002     rts430x_lc_rd_eabi.lib : int50.asm.obj (.int50)

USB_UBM    0    0000ffe6    00000002     
                  0000ffe6    00000002     rts430x_lc_rd_eabi.lib : int51.asm.obj (.int51)

TIMER0_A1 
*          0    0000ffe8    00000002     
                  0000ffe8    00000002     rts430x_lc_rd_eabi.lib : int52.asm.obj (.int52)

TIMER0_A0 
*          0    0000ffea    00000002     
                  0000ffea    00000002     rts430x_lc_rd_eabi.lib : int53.asm.obj (.int53)

ADC12      0    0000ffec    00000002     
                  0000ffec    00000002     rts430x_lc_rd_eabi.lib : int54.asm.obj (.int54)

USCI_B0    0    0000ffee    00000002     
                  0000ffee    00000002     vector.obj (.int55)

USCI_A0    0    0000fff0    00000002     
                  0000fff0    00000002     vector.obj (.int56)

WDT        0    0000fff2    00000002     
                  0000fff2    00000002     vector.obj (.int57)

TIMER0_B1 
*          0    0000fff4    00000002     
                  0000fff4    00000002     rts430x_lc_rd_eabi.lib : int58.asm.obj (.int58)

TIMER0_B0 
*          0    0000fff6    00000002     
                  0000fff6    00000002     rts430x_lc_rd_eabi.lib : int59.asm.obj (.int59)

COMP_B     0    0000fff8    00000002     
                  0000fff8    00000002     rts430x_lc_rd_eabi.lib : int60.asm.obj (.int60)

UNMI       0    0000fffa    00000002     
                  0000fffa    00000002     rts430x_lc_rd_eabi.lib : int61.asm.obj (.int61)

SYSNMI     0    0000fffc    00000002     
                  0000fffc    00000002     rts430x_lc_rd_eabi.lib : int62.asm.obj (.int62)

.reset     0    0000fffe    00000002     
                  0000fffe    00000002     rts430x_lc_rd_eabi.lib : boot.c.obj (.reset)

.text      0    00010000    000076ec     
                  00010000    00001148     rts430x_lc_rd_eabi.lib : e_pow.c.obj (.text:pow)
                  00011148    000007cc     user.obj (.text:P2_IODect)
                  00011914    00000466     rts430x_lc_rd_eabi.lib : frcdivd.c.obj (.text:__TI_frcdivd)
                  00011d7a    000003f0     display_value.obj (.text:display_value)
                  0001216a    000003e2     ads1118.obj (.text:get_ads1118_sample_voltage)
                  0001254c    0000034e     rts430x_lc_rd_eabi.lib : div64u.c.obj (.text:__mspabi_divull)
                  0001289a    00000306     ads1118.obj (.text:cc_mode_adc2_feedback)
                  00012ba0    00000306     ads1118.obj (.text:cr_mode_adc2_feedback)
                  00012ea6    000002e0     rts430x_lc_rd_eabi.lib : addd.c.obj (.text:__mspabi_addd)
                  00013186    000002de                            : e_sqrt.c.obj (.text:sqrt)
                  00013464    000002a6                            : _printfi.c.obj (.text:__TI_printfi)
                  0001370a    00000280                            : frcmpyd.c.obj (.text:__TI_frcmpyd)
                  0001398a    0000027c     ssd1351.obj (.text:ssd1351_set_gray_scale_table)
                  00013c06    0000027a     rts430x_lc_rd_eabi.lib : _printfi.c.obj (.text:_setfield)
                  00013e80    00000268                            : _printfi.c.obj (.text:_pproc_fgea)
                  000140e8    00000266                            : mpyd.c.obj (.text:__mspabi_mpyd)
                  0001434e    00000248                            : frcaddd.c.obj (.text:__TI_frcaddd)
                  00014596    00000224                            : _printfi.c.obj (.text:acvt)
                  000147ba    00000222                            : divd.c.obj (.text:__mspabi_divd)
                  000149dc    0000020c                            : _printfi.c.obj (.text:_getarg_diouxp)
                  00014be8    000001e8     ads1118.obj (.text:ADS1118)
                  00014dd0    000001e6     rts430x_lc_rd_eabi.lib : _printfi.c.obj (.text:ecvt)
                  00014fb6    000001cc     ssd1351.obj (.text:ssd1351_init)
                  00015182    000001c8     rts430x_lc_rd_eabi.lib : _printfi.c.obj (.text:fcvt)
                  0001534a    000001a2                            : _printfi.c.obj (.text:_pconv_e)
                  000154ec    00000170                            : _printfi.c.obj (.text:_pconv_a)
                  0001565c    0000015a                            : s_scalbn.c.obj (.text:scalbn)
                  000157b6    00000148                            : _printfi.c.obj (.text:_pproc_diouxp)
                  000158fe    00000132                            : fs_add.asm.obj (.text)
                  00015a30    00000128                            : _printfi.c.obj (.text:_ltostr)
                  00015b58    00000128     ssd1351.obj (.text:ssd1351_display_char)
                  00015c80    000000fc     rts430x_lc_rd_eabi.lib : _printfi.c.obj (.text:_pconv_g)
                  00015d7c    000000ea                            : _printfi.c.obj (.text:_pproc_fwp)
                  00015e66    000000d8                            : cmpd.c.obj (.text:__mspabi_cmpd)
                  00015f3e    000000c8                            : _printfi.c.obj (.text:_pproc_wstr)
                  00016006    000000bc     dac8571.obj (.text:IIC_TR)
                  000160c2    000000b8     rts430x_lc_rd_eabi.lib : fs_mpy.asm.obj (.text)
                  0001617a    000000b6     ads1118.obj (.text:average_voltage_caculate)
                  00016230    000000b2     rts430x_lc_rd_eabi.lib : renormd.c.obj (.text:__TI_renormd)
                  000162e2    000000b0     dac8571.obj (.text:DAC8571_OUT)
                  00016392    000000a6     rts430x_lc_rd_eabi.lib : _printfi.c.obj (.text:_pproc_str)
                  00016438    000000a6                            : s_frexp.c.obj (.text:frexp)
                  000164de    0000009e                            : fltlid.c.obj (.text:__mspabi_fltlid)
                  0001657c    00000094     ssd1351.obj (.text:ssd1351_draw_h_line)
                  00016610    00000090     rts430x_lc_rd_eabi.lib : _printfi.c.obj (.text:_ecpy)
                  000166a0    00000090                            : _printfi.c.obj (.text:_mcpy)
                  00016730    00000090                            : fs_div.asm.obj (.text)
                  000167c0    0000008c                            : cvtdf.c.obj (.text:__mspabi_cvtdf)
                  0001684c    0000008a     ssd1351.obj (.text:ssd1351_display_string)
                  000168d6    00000080     rts430x_lc_rd_eabi.lib : _ltoa.c.obj (.text:__TI_ltoa)
                  00016956    00000078                            : _printfi.c.obj (.text:_pconv_f)
                  000169ce    00000078     ssd1351.obj (.text:ssd1351_clear_gram)
                  00016a46    00000076     rts430x_lc_rd_eabi.lib : copy_decompress_lzss.c.obj (.text:decompress:lzss:__TI_decompress_lzss)
                  00016abc    0000006c     ssd1351.obj (.text:ssd1351_draw_point)
                  00016b28    00000068     rts430x_lc_rd_eabi.lib : fixdul.c.obj (.text:__mspabi_fixdul)
                  00016b90    00000066                            : fixdli.c.obj (.text:__mspabi_fixdli)
                  00016bf6    00000064                            : cvtfd.c.obj (.text:__mspabi_cvtfd)
                  00016c5a    00000062                            : atoi.c.obj (.text:atoi)
                  00016cbc    00000060     ucs.obj (.text:ucs_init)
                  00016d1c    00000058     rts430x_lc_rd_eabi.lib : div32u.asm.obj (.text)
                  00016d74    00000054                            : autoinit.c.obj (.text:__TI_auto_init_nobinit_nopinit_hold_wdt:__TI_auto_init_nobinit_nopinit_hold_wdt)
                  00016dc8    00000050     user.obj (.text:mode_choose_interface)
                  00016e18    0000004e     rts430x_lc_rd_eabi.lib : _printfi.c.obj (.text:_fcpy)
                  00016e66    0000004e     ucs.obj (.text:set_vcore_up)
                  00016eb4    0000004a     rts430x_lc_rd_eabi.lib : fs_cmp.asm.obj (.text)
                  00016efe    00000044                            : sprintf.c.obj (.text:sprintf)
                  00016f42    00000040     ads1118.obj (.text:ADS_Read)
                  00016f82    00000040     rts430x_lc_rd_eabi.lib : div32s.asm.obj (.text)
                  00016fc2    0000003e                            : asr32.asm.obj (.text:l_asr_const)
                  00017000    0000003e                            : lsl32.asm.obj (.text:l_lsl_const)
                  0001703e    0000003e                            : lsr32.asm.obj (.text:l_lsr_const)
                  0001707c    0000003a                            : lsl64.c.obj (.text:__mspabi_sllll)
                  000170b6    0000003a                            : lsr64.c.obj (.text:__mspabi_srlll)
                  000170f0    00000038     dac8571.obj (.text:IIC_START)
                  00017128    00000038     usci_a0_spi.obj (.text:usci_a0_spi_transmit_frame)
                  00017160    00000036     dac8571.obj (.text:IIC_STOP)
                  00017196    00000036     ads1118.obj (.text:WriteSPI)
                  000171cc    00000036     rts430x_lc_rd_eabi.lib : fs_itof.asm.obj (.text)
                  00017202    00000034     usci_a0_spi.obj (.text:usci_a0_spi_init)
                  00017236    00000032     rts430x_lc_rd_eabi.lib : subd.c.obj (.text:__mspabi_subd)
                  00017268    00000030     ssd1351.obj (.text:ssd1351_write_byte)
                  00017298    00000030     usci_b0_i2c.obj (.text:usci_b0_i2c_rx_isr_handle)
                  000172c8    0000002e     dac8571.obj (.text:DAC_Init)
                  000172f6    0000002e     rts430x_lc_rd_eabi.lib : negd.c.obj (.text:__mspabi_negd)
                  00017324    0000002e                            : s_copysign.c.obj (.text:copysign)
                  00017352    0000002a     usci_a0_spi.obj (.text:usci_a0_spi_rx_isr_handle)
                  0001737c    00000028     rts430x_lc_rd_eabi.lib : fixdi.c.obj (.text:__mspabi_fixdi)
                  000173a4    00000028     usci_b0_i2c.obj (.text:usci_b0_i2c_tx_isr_handle)
                  000173cc    00000026     rts430x_lc_rd_eabi.lib : memccpy.c.obj (.text:memccpy)
                  000173f2    00000024                            : copy_zero_init.c.obj (.text:decompress:ZI:__TI_zero_init_nomemset:__TI_zero_init_nomemset)
                  00017416    00000024                            : fs_utof.asm.obj (.text)
                  0001743a    00000024                            : mult32_f5hw.asm.obj (.text)
                  0001745e    00000024     usci_a0_spi.obj (.text:usci_a0_spi_tx_isr_handle)
                  00017482    00000022     usci_b1_spi.obj (.text:usci_b1_spi_tx_isr_handle)
                  000174a4    00000020     rts430x_lc_rd_eabi.lib : sprintf.c.obj (.text:_outs)
                  000174c4    0000001c     main.obj (.text:main)
                  000174e0    0000001c     rts430x_lc_rd_eabi.lib : strchr.c.obj (.text:strchr)
                  000174fc    0000001a     usci_b1_spi.obj (.text:usci_b1_spi_rx_isr_handle)
                  00017516    00000018     ads1118.obj (.text:ADS1118_Config)
                  0001752e    00000018     rts430x_lc_rd_eabi.lib : mult16_f5hw.asm.obj (.text)
                  00017546    00000016     dac8571.obj (.text:IIC_OVER)
                  0001755c    00000016     rts430x_lc_rd_eabi.lib : memset.c.obj (.text:memset)
                  00017572    00000016                            : div16u.asm.obj (.text)
                  00017588    00000016                            : wcslen.c.obj (.text:wcslen)
                  0001759e    00000014     dac8571.obj (.text:DAC8571_Init)
                  000175b2    00000014     rts430x_lc_rd_eabi.lib : sprintf.c.obj (.text:_outc)
                  000175c6    00000014     key.obj (.text:key_init)
                  000175da    00000014     rts430x_lc_rd_eabi.lib : memcpy.c.obj (.text:memcpy)
                  000175ee    00000012     ads1118.obj (.text:ADS1118_Init)
                  00017600    00000012     rts430x_lc_rd_eabi.lib : fixdu.c.obj (.text:__mspabi_fixdu)
                  00017612    00000012                            : copy_decompress_none.c.obj (.text:decompress:none:__TI_decompress_none)
                  00017624    00000012     init.obj (.text:device_init)
                  00017636    00000012     init.obj (.text:driver_init)
                  00017648    00000012     soft_i2c.obj (.text:soft_i2c_init)
                  0001765a    00000012     rts430x_lc_rd_eabi.lib : toupper.c.obj (.text:toupper)
                  0001766c    00000010                            : asr32.asm.obj (.text:l_asr)
                  0001767c    00000010                            : lsl32.asm.obj (.text:l_lsl)
                  0001768c    00000010                            : lsr32.asm.obj (.text:l_lsr)
                  0001769c    0000000e                            : strlen.c.obj (.text:strlen)
                  000176aa    0000000c                            : fltid.c.obj (.text:__mspabi_fltid)
                  000176b6    0000000c     wdt.obj (.text:wdt_init)
                  000176c2    0000000a     rts430x_lc_rd_eabi.lib : abs.c.obj (.text:abs)
                  000176cc    0000000a                            : lsl16.asm.obj (.text)
                  000176d6    0000000a                            : lsr16.asm.obj (.text)
                  000176e0    00000006                            : exit.c.obj (.text:abort)
                  000176e6    00000004                            : pre_init.c.obj (.text:_system_pre_init)
                  000176ea    00000002                            : startup.c.obj (.text:_system_post_cinit)

MODULE SUMMARY

       Module                       code    ro data   rw data
       ------                       ----    -------   -------
    .\src\
       vector.obj                   96      8         0      
       main.obj                     28      0         0      
    +--+----------------------------+-------+---------+---------+
       Total:                       124     8         0      
                                                             
    .\src\device\
       usci_a0_spi.obj              186     0         10     
       ucs.obj                      174     0         0      
       usci_b0_i2c.obj              88      0         10     
       usci_b1_spi.obj              60      0         9      
       soft_i2c.obj                 18      0         0      
       wdt.obj                      12      0         0      
    +--+----------------------------+-------+---------+---------+
       Total:                       538     0         29     
                                                             
    .\src\driver\
       ads1118.obj                  3372    48        50     
       ssd1351.obj                  1954    0         0      
       dac8571.obj                  562     0         4      
       key.obj                      20      0         0      
    +--+----------------------------+-------+---------+---------+
       Total:                       5908    48        54     
                                                             
    .\src\system\
       fonts.obj                    0       11788     0      
       user.obj                     2076    102       6      
       init.obj                     36      0         0      
    +--+----------------------------+-------+---------+---------+
       Total:                       2112    11890     6      
                                                             
    .\src\user\
       display_value.obj            1008    146       55     
    +--+----------------------------+-------+---------+---------+
       Total:                       1008    146       55     
                                                             
    C:\ti\ccs1010\ccs\tools\compiler\ti-cgt-msp430_20.2.1.LTS\lib\rts430x_lc_rd_eabi.lib
       _printfi.c.obj               6690    38        0      
       e_pow.c.obj                  4424    48        0      
       frcdivd.c.obj                1126    0         0      
       div64u.c.obj                 846     0         0      
       addd.c.obj                   736     0         0      
       e_sqrt.c.obj                 734     0         0      
       frcmpyd.c.obj                640     0         0      
       mpyd.c.obj                   614     0         0      
       frcaddd.c.obj                584     0         0      
       divd.c.obj                   546     0         0      
       s_scalbn.c.obj               346     0         0      
       fs_add.asm.obj               306     0         0      
       ctype.c.obj                  0       257       0      
       cmpd.c.obj                   216     0         0      
       fs_mpy.asm.obj               184     0         0      
       renormd.c.obj                178     0         0      
       s_frexp.c.obj                166     0         0      
       fltlid.c.obj                 158     0         0      
       fs_div.asm.obj               144     0         0      
       cvtdf.c.obj                  140     0         0      
       _ltoa.c.obj                  128     0         0      
       sprintf.c.obj                120     0         0      
       copy_decompress_lzss.c.obj   118     0         0      
       fixdul.c.obj                 104     0         0      
       fixdli.c.obj                 102     0         0      
       cvtfd.c.obj                  100     0         0      
       atoi.c.obj                   98      0         0      
       div32u.asm.obj               88      0         0      
       autoinit.c.obj               84      0         0      
       asr32.asm.obj                78      0         0      
       lsl32.asm.obj                78      0         0      
       lsr32.asm.obj                78      0         0      
       fs_cmp.asm.obj               74      0         0      
       div32s.asm.obj               64      0         0      
       lsl64.c.obj                  58      0         0      
       lsr64.c.obj                  58      0         0      
       fs_itof.asm.obj              54      0         0      
       subd.c.obj                   50      0         0      
       negd.c.obj                   46      0         0      
       s_copysign.c.obj             46      0         0      
       fixdi.c.obj                  40      0         0      
       memccpy.c.obj                38      0         0      
       copy_zero_init.c.obj         36      0         0      
       fs_utof.asm.obj              36      0         0      
       mult32_f5hw.asm.obj          36      0         0      
       boot.c.obj                   28      2         0      
       strchr.c.obj                 28      0         0      
       mult16_f5hw.asm.obj          24      0         0      
       div16u.asm.obj               22      0         0      
       memset.c.obj                 22      0         0      
       wcslen.c.obj                 22      0         0      
       memcpy.c.obj                 20      0         0      
       copy_decompress_none.c.obj   18      0         0      
       fixdu.c.obj                  18      0         0      
       toupper.c.obj                18      0         0      
       strlen.c.obj                 14      0         0      
       fltid.c.obj                  12      0         0      
       abs.c.obj                    10      0         0      
       lsl16.asm.obj                10      0         0      
       lsr16.asm.obj                10      0         0      
       isr_trap.asm.obj             8       0         0      
       exit.c.obj                   6       0         0      
       pre_init.c.obj               4       0         0      
       errno.c.obj                  0       0         2      
       int41.asm.obj                0       2         0      
       int42.asm.obj                0       2         0      
       int43.asm.obj                0       2         0      
       int44.asm.obj                0       2         0      
       int46.asm.obj                0       2         0      
       int47.asm.obj                0       2         0      
       int48.asm.obj                0       2         0      
       int49.asm.obj                0       2         0      
       int50.asm.obj                0       2         0      
       int51.asm.obj                0       2         0      
       int52.asm.obj                0       2         0      
       int53.asm.obj                0       2         0      
       int54.asm.obj                0       2         0      
       int58.asm.obj                0       2         0      
       int59.asm.obj                0       2         0      
       int60.asm.obj                0       2         0      
       int61.asm.obj                0       2         0      
       int62.asm.obj                0       2         0      
       startup.c.obj                2       0         0      
    +--+----------------------------+-------+---------+---------+
       Total:                       20886   381       2      
                                                             
       Stack:                       0       0         160    
       Linker Generated:            0       59        0      
    +--+----------------------------+-------+---------+---------+
       Grand Total:                 30576   12532     306    


LINKER GENERATED COPY TABLES

__TI_cinit_table @ 0000753c records: 2, size/record: 8, table size: 16
	.data: load addr=00007510, load size=00000019 bytes, run addr=00002400, run size=00000058 bytes, compression=lzss
	.bss: load addr=00007536, load size=00000006 bytes, run addr=00002458, run size=0000003a bytes, compression=zero_init


LINKER GENERATED HANDLER TABLE

__TI_handler_table @ 0000752a records: 3, size/record: 4, table size: 12
	index: 0, handler: __TI_zero_init
	index: 1, handler: __TI_decompress_lzss
	index: 2, handler: __TI_decompress_none


GLOBAL SYMBOLS: SORTED ALPHABETICALLY BY Name 

address   name                                   
-------   ----                                   
00000700  ADC12CTL0                              
00000701  ADC12CTL0_H                            
00000700  ADC12CTL0_L                            
00000702  ADC12CTL1                              
00000703  ADC12CTL1_H                            
00000702  ADC12CTL1_L                            
00000704  ADC12CTL2                              
00000705  ADC12CTL2_H                            
00000704  ADC12CTL2_L                            
0000070c  ADC12IE                                
0000070d  ADC12IE_H                              
0000070c  ADC12IE_L                              
0000070a  ADC12IFG                               
0000070b  ADC12IFG_H                             
0000070a  ADC12IFG_L                             
0000070e  ADC12IV                                
0000070f  ADC12IV_H                              
0000070e  ADC12IV_L                              
00000710  ADC12MCTL0                             
00000711  ADC12MCTL1                             
0000071a  ADC12MCTL10                            
0000071b  ADC12MCTL11                            
0000071c  ADC12MCTL12                            
0000071d  ADC12MCTL13                            
0000071e  ADC12MCTL14                            
0000071f  ADC12MCTL15                            
00000712  ADC12MCTL2                             
00000713  ADC12MCTL3                             
00000714  ADC12MCTL4                             
00000715  ADC12MCTL5                             
00000716  ADC12MCTL6                             
00000717  ADC12MCTL7                             
00000718  ADC12MCTL8                             
00000719  ADC12MCTL9                             
00000720  ADC12MEM0                              
00000721  ADC12MEM0_H                            
00000720  ADC12MEM0_L                            
00000722  ADC12MEM1                              
00000734  ADC12MEM10                             
00000735  ADC12MEM10_H                           
00000734  ADC12MEM10_L                           
00000736  ADC12MEM11                             
00000737  ADC12MEM11_H                           
00000736  ADC12MEM11_L                           
00000738  ADC12MEM12                             
00000739  ADC12MEM12_H                           
00000738  ADC12MEM12_L                           
0000073a  ADC12MEM13                             
0000073b  ADC12MEM13_H                           
0000073a  ADC12MEM13_L                           
0000073c  ADC12MEM14                             
0000073d  ADC12MEM14_H                           
0000073c  ADC12MEM14_L                           
0000073e  ADC12MEM15                             
0000073f  ADC12MEM15_H                           
0000073e  ADC12MEM15_L                           
00000723  ADC12MEM1_H                            
00000722  ADC12MEM1_L                            
00000724  ADC12MEM2                              
00000725  ADC12MEM2_H                            
00000724  ADC12MEM2_L                            
00000726  ADC12MEM3                              
00000727  ADC12MEM3_H                            
00000726  ADC12MEM3_L                            
00000728  ADC12MEM4                              
00000729  ADC12MEM4_H                            
00000728  ADC12MEM4_L                            
0000072a  ADC12MEM5                              
0000072b  ADC12MEM5_H                            
0000072a  ADC12MEM5_L                            
0000072c  ADC12MEM6                              
0000072d  ADC12MEM6_H                            
0000072c  ADC12MEM6_L                            
0000072e  ADC12MEM7                              
0000072f  ADC12MEM7_H                            
0000072e  ADC12MEM7_L                            
00000730  ADC12MEM8                              
00000731  ADC12MEM8_H                            
00000730  ADC12MEM8_L                            
00000732  ADC12MEM9                              
00000733  ADC12MEM9_H                            
00000732  ADC12MEM9_L                            
00014be8  ADS1118                                
00017516  ADS1118_Config                         
000175ee  ADS1118_Init                           
00016f42  ADS_Read                               
000176e0  C$$EXIT                                
000008c0  CBCTL0                                 
000008c1  CBCTL0_H                               
000008c0  CBCTL0_L                               
000008c2  CBCTL1                                 
000008c3  CBCTL1_H                               
000008c2  CBCTL1_L                               
000008c4  CBCTL2                                 
000008c5  CBCTL2_H                               
000008c4  CBCTL2_L                               
000008c6  CBCTL3                                 
000008c7  CBCTL3_H                               
000008c6  CBCTL3_L                               
000008cc  CBINT                                  
000008cd  CBINT_H                                
000008cc  CBINT_L                                
000008ce  CBIV                                   
00002432  CC_value                               
0000240c  CC_value_fact                          
00002436  CC_voltage                             
00000150  CRCDI                                  
00000152  CRCDIRB                                
00000153  CRCDIRB_H                              
00000152  CRCDIRB_L                              
00000151  CRCDI_H                                
00000150  CRCDI_L                                
00000154  CRCINIRES                              
00000155  CRCINIRES_H                            
00000154  CRCINIRES_L                            
00000156  CRCRESR                                
00000157  CRCRESR_H                              
00000156  CRCRESR_L                              
00002446  CR_current                             
0000241c  CR_current_fact                        
0000243e  CR_value                               
00002418  CR_value_fact                          
00002442  CR_voltage                             
0000243a  CV_value                               
00002410  CV_value_fact                          
0001759e  DAC8571_Init                           
000162e2  DAC8571_OUT                            
000172c8  DAC_Init                               
00000510  DMA0CTL                                
00000516  DMA0DA                                 
00000518  DMA0DAH                                
00000516  DMA0DAL                                
00000512  DMA0SA                                 
00000514  DMA0SAH                                
00000512  DMA0SAL                                
0000051a  DMA0SZ                                 
00000520  DMA1CTL                                
00000526  DMA1DA                                 
00000528  DMA1DAH                                
00000526  DMA1DAL                                
00000522  DMA1SA                                 
00000524  DMA1SAH                                
00000522  DMA1SAL                                
0000052a  DMA1SZ                                 
00000530  DMA2CTL                                
00000536  DMA2DA                                 
00000538  DMA2DAH                                
00000536  DMA2DAL                                
00000532  DMA2SA                                 
00000534  DMA2SAH                                
00000532  DMA2SAL                                
0000053a  DMA2SZ                                 
00000500  DMACTL0                                
00000502  DMACTL1                                
00000504  DMACTL2                                
00000506  DMACTL3                                
00000508  DMACTL4                                
0000050e  DMAIV                                  
00000140  FCTL1                                  
00000141  FCTL1_H                                
00000140  FCTL1_L                                
00000144  FCTL3                                  
00000145  FCTL3_H                                
00000144  FCTL3_L                                
00000146  FCTL4                                  
00000147  FCTL4_H                                
00000146  FCTL4_L                                
00017546  IIC_OVER                               
000170f0  IIC_START                              
00017160  IIC_STOP                               
00016006  IIC_TR                                 
000004c4  MAC                                    
000004da  MAC32H                                 
000004db  MAC32H_H                               
000004da  MAC32H_L                               
000004d8  MAC32L                                 
000004d9  MAC32L_H                               
000004d8  MAC32L_L                               
000004c6  MACS                                   
000004de  MACS32H                                
000004df  MACS32H_H                              
000004de  MACS32H_L                              
000004dc  MACS32L                                
000004dd  MACS32L_H                              
000004dc  MACS32L_L                              
000004c7  MACS_H                                 
000004c6  MACS_L                                 
000004c5  MAC_H                                  
000004c4  MAC_L                                  
000004c0  MPY                                    
000004ec  MPY32CTL0                              
000004ed  MPY32CTL0_H                            
000004ec  MPY32CTL0_L                            
000004d2  MPY32H                                 
000004d3  MPY32H_H                               
000004d2  MPY32H_L                               
000004d0  MPY32L                                 
000004d1  MPY32L_H                               
000004d0  MPY32L_L                               
000004c2  MPYS                                   
000004d6  MPYS32H                                
000004d7  MPYS32H_H                              
000004d6  MPYS32H_L                              
000004d4  MPYS32L                                
000004d5  MPYS32L_H                              
000004d4  MPYS32L_L                              
000004c3  MPYS_H                                 
000004c2  MPYS_L                                 
000004c1  MPY_H                                  
000004c0  MPY_L                                  
000004c8  OP2                                    
000004e2  OP2H                                   
000004e3  OP2H_H                                 
000004e2  OP2H_L                                 
000004e0  OP2L                                   
000004e1  OP2L_H                                 
000004e0  OP2L_L                                 
000004c9  OP2_H                                  
000004c8  OP2_L                                  
0000020e  P1IV                                   
0000021e  P2IV                                   
00011148  P2_IODect                              
000001e0  P4MAP01                                
000001e1  P4MAP01_H                              
000001e0  P4MAP01_L                              
000001e2  P4MAP23                                
000001e3  P4MAP23_H                              
000001e2  P4MAP23_L                              
000001e4  P4MAP45                                
000001e5  P4MAP45_H                              
000001e4  P4MAP45_L                              
000001e6  P4MAP67                                
000001e7  P4MAP67_H                              
000001e6  P4MAP67_L                              
00000204  PADIR                                  
00000205  PADIR_H                                
00000204  PADIR_L                                
00000208  PADS                                   
00000209  PADS_H                                 
00000208  PADS_L                                 
0000021a  PAIE                                   
00000218  PAIES                                  
00000219  PAIES_H                                
00000218  PAIES_L                                
0000021b  PAIE_H                                 
0000021a  PAIE_L                                 
0000021c  PAIFG                                  
0000021d  PAIFG_H                                
0000021c  PAIFG_L                                
00000200  PAIN                                   
00000201  PAIN_H                                 
00000200  PAIN_L                                 
00000202  PAOUT                                  
00000203  PAOUT_H                                
00000202  PAOUT_L                                
00000206  PAREN                                  
00000207  PAREN_H                                
00000206  PAREN_L                                
0000020a  PASEL                                  
0000020b  PASEL_H                                
0000020a  PASEL_L                                
00000224  PBDIR                                  
00000225  PBDIR_H                                
00000224  PBDIR_L                                
00000228  PBDS                                   
00000229  PBDS_H                                 
00000228  PBDS_L                                 
00000220  PBIN                                   
00000221  PBIN_H                                 
00000220  PBIN_L                                 
00000222  PBOUT                                  
00000223  PBOUT_H                                
00000222  PBOUT_L                                
00000226  PBREN                                  
00000227  PBREN_H                                
00000226  PBREN_L                                
0000022a  PBSEL                                  
0000022b  PBSEL_H                                
0000022a  PBSEL_L                                
00000244  PCDIR                                  
00000245  PCDIR_H                                
00000244  PCDIR_L                                
00000248  PCDS                                   
00000249  PCDS_H                                 
00000248  PCDS_L                                 
00000240  PCIN                                   
00000241  PCIN_H                                 
00000240  PCIN_L                                 
00000242  PCOUT                                  
00000243  PCOUT_H                                
00000242  PCOUT_L                                
00000246  PCREN                                  
00000247  PCREN_H                                
00000246  PCREN_L                                
0000024a  PCSEL                                  
0000024b  PCSEL_H                                
0000024a  PCSEL_L                                
00000264  PDDIR                                  
00000265  PDDIR_H                                
00000264  PDDIR_L                                
00000268  PDDS                                   
00000269  PDDS_H                                 
00000268  PDDS_L                                 
00000260  PDIN                                   
00000261  PDIN_H                                 
00000260  PDIN_L                                 
00000262  PDOUT                                  
00000263  PDOUT_H                                
00000262  PDOUT_L                                
00000266  PDREN                                  
00000267  PDREN_H                                
00000266  PDREN_L                                
0000026a  PDSEL                                  
0000026b  PDSEL_H                                
0000026a  PDSEL_L                                
00000324  PJDIR                                  
00000325  PJDIR_H                                
00000324  PJDIR_L                                
00000328  PJDS                                   
00000329  PJDS_H                                 
00000328  PJDS_L                                 
00000320  PJIN                                   
00000321  PJIN_H                                 
00000320  PJIN_L                                 
00000322  PJOUT                                  
00000323  PJOUT_H                                
00000322  PJOUT_L                                
00000326  PJREN                                  
00000327  PJREN_H                                
00000326  PJREN_L                                
00000130  PM5CTL0                                
00000131  PM5CTL0_H                              
00000130  PM5CTL0_L                              
000001c2  PMAPCTL                                
000001c3  PMAPCTL_H                              
000001c2  PMAPCTL_L                              
000001c0  PMAPKEYID                              
000001c1  PMAPKEYID_H                            
000001c0  PMAPKEYID_L                            
00000120  PMMCTL0                                
00000121  PMMCTL0_H                              
00000120  PMMCTL0_L                              
00000122  PMMCTL1                                
00000123  PMMCTL1_H                              
00000122  PMMCTL1_L                              
0000012c  PMMIFG                                 
0000012d  PMMIFG_H                               
0000012c  PMMIFG_L                               
0000012e  PMMRIE                                 
0000012f  PMMRIE_H                               
0000012e  PMMRIE_L                               
00000158  RCCTL0                                 
00000159  RCCTL0_H                               
00000158  RCCTL0_L                               
000001b0  REFCTL0                                
000001b1  REFCTL0_H                              
000001b0  REFCTL0_L                              
000004e4  RES0                                   
000004e5  RES0_H                                 
000004e4  RES0_L                                 
000004e6  RES1                                   
000004e7  RES1_H                                 
000004e6  RES1_L                                 
000004e8  RES2                                   
000004e9  RES2_H                                 
000004e8  RES2_L                                 
000004ea  RES3                                   
000004eb  RES3_H                                 
000004ea  RES3_L                                 
000004cc  RESHI                                  
000004cd  RESHI_H                                
000004cc  RESHI_L                                
000004ca  RESLO                                  
000004cb  RESLO_H                                
000004ca  RESLO_L                                
000004ba  RTCADOWDAY                             
000004bb  RTCADOWDAY_H                           
000004ba  RTCADOWDAY_L                           
000004b8  RTCAMINHR                              
000004b9  RTCAMINHR_H                            
000004b8  RTCAMINHR_L                            
000004a0  RTCCTL01                               
000004a1  RTCCTL01_H                             
000004a0  RTCCTL01_L                             
000004a2  RTCCTL23                               
000004a3  RTCCTL23_H                             
000004a2  RTCCTL23_L                             
000004b4  RTCDATE                                
000004b5  RTCDATE_H                              
000004b4  RTCDATE_L                              
000004ae  RTCIV                                  
000004ac  RTCPS                                  
000004a8  RTCPS0CTL                              
000004a9  RTCPS0CTL_H                            
000004a8  RTCPS0CTL_L                            
000004aa  RTCPS1CTL                              
000004ab  RTCPS1CTL_H                            
000004aa  RTCPS1CTL_L                            
000004ad  RTCPS_H                                
000004ac  RTCPS_L                                
000004b0  RTCTIM0                                
000004b1  RTCTIM0_H                              
000004b0  RTCTIM0_L                              
000004b2  RTCTIM1                                
000004b3  RTCTIM1_H                              
000004b2  RTCTIM1_L                              
000004b6  RTCYEAR                                
000004b7  RTCYEAR_H                              
000004b6  RTCYEAR_L                              
00000100  SFRIE1                                 
00000101  SFRIE1_H                               
00000100  SFRIE1_L                               
00000102  SFRIFG1                                
00000103  SFRIFG1_H                              
00000102  SFRIFG1_L                              
00000104  SFRRPCR                                
00000105  SFRRPCR_H                              
00000104  SFRRPCR_L                              
000004ce  SUMEXT                                 
000004cf  SUMEXT_H                               
000004ce  SUMEXT_L                               
00000124  SVSMHCTL                               
00000125  SVSMHCTL_H                             
00000124  SVSMHCTL_L                             
00000128  SVSMIO                                 
00000129  SVSMIO_H                               
00000128  SVSMIO_L                               
00000126  SVSMLCTL                               
00000127  SVSMLCTL_H                             
00000126  SVSMLCTL_L                             
00000198  SYSBERRIV                              
00000199  SYSBERRIV_H                            
00000198  SYSBERRIV_L                            
00000182  SYSBSLC                                
00000183  SYSBSLC_H                              
00000182  SYSBSLC_L                              
00000180  SYSCTL                                 
00000181  SYSCTL_H                               
00000180  SYSCTL_L                               
00000186  SYSJMBC                                
00000187  SYSJMBC_H                              
00000186  SYSJMBC_L                              
00000188  SYSJMBI0                               
00000189  SYSJMBI0_H                             
00000188  SYSJMBI0_L                             
0000018a  SYSJMBI1                               
0000018b  SYSJMBI1_H                             
0000018a  SYSJMBI1_L                             
0000018c  SYSJMBO0                               
0000018d  SYSJMBO0_H                             
0000018c  SYSJMBO0_L                             
0000018e  SYSJMBO1                               
0000018f  SYSJMBO1_H                             
0000018e  SYSJMBO1_L                             
0000019e  SYSRSTIV                               
0000019f  SYSRSTIV_H                             
0000019e  SYSRSTIV_L                             
0000019c  SYSSNIV                                
0000019d  SYSSNIV_H                              
0000019c  SYSSNIV_L                              
0000019a  SYSUNIV                                
0000019b  SYSUNIV_H                              
0000019a  SYSUNIV_L                              
00000352  TA0CCR0                                
00000354  TA0CCR1                                
00000356  TA0CCR2                                
00000358  TA0CCR3                                
0000035a  TA0CCR4                                
00000342  TA0CCTL0                               
00000344  TA0CCTL1                               
00000346  TA0CCTL2                               
00000348  TA0CCTL3                               
0000034a  TA0CCTL4                               
00000340  TA0CTL                                 
00000360  TA0EX0                                 
0000036e  TA0IV                                  
00000350  TA0R                                   
00000392  TA1CCR0                                
00000394  TA1CCR1                                
00000396  TA1CCR2                                
00000382  TA1CCTL0                               
00000384  TA1CCTL1                               
00000386  TA1CCTL2                               
00000380  TA1CTL                                 
000003a0  TA1EX0                                 
000003ae  TA1IV                                  
00000390  TA1R                                   
00000412  TA2CCR0                                
00000414  TA2CCR1                                
00000416  TA2CCR2                                
00000402  TA2CCTL0                               
00000404  TA2CCTL1                               
00000406  TA2CCTL2                               
00000400  TA2CTL                                 
00000420  TA2EX0                                 
0000042e  TA2IV                                  
00000410  TA2R                                   
000003d2  TB0CCR0                                
000003d4  TB0CCR1                                
000003d6  TB0CCR2                                
000003d8  TB0CCR3                                
000003da  TB0CCR4                                
000003dc  TB0CCR5                                
000003de  TB0CCR6                                
000003c2  TB0CCTL0                               
000003c4  TB0CCTL1                               
000003c6  TB0CCTL2                               
000003c8  TB0CCTL3                               
000003ca  TB0CCTL4                               
000003cc  TB0CCTL5                               
000003ce  TB0CCTL6                               
000003c0  TB0CTL                                 
000003e0  TB0EX0                                 
000003ee  TB0IV                                  
000003d0  TB0R                                   
000005d0  UCA0ABCTL                              
000005c6  UCA0BRW                                
000005c7  UCA0BRW_H                              
000005c6  UCA0BRW_L                              
000005c0  UCA0CTLW0                              
000005c1  UCA0CTLW0_H                            
000005c0  UCA0CTLW0_L                            
000005dc  UCA0ICTL                               
000005dd  UCA0ICTL_H                             
000005dc  UCA0ICTL_L                             
000005d2  UCA0IRCTL                              
000005d3  UCA0IRCTL_H                            
000005d2  UCA0IRCTL_L                            
000005de  UCA0IV                                 
000005c8  UCA0MCTL                               
000005cc  UCA0RXBUF                              
000005ca  UCA0STAT                               
000005ce  UCA0TXBUF                              
00000610  UCA1ABCTL                              
00000606  UCA1BRW                                
00000607  UCA1BRW_H                              
00000606  UCA1BRW_L                              
00000600  UCA1CTLW0                              
00000601  UCA1CTLW0_H                            
00000600  UCA1CTLW0_L                            
0000061c  UCA1ICTL                               
0000061d  UCA1ICTL_H                             
0000061c  UCA1ICTL_L                             
00000612  UCA1IRCTL                              
00000613  UCA1IRCTL_H                            
00000612  UCA1IRCTL_L                            
0000061e  UCA1IV                                 
00000608  UCA1MCTL                               
0000060c  UCA1RXBUF                              
0000060a  UCA1STAT                               
0000060e  UCA1TXBUF                              
000005e6  UCB0BRW                                
000005e7  UCB0BRW_H                              
000005e6  UCB0BRW_L                              
000005e0  UCB0CTLW0                              
000005e1  UCB0CTLW0_H                            
000005e0  UCB0CTLW0_L                            
000005f0  UCB0I2COA                              
000005f1  UCB0I2COA_H                            
000005f0  UCB0I2COA_L                            
000005f2  UCB0I2CSA                              
000005f3  UCB0I2CSA_H                            
000005f2  UCB0I2CSA_L                            
000005fc  UCB0ICTL                               
000005fd  UCB0ICTL_H                             
000005fc  UCB0ICTL_L                             
000005fe  UCB0IV                                 
000005ec  UCB0RXBUF                              
000005ea  UCB0STAT                               
000005ee  UCB0TXBUF                              
00000626  UCB1BRW                                
00000627  UCB1BRW_H                              
00000626  UCB1BRW_L                              
00000620  UCB1CTLW0                              
00000621  UCB1CTLW0_H                            
00000620  UCB1CTLW0_L                            
00000630  UCB1I2COA                              
00000631  UCB1I2COA_H                            
00000630  UCB1I2COA_L                            
00000632  UCB1I2CSA                              
00000633  UCB1I2CSA_H                            
00000632  UCB1I2CSA_L                            
0000063c  UCB1ICTL                               
0000063d  UCB1ICTL_H                             
0000063c  UCB1ICTL_L                             
0000063e  UCB1IV                                 
0000062c  UCB1RXBUF                              
0000062a  UCB1STAT                               
0000062e  UCB1TXBUF                              
00000160  UCSCTL0                                
00000161  UCSCTL0_H                              
00000160  UCSCTL0_L                              
00000162  UCSCTL1                                
00000163  UCSCTL1_H                              
00000162  UCSCTL1_L                              
00000164  UCSCTL2                                
00000165  UCSCTL2_H                              
00000164  UCSCTL2_L                              
00000166  UCSCTL3                                
00000167  UCSCTL3_H                              
00000166  UCSCTL3_L                              
00000168  UCSCTL4                                
00000169  UCSCTL4_H                              
00000168  UCSCTL4_L                              
0000016a  UCSCTL5                                
0000016b  UCSCTL5_H                              
0000016a  UCSCTL5_L                              
0000016c  UCSCTL6                                
0000016d  UCSCTL6_H                              
0000016c  UCSCTL6_L                              
0000016e  UCSCTL7                                
0000016f  UCSCTL7_H                              
0000016e  UCSCTL7_L                              
00000170  UCSCTL8                                
00000171  UCSCTL8_H                              
00000170  UCSCTL8_L                              
00000902  USBCNF                                 
00000903  USBCNF_H                               
00000902  USBCNF_L                               
0000093c  USBCTL                                 
0000093a  USBFN                                  
0000093b  USBFN_H                                
0000093a  USBFN_L                                
0000093f  USBFUNADR                              
0000093d  USBIE                                  
00002378  USBIEP0BUF                             
000023c9  USBIEPBBAX_1                           
000023d1  USBIEPBBAX_2                           
000023d9  USBIEPBBAX_3                           
000023e1  USBIEPBBAX_4                           
000023e9  USBIEPBBAX_5                           
000023f1  USBIEPBBAX_6                           
000023f9  USBIEPBBAX_7                           
000023cd  USBIEPBBAY_1                           
000023d5  USBIEPBBAY_2                           
000023dd  USBIEPBBAY_3                           
000023e5  USBIEPBBAY_4                           
000023ed  USBIEPBBAY_5                           
000023f5  USBIEPBBAY_6                           
000023fd  USBIEPBBAY_7                           
000023ca  USBIEPBCTX_1                           
000023d2  USBIEPBCTX_2                           
000023da  USBIEPBCTX_3                           
000023e2  USBIEPBCTX_4                           
000023ea  USBIEPBCTX_5                           
000023f2  USBIEPBCTX_6                           
000023fa  USBIEPBCTX_7                           
000023ce  USBIEPBCTY_1                           
000023d6  USBIEPBCTY_2                           
000023de  USBIEPBCTY_3                           
000023e6  USBIEPBCTY_4                           
000023ee  USBIEPBCTY_5                           
000023f6  USBIEPBCTY_6                           
000023fe  USBIEPBCTY_7                           
00000920  USBIEPCNF_0                            
000023c8  USBIEPCNF_1                            
000023d0  USBIEPCNF_2                            
000023d8  USBIEPCNF_3                            
000023e0  USBIEPCNF_4                            
000023e8  USBIEPCNF_5                            
000023f0  USBIEPCNF_6                            
000023f8  USBIEPCNF_7                            
00000921  USBIEPCNT_0                            
0000092e  USBIEPIE                               
00000930  USBIEPIFG                              
000023cf  USBIEPSIZXY_1                          
000023d7  USBIEPSIZXY_2                          
000023df  USBIEPSIZXY_3                          
000023e7  USBIEPSIZXY_4                          
000023ef  USBIEPSIZXY_5                          
000023f7  USBIEPSIZXY_6                          
000023ff  USBIEPSIZXY_7                          
0000093e  USBIFG                                 
00000900  USBKEYID                               
00000901  USBKEYID_H                             
00000900  USBKEYID_L                             
00000936  USBMAINT                               
00000937  USBMAINT_H                             
00000936  USBMAINT_L                             
00002370  USBOEP0BUF                             
00002389  USBOEPBBAX_1                           
00002391  USBOEPBBAX_2                           
00002399  USBOEPBBAX_3                           
000023a1  USBOEPBBAX_4                           
000023a9  USBOEPBBAX_5                           
000023b1  USBOEPBBAX_6                           
000023b9  USBOEPBBAX_7                           
0000238d  USBOEPBBAY_1                           
00002395  USBOEPBBAY_2                           
0000239d  USBOEPBBAY_3                           
000023a5  USBOEPBBAY_4                           
000023ad  USBOEPBBAY_5                           
000023b5  USBOEPBBAY_6                           
000023bd  USBOEPBBAY_7                           
0000238a  USBOEPBCTX_1                           
00002392  USBOEPBCTX_2                           
0000239a  USBOEPBCTX_3                           
000023a2  USBOEPBCTX_4                           
000023aa  USBOEPBCTX_5                           
000023b2  USBOEPBCTX_6                           
000023ba  USBOEPBCTX_7                           
0000238e  USBOEPBCTY_1                           
00002396  USBOEPBCTY_2                           
0000239e  USBOEPBCTY_3                           
000023a6  USBOEPBCTY_4                           
000023ae  USBOEPBCTY_5                           
000023b6  USBOEPBCTY_6                           
000023be  USBOEPBCTY_7                           
00000922  USBOEPCNF_0                            
00002388  USBOEPCNF_1                            
00002390  USBOEPCNF_2                            
00002398  USBOEPCNF_3                            
000023a0  USBOEPCNF_4                            
000023a8  USBOEPCNF_5                            
000023b0  USBOEPCNF_6                            
000023b8  USBOEPCNF_7                            
00000923  USBOEPCNT_0                            
0000092f  USBOEPIE                               
00000931  USBOEPIFG                              
0000238f  USBOEPSIZXY_1                          
00002397  USBOEPSIZXY_2                          
0000239f  USBOEPSIZXY_3                          
000023a7  USBOEPSIZXY_4                          
000023af  USBOEPSIZXY_5                          
000023b7  USBOEPSIZXY_6                          
000023bf  USBOEPSIZXY_7                          
00000904  USBPHYCTL                              
00000905  USBPHYCTL_H                            
00000904  USBPHYCTL_L                            
00000910  USBPLLCTL                              
00000911  USBPLLCTL_H                            
00000910  USBPLLCTL_L                            
00000912  USBPLLDIVB                             
00000913  USBPLLDIVB_H                           
00000912  USBPLLDIVB_L                           
00000914  USBPLLIR                               
00000915  USBPLLIR_H                             
00000914  USBPLLIR_L                             
00000908  USBPWRCTL                              
00000909  USBPWRCTL_H                            
00000908  USBPWRCTL_L                            
00001c00  USBSTABUFF                             
00002380  USBSUBLK                               
0000236f  USBTOPBUFF                             
00000938  USBTSREG                               
00000939  USBTSREG_H                             
00000938  USBTSREG_L                             
00000932  USBVECINT                              
00000933  USBVECINT_H                            
00000932  USBVECINT_L                            
0000441e  USCI_A0_ISR                            
00004400  USCI_B0_ISR                            
0000443a  USCI_B1_ISR                            
0000015c  WDTCTL                                 
0000015d  WDTCTL_H                               
0000015c  WDTCTL_L                               
00004472  WDT_ISR                                
00017196  WriteSPI                               
00004400  __STACK_END                            
000000a0  __STACK_SIZE                           
0000753c  __TI_CINIT_Base                        
0000754c  __TI_CINIT_Limit                       
0000752a  __TI_Handler_Table_Base                
00007536  __TI_Handler_Table_Limit               
0000447c  __TI_ISR_TRAP                          
00016d74  __TI_auto_init_nobinit_nopinit_hold_wdt
00016a46  __TI_decompress_lzss                   
00017612  __TI_decompress_none                   
0001434e  __TI_frcaddd                           
00011914  __TI_frcdivd                           
0001370a  __TI_frcmpyd                           
0000ffd2  __TI_int41                             
0000ffd4  __TI_int42                             
0000ffd6  __TI_int43                             
0000ffd8  __TI_int44                             
0000ffda  __TI_int45                             
0000ffdc  __TI_int46                             
0000ffde  __TI_int47                             
0000ffe0  __TI_int48                             
0000ffe2  __TI_int49                             
0000ffe4  __TI_int50                             
0000ffe6  __TI_int51                             
0000ffe8  __TI_int52                             
0000ffea  __TI_int53                             
0000ffec  __TI_int54                             
0000ffee  __TI_int55                             
0000fff0  __TI_int56                             
0000fff2  __TI_int57                             
0000fff4  __TI_int58                             
0000fff6  __TI_int59                             
0000fff8  __TI_int60                             
0000fffa  __TI_int61                             
0000fffc  __TI_int62                             
000168d6  __TI_ltoa                              
ffffffff  __TI_pprof_out_hndl                    
00013464  __TI_printfi                           
ffffffff  __TI_prof_data_size                    
ffffffff  __TI_prof_data_start                   
00016230  __TI_renormd                           
000173f2  __TI_zero_init_nomemset                
ffffffff  __c_args__                             
00012ea6  __mspabi_addd                          
00015904  __mspabi_addf                          
00015e66  __mspabi_cmpd                          
00016eb4  __mspabi_cmpf                          
000167c0  __mspabi_cvtdf                         
00016bf6  __mspabi_cvtfd                         
000147ba  __mspabi_divd                          
00016730  __mspabi_divf                          
00016f82  __mspabi_divli                         
00017572  __mspabi_divu                          
00016d1c  __mspabi_divul                         
0001254c  __mspabi_divull                        
0001737c  __mspabi_fixdi                         
00016b90  __mspabi_fixdli                        
00017600  __mspabi_fixdu                         
00016b28  __mspabi_fixdul                        
000176aa  __mspabi_fltid                         
000171cc  __mspabi_fltif                         
000164de  __mspabi_fltlid                        
00017416  __mspabi_fltuf                         
000140e8  __mspabi_mpyd                          
000160c2  __mspabi_mpyf                          
0001752e  __mspabi_mpyi_f5hw                     
0001743a  __mspabi_mpyl_f5hw                     
000172f6  __mspabi_negd                          
00016f82  __mspabi_remli                         
00017572  __mspabi_remu                          
00016d1c  __mspabi_remul                         
000176cc  __mspabi_slli                          
0001767c  __mspabi_slll                          
00017038  __mspabi_slll_1                        
00017014  __mspabi_slll_10                       
00017010  __mspabi_slll_11                       
0001700c  __mspabi_slll_12                       
00017008  __mspabi_slll_13                       
00017004  __mspabi_slll_14                       
00017000  __mspabi_slll_15                       
00017034  __mspabi_slll_2                        
00017030  __mspabi_slll_3                        
0001702c  __mspabi_slll_4                        
00017028  __mspabi_slll_5                        
00017024  __mspabi_slll_6                        
00017020  __mspabi_slll_7                        
0001701c  __mspabi_slll_8                        
00017018  __mspabi_slll_9                        
0001707c  __mspabi_sllll                         
0001766c  __mspabi_sral                          
00016ffa  __mspabi_sral_1                        
00016fd6  __mspabi_sral_10                       
00016fd2  __mspabi_sral_11                       
00016fce  __mspabi_sral_12                       
00016fca  __mspabi_sral_13                       
00016fc6  __mspabi_sral_14                       
00016fc2  __mspabi_sral_15                       
00016ff6  __mspabi_sral_2                        
00016ff2  __mspabi_sral_3                        
00016fee  __mspabi_sral_4                        
00016fea  __mspabi_sral_5                        
00016fe6  __mspabi_sral_6                        
00016fe2  __mspabi_sral_7                        
00016fde  __mspabi_sral_8                        
00016fda  __mspabi_sral_9                        
000176d6  __mspabi_srli                          
0001768c  __mspabi_srll                          
00017076  __mspabi_srll_1                        
00017052  __mspabi_srll_10                       
0001704e  __mspabi_srll_11                       
0001704a  __mspabi_srll_12                       
00017046  __mspabi_srll_13                       
00017042  __mspabi_srll_14                       
0001703e  __mspabi_srll_15                       
00017072  __mspabi_srll_2                        
0001706e  __mspabi_srll_3                        
0001706a  __mspabi_srll_4                        
00017066  __mspabi_srll_5                        
00017062  __mspabi_srll_6                        
0001705e  __mspabi_srll_7                        
0001705a  __mspabi_srll_8                        
00017056  __mspabi_srll_9                        
000170b6  __mspabi_srlll                         
00017236  __mspabi_subd                          
000158fe  __mspabi_subf                          
00004456  _c_int00_noargs                        
00007288  _ctypes_                               
0000fffe  _reset_vector                          
00004360  _stack                                 
000176ea  _system_post_cinit                     
000176e6  _system_pre_init                       
00002400  a0                                     
00002404  a1                                     
00002408  a2                                     
000176e0  abort                                  
000176c2  abs                                    
00016c5a  atoi                                   
0001617a  average_voltage_caculate               
0000244a  back                                   
00006e14  c_chFont1206                           
00006824  c_chFont1608                           
00005c44  c_chFont1616                           
00004484  c_chFont3216                           
0001289a  cc_mode_adc2_feedback                  
0000244d  confirm                                
00017324  copysign                               
00017324  copysignl                              
00012ba0  cr_mode_adc2_feedback                  
00017624  device_init                            
00002458  dianliu                                
00002462  dianya                                 
00002414  dianyuan                               
0000246c  dianzu                                 
00002420  diaplay_i_flag                         
00011d7a  display_value                          
00017636  driver_init                            
00002452  errno                                  
00007508  fonts_height                           
0000750c  fonts_width                            
00016438  frexp                                  
00016438  frexpl                                 
0001216a  get_ads1118_sample_voltage             
0000244e  hold                                   
0000248e  i                                      
0000244b  jiantou                                
0000244c  jiemian                                
000175c6  key_init                               
0001565c  ldexp                                  
0001565c  ldexpl                                 
000174c4  main                                   
000173cc  memccpy                                
000175da  memcpy                                 
0001755c  memset                                 
00016dc8  mode_choose_interface                  
00002490  n                                      
00010000  pow                                    
[...]
00000734  ADC12MEM10                             
00000734  ADC12MEM10_L                           
00000735  ADC12MEM10_H                           
00000736  ADC12MEM11                             
00000736  ADC12MEM11_L                           
00000737  ADC12MEM11_H                           
00000738  ADC12MEM12                             
00000738  ADC12MEM12_L                           
00000739  ADC12MEM12_H                           
0000073a  ADC12MEM13                             
0000073a  ADC12MEM13_L                           
0000073b  ADC12MEM13_H                           
0000073c  ADC12MEM14                             
0000073c  ADC12MEM14_L                           
0000073d  ADC12MEM14_H                           
0000073e  ADC12MEM15                             
0000073e  ADC12MEM15_L                           
0000073f  ADC12MEM15_H                           
000008c0  CBCTL0                                 
000008c0  CBCTL0_L                               
000008c1  CBCTL0_H                               
000008c2  CBCTL1                                 
000008c2  CBCTL1_L                               
000008c3  CBCTL1_H                               
000008c4  CBCTL2                                 
000008c4  CBCTL2_L                               
000008c5  CBCTL2_H                               
000008c6  CBCTL3                                 
000008c6  CBCTL3_L                               
000008c7  CBCTL3_H                               
000008cc  CBINT                                  
000008cc  CBINT_L                                
000008cd  CBINT_H                                
000008ce  CBIV                                   
00000900  USBKEYID                               
00000900  USBKEYID_L                             
00000901  USBKEYID_H                             
00000902  USBCNF                                 
00000902  USBCNF_L                               
00000903  USBCNF_H                               
00000904  USBPHYCTL                              
00000904  USBPHYCTL_L                            
00000905  USBPHYCTL_H                            
00000908  USBPWRCTL                              
00000908  USBPWRCTL_L                            
00000909  USBPWRCTL_H                            
00000910  USBPLLCTL                              
00000910  USBPLLCTL_L                            
00000911  USBPLLCTL_H                            
00000912  USBPLLDIVB                             
00000912  USBPLLDIVB_L                           
00000913  USBPLLDIVB_H                           
00000914  USBPLLIR                               
00000914  USBPLLIR_L                             
00000915  USBPLLIR_H                             
00000920  USBIEPCNF_0                            
00000921  USBIEPCNT_0                            
00000922  USBOEPCNF_0                            
00000923  USBOEPCNT_0                            
0000092e  USBIEPIE                               
0000092f  USBOEPIE                               
00000930  USBIEPIFG                              
00000931  USBOEPIFG                              
00000932  USBVECINT                              
00000932  USBVECINT_L                            
00000933  USBVECINT_H                            
00000936  USBMAINT                               
00000936  USBMAINT_L                             
00000937  USBMAINT_H                             
00000938  USBTSREG                               
00000938  USBTSREG_L                             
00000939  USBTSREG_H                             
0000093a  USBFN                                  
0000093a  USBFN_L                                
0000093b  USBFN_H                                
0000093c  USBCTL                                 
0000093d  USBIE                                  
0000093e  USBIFG                                 
0000093f  USBFUNADR                              
00001c00  USBSTABUFF                             
0000236f  USBTOPBUFF                             
00002370  USBOEP0BUF                             
00002378  USBIEP0BUF                             
00002380  USBSUBLK                               
00002388  USBOEPCNF_1                            
00002389  USBOEPBBAX_1                           
0000238a  USBOEPBCTX_1                           
0000238d  USBOEPBBAY_1                           
0000238e  USBOEPBCTY_1                           
0000238f  USBOEPSIZXY_1                          
00002390  USBOEPCNF_2                            
00002391  USBOEPBBAX_2                           
00002392  USBOEPBCTX_2                           
00002395  USBOEPBBAY_2                           
00002396  USBOEPBCTY_2                           
00002397  USBOEPSIZXY_2                          
00002398  USBOEPCNF_3                            
00002399  USBOEPBBAX_3                           
0000239a  USBOEPBCTX_3                           
0000239d  USBOEPBBAY_3                           
0000239e  USBOEPBCTY_3                           
0000239f  USBOEPSIZXY_3                          
000023a0  USBOEPCNF_4                            
000023a1  USBOEPBBAX_4                           
000023a2  USBOEPBCTX_4                           
000023a5  USBOEPBBAY_4                           
000023a6  USBOEPBCTY_4                           
000023a7  USBOEPSIZXY_4                          
000023a8  USBOEPCNF_5                            
000023a9  USBOEPBBAX_5                           
000023aa  USBOEPBCTX_5                           
000023ad  USBOEPBBAY_5                           
000023ae  USBOEPBCTY_5                           
000023af  USBOEPSIZXY_5                          
000023b0  USBOEPCNF_6                            
000023b1  USBOEPBBAX_6                           
000023b2  USBOEPBCTX_6                           
000023b5  USBOEPBBAY_6                           
000023b6  USBOEPBCTY_6                           
000023b7  USBOEPSIZXY_6                          
000023b8  USBOEPCNF_7                            
000023b9  USBOEPBBAX_7                           
000023ba  USBOEPBCTX_7                           
000023bd  USBOEPBBAY_7                           
000023be  USBOEPBCTY_7                           
000023bf  USBOEPSIZXY_7                          
000023c8  USBIEPCNF_1                            
000023c9  USBIEPBBAX_1                           
000023ca  USBIEPBCTX_1                           
000023cd  USBIEPBBAY_1                           
000023ce  USBIEPBCTY_1                           
000023cf  USBIEPSIZXY_1                          
000023d0  USBIEPCNF_2                            
000023d1  USBIEPBBAX_2                           
000023d2  USBIEPBCTX_2                           
000023d5  USBIEPBBAY_2                           
000023d6  USBIEPBCTY_2                           
000023d7  USBIEPSIZXY_2                          
000023d8  USBIEPCNF_3                            
000023d9  USBIEPBBAX_3                           
000023da  USBIEPBCTX_3                           
000023dd  USBIEPBBAY_3                           
000023de  USBIEPBCTY_3                           
000023df  USBIEPSIZXY_3                          
000023e0  USBIEPCNF_4                            
000023e1  USBIEPBBAX_4                           
000023e2  USBIEPBCTX_4                           
000023e5  USBIEPBBAY_4                           
000023e6  USBIEPBCTY_4                           
000023e7  USBIEPSIZXY_4                          
000023e8  USBIEPCNF_5                            
000023e9  USBIEPBBAX_5                           
000023ea  USBIEPBCTX_5                           
000023ed  USBIEPBBAY_5                           
000023ee  USBIEPBCTY_5                           
000023ef  USBIEPSIZXY_5                          
000023f0  USBIEPCNF_6                            
000023f1  USBIEPBBAX_6                           
000023f2  USBIEPBCTX_6                           
000023f5  USBIEPBBAY_6                           
000023f6  USBIEPBCTY_6                           
000023f7  USBIEPSIZXY_6                          
000023f8  USBIEPCNF_7                            
000023f9  USBIEPBBAX_7                           
000023fa  USBIEPBCTX_7                           
000023fd  USBIEPBBAY_7                           
000023fe  USBIEPBCTY_7                           
000023ff  USBIEPSIZXY_7                          
00002400  a0                                     
00002404  a1                                     
00002408  a2                                     
0000240c  CC_value_fact                          
00002410  CV_value_fact                          
00002414  dianyuan                               
00002418  CR_value_fact                          
0000241c  CR_current_fact                        
00002420  diaplay_i_flag                         
00002432  CC_value                               
00002436  CC_voltage                             
0000243a  CV_value                               
0000243e  CR_value                               
00002442  CR_voltage                             
00002446  CR_current                             
0000244a  back                                   
0000244b  jiantou                                
0000244c  jiemian                                
0000244d  confirm                                
0000244e  hold                                   
00002452  errno                                  
00002458  dianliu                                
00002462  dianya                                 
0000246c  dianzu                                 
0000248e  i                                      
00002490  n                                      
00004360  _stack                                 
00004400  USCI_B0_ISR                            
00004400  __STACK_END                            
0000441e  USCI_A0_ISR                            
0000443a  USCI_B1_ISR                            
00004456  _c_int00_noargs                        
00004472  WDT_ISR                                
0000447c  __TI_ISR_TRAP                          
00004484  c_chFont3216                           
00005c44  c_chFont1616                           
00006824  c_chFont1608                           
00006e14  c_chFont1206                           
00007288  _ctypes_                               
00007508  fonts_height                           
0000750c  fonts_width                            
0000752a  __TI_Handler_Table_Base                
00007536  __TI_Handler_Table_Limit               
0000753c  __TI_CINIT_Base                        
0000754c  __TI_CINIT_Limit                       
0000ffd2  __TI_int41                             
0000ffd4  __TI_int42                             
0000ffd6  __TI_int43                             
0000ffd8  __TI_int44                             
0000ffda  __TI_int45                             
0000ffdc  __TI_int46                             
0000ffde  __TI_int47                             
0000ffe0  __TI_int48                             
0000ffe2  __TI_int49                             
0000ffe4  __TI_int50                             
0000ffe6  __TI_int51                             
0000ffe8  __TI_int52                             
0000ffea  __TI_int53                             
0000ffec  __TI_int54                             
0000ffee  __TI_int55                             
0000fff0  __TI_int56                             
0000fff2  __TI_int57                             
0000fff4  __TI_int58                             
0000fff6  __TI_int59                             
0000fff8  __TI_int60                             
0000fffa  __TI_int61                             
0000fffc  __TI_int62                             
0000fffe  _reset_vector                          
00010000  pow                                    
00010000  powl                                   
00011148  P2_IODect                              
00011914  __TI_frcdivd                           
00011d7a  display_value                          
00011d7a  user_loop                              
0001216a  get_ads1118_sample_voltage             
0001254c  __mspabi_divull                        
0001289a  cc_mode_adc2_feedback                  
00012ba0  cr_mode_adc2_feedback                  
00012ea6  __mspabi_addd                          
00013186  sqrt                                   
00013186  sqrtl                                  
00013464  __TI_printfi                           
0001370a  __TI_frcmpyd                           
000140e8  __mspabi_mpyd                          
0001434e  __TI_frcaddd                           
000147ba  __mspabi_divd                          
00014be8  ADS1118                                
00014fb6  ssd1351_init                           
0001565c  ldexp                                  
0001565c  ldexpl                                 
0001565c  scalbn                                 
0001565c  scalbnl                                
000158fe  __mspabi_subf                          
00015904  __mspabi_addf                          
00015b58  ssd1351_display_char                   
00015e66  __mspabi_cmpd                          
00016006  IIC_TR                                 
000160c2  __mspabi_mpyf                          
0001617a  average_voltage_caculate               
00016230  __TI_renormd                           
000162e2  DAC8571_OUT                            
00016438  frexp                                  
00016438  frexpl                                 
000164de  __mspabi_fltlid                        
0001657c  ssd1351_draw_h_line                    
00016730  __mspabi_divf                          
000167c0  __mspabi_cvtdf                         
0001684c  ssd1351_display_string                 
000168d6  __TI_ltoa                              
000169ce  ssd1351_clear_gram                     
00016a46  __TI_decompress_lzss                   
00016abc  ssd1351_draw_point                     
00016b28  __mspabi_fixdul                        
00016b90  __mspabi_fixdli                        
00016bf6  __mspabi_cvtfd                         
00016c5a  atoi                                   
00016cbc  ucs_init                               
00016d1c  __mspabi_divul                         
00016d1c  __mspabi_remul                         
00016d74  __TI_auto_init_nobinit_nopinit_hold_wdt
00016dc8  mode_choose_interface                  
00016eb4  __mspabi_cmpf                          
00016efe  sprintf                                
00016f42  ADS_Read                               
00016f82  __mspabi_divli                         
00016f82  __mspabi_remli                         
00016fc2  __mspabi_sral_15                       
00016fc6  __mspabi_sral_14                       
00016fca  __mspabi_sral_13                       
00016fce  __mspabi_sral_12                       
00016fd2  __mspabi_sral_11                       
00016fd6  __mspabi_sral_10                       
00016fda  __mspabi_sral_9                        
00016fde  __mspabi_sral_8                        
00016fe2  __mspabi_sral_7                        
00016fe6  __mspabi_sral_6                        
00016fea  __mspabi_sral_5                        
00016fee  __mspabi_sral_4                        
00016ff2  __mspabi_sral_3                        
00016ff6  __mspabi_sral_2                        
00016ffa  __mspabi_sral_1                        
00017000  __mspabi_slll_15                       
00017004  __mspabi_slll_14                       
00017008  __mspabi_slll_13                       
0001700c  __mspabi_slll_12                       
00017010  __mspabi_slll_11                       
00017014  __mspabi_slll_10                       
00017018  __mspabi_slll_9                        
0001701c  __mspabi_slll_8                        
00017020  __mspabi_slll_7                        
00017024  __mspabi_slll_6                        
00017028  __mspabi_slll_5                        
0001702c  __mspabi_slll_4                        
00017030  __mspabi_slll_3                        
00017034  __mspabi_slll_2                        
00017038  __mspabi_slll_1                        
0001703e  __mspabi_srll_15                       
00017042  __mspabi_srll_14                       
00017046  __mspabi_srll_13                       
0001704a  __mspabi_srll_12                       
0001704e  __mspabi_srll_11                       
00017052  __mspabi_srll_10                       
00017056  __mspabi_srll_9                        
0001705a  __mspabi_srll_8                        
0001705e  __mspabi_srll_7                        
00017062  __mspabi_srll_6                        
00017066  __mspabi_srll_5                        
0001706a  __mspabi_srll_4                        
0001706e  __mspabi_srll_3                        
00017072  __mspabi_srll_2                        
00017076  __mspabi_srll_1                        
0001707c  __mspabi_sllll                         
000170b6  __mspabi_srlll                         
000170f0  IIC_START                              
00017128  usci_a0_spi_transmit_frame             
00017160  IIC_STOP                               
00017196  WriteSPI                               
000171cc  __mspabi_fltif                         
00017202  usci_a0_spi_init                       
00017236  __mspabi_subd                          
00017298  usci_b0_i2c_rx_isr_handle              
000172c8  DAC_Init                               
000172f6  __mspabi_negd                          
00017324  copysign                               
00017324  copysignl                              
00017352  usci_a0_spi_rx_isr_handle              
0001737c  __mspabi_fixdi                         
000173a4  usci_b0_i2c_tx_isr_handle              
000173cc  memccpy                                
000173f2  __TI_zero_init_nomemset                
00017416  __mspabi_fltuf                         
0001743a  __mspabi_mpyl_f5hw                     
0001745e  usci_a0_spi_tx_isr_handle              
00017482  usci_b1_spi_tx_isr_handle              
000174c4  main                                   
000174e0  strchr                                 
000174fc  usci_b1_spi_rx_isr_handle              
00017516  ADS1118_Config                         
0001752e  __mspabi_mpyi_f5hw                     
00017546  IIC_OVER                               
0001755c  memset                                 
00017572  __mspabi_divu                          
00017572  __mspabi_remu                          
00017588  wcslen                                 
0001759e  DAC8571_Init                           
000175c6  key_init                               
000175da  memcpy                                 
000175ee  ADS1118_Init                           
00017600  __mspabi_fixdu                         
00017612  __TI_decompress_none                   
00017624  device_init                            
00017636  driver_init                            
00017648  soft_i2c_init                          
0001765a  toupper                                
0001766c  __mspabi_sral                          
0001767c  __mspabi_slll                          
0001768c  __mspabi_srll                          
0001769c  strlen                                 
000176aa  __mspabi_fltid                         
000176b6  wdt_init                               
000176c2  abs                                    
000176cc  __mspabi_slli                          
000176d6  __mspabi_srli                          
000176e0  C$$EXIT                                
000176e0  abort                                  
000176e6  _system_pre_init                       
000176ea  _system_post_cinit                     
ffffffff  __TI_pprof_out_hndl                    
ffffffff  __TI_prof_data_size                    
ffffffff  __TI_prof_data_start                   
ffffffff  __c_args__                             

[962 symbols]
