<?xml version="1.0" encoding="ISO-8859-1" ?>
<link_info>
   <banner>MSP430 Linker PC v20.2.1.LTS</banner>
   <copyright>Copyright (c) 2003-2018 Texas Instruments Incorporated</copyright>
   <link_time>0x5f1e4170</link_time>
   <link_errors>0x0</link_errors>
   <output_file>Minisys_new_msp430f5529_beta4.0.out</output_file>
   <entry_point>
      <name>_c_int00_noargs</name>
      <address>0x4456</address>
   </entry_point>
   <input_file_list>
      <input_file id="fl-2">
         <path>.\src\device\</path>
         <kind>object</kind>
         <file>soft_i2c.obj</file>
         <name>soft_i2c.obj</name>
      </input_file>
      <input_file id="fl-3">
         <path>.\src\device\</path>
         <kind>object</kind>
         <file>soft_spi.obj</file>
         <name>soft_spi.obj</name>
      </input_file>
      <input_file id="fl-4">
         <path>.\src\device\</path>
         <kind>object</kind>
         <file>ucs.obj</file>
         <name>ucs.obj</name>
      </input_file>
      <input_file id="fl-5">
         <path>.\src\device\</path>
         <kind>object</kind>
         <file>usci_a0_spi.obj</file>
         <name>usci_a0_spi.obj</name>
      </input_file>
      <input_file id="fl-6">
         <path>.\src\device\</path>
         <kind>object</kind>
         <file>usci_a1_spi.obj</file>
         <name>usci_a1_spi.obj</name>
      </input_file>
      <input_file id="fl-7">
         <path>.\src\device\</path>
         <kind>object</kind>
         <file>usci_b0_i2c.obj</file>
         <name>usci_b0_i2c.obj</name>
      </input_file>
      <input_file id="fl-8">
         <path>.\src\device\</path>
         <kind>object</kind>
         <file>usci_b0_spi.obj</file>
         <name>usci_b0_spi.obj</name>
      </input_file>
      <input_file id="fl-9">
         <path>.\src\device\</path>
         <kind>object</kind>
         <file>usci_b1_i2c.obj</file>
         <name>usci_b1_i2c.obj</name>
      </input_file>
      <input_file id="fl-a">
         <path>.\src\device\</path>
         <kind>object</kind>
         <file>usci_b1_spi.obj</file>
         <name>usci_b1_spi.obj</name>
      </input_file>
      <input_file id="fl-b">
         <path>.\src\device\</path>
         <kind>object</kind>
         <file>wdt.obj</file>
         <name>wdt.obj</name>
      </input_file>
      <input_file id="fl-c">
         <path>.\src\driver\</path>
         <kind>object</kind>
         <file>ads1118.obj</file>
         <name>ads1118.obj</name>
      </input_file>
      <input_file id="fl-d">
         <path>.\src\driver\</path>
         <kind>object</kind>
         <file>dac8571.obj</file>
         <name>dac8571.obj</name>
      </input_file>
      <input_file id="fl-e">
         <path>.\src\driver\</path>
         <kind>object</kind>
         <file>key.obj</file>
         <name>key.obj</name>
      </input_file>
      <input_file id="fl-f">
         <path>.\src\driver\</path>
         <kind>object</kind>
         <file>led.obj</file>
         <name>led.obj</name>
      </input_file>
      <input_file id="fl-10">
         <path>.\src\driver\</path>
         <kind>object</kind>
         <file>ssd1351.obj</file>
         <name>ssd1351.obj</name>
      </input_file>
      <input_file id="fl-11">
         <path>.\src\</path>
         <kind>object</kind>
         <file>main.obj</file>
         <name>main.obj</name>
      </input_file>
      <input_file id="fl-12">
         <path>.\src\</path>
         <kind>object</kind>
         <file>vector.obj</file>
         <name>vector.obj</name>
      </input_file>
      <input_file id="fl-13">
         <path>.\src\system\</path>
         <kind>object</kind>
         <file>fonts.obj</file>
         <name>fonts.obj</name>
      </input_file>
      <input_file id="fl-14">
         <path>.\src\system\</path>
         <kind>object</kind>
         <file>init.obj</file>
         <name>init.obj</name>
      </input_file>
      <input_file id="fl-15">
         <path>.\src\system\</path>
         <kind>object</kind>
         <file>lut.obj</file>
         <name>lut.obj</name>
      </input_file>
      <input_file id="fl-16">
         <path>.\src\system\</path>
         <kind>object</kind>
         <file>user.obj</file>
         <name>user.obj</name>
      </input_file>
      <input_file id="fl-17">
         <path>.\src\user\</path>
         <kind>object</kind>
         <file>display_value.obj</file>
         <name>display_value.obj</name>
      </input_file>
      <input_file id="fl-1d">
         <kind>object</kind>
         <file>&lt;internal&gt;</file>
         <name>&lt;internal&gt;</name>
      </input_file>
      <input_file id="fl-38">
         <path>C:\ti\ccs1010\ccs\tools\compiler\ti-cgt-msp430_20.2.1.LTS\lib\</path>
         <kind>archive</kind>
         <file>rts430x_lc_rd_eabi.lib</file>
         <name>e_pow.c.obj</name>
      </input_file>
      <input_file id="fl-39">
         <path>C:\ti\ccs1010\ccs\tools\compiler\ti-cgt-msp430_20.2.1.LTS\lib\</path>
         <kind>archive</kind>
         <file>rts430x_lc_rd_eabi.lib</file>
         <name>e_sqrt.c.obj</name>
      </input_file>
      <input_file id="fl-3a">
         <path>C:\ti\ccs1010\ccs\tools\compiler\ti-cgt-msp430_20.2.1.LTS\lib\</path>
         <kind>archive</kind>
         <file>rts430x_lc_rd_eabi.lib</file>
         <name>s_scalbn.c.obj</name>
      </input_file>
      <input_file id="fl-3b">
         <path>C:\ti\ccs1010\ccs\tools\compiler\ti-cgt-msp430_20.2.1.LTS\lib\</path>
         <kind>archive</kind>
         <file>rts430x_lc_rd_eabi.lib</file>
         <name>sprintf.c.obj</name>
      </input_file>
      <input_file id="fl-3c">
         <path>C:\ti\ccs1010\ccs\tools\compiler\ti-cgt-msp430_20.2.1.LTS\lib\</path>
         <kind>archive</kind>
         <file>rts430x_lc_rd_eabi.lib</file>
         <name>s_copysign.c.obj</name>
      </input_file>
      <input_file id="fl-3d">
         <path>C:\ti\ccs1010\ccs\tools\compiler\ti-cgt-msp430_20.2.1.LTS\lib\</path>
         <kind>archive</kind>
         <file>rts430x_lc_rd_eabi.lib</file>
         <name>asr16.asm.obj</name>
      </input_file>
      <input_file id="fl-3e">
         <path>C:\ti\ccs1010\ccs\tools\compiler\ti-cgt-msp430_20.2.1.LTS\lib\</path>
         <kind>archive</kind>
         <file>rts430x_lc_rd_eabi.lib</file>
         <name>asr32.asm.obj</name>
      </input_file>
      <input_file id="fl-3f">
         <path>C:\ti\ccs1010\ccs\tools\compiler\ti-cgt-msp430_20.2.1.LTS\lib\</path>
         <kind>archive</kind>
         <file>rts430x_lc_rd_eabi.lib</file>
         <name>div32u.asm.obj</name>
      </input_file>
      <input_file id="fl-40">
         <path>C:\ti\ccs1010\ccs\tools\compiler\ti-cgt-msp430_20.2.1.LTS\lib\</path>
         <kind>archive</kind>
         <file>rts430x_lc_rd_eabi.lib</file>
         <name>fs_add.asm.obj</name>
      </input_file>
      <input_file id="fl-41">
         <path>C:\ti\ccs1010\ccs\tools\compiler\ti-cgt-msp430_20.2.1.LTS\lib\</path>
         <kind>archive</kind>
         <file>rts430x_lc_rd_eabi.lib</file>
         <name>fs_cmp.asm.obj</name>
      </input_file>
      <input_file id="fl-42">
         <path>C:\ti\ccs1010\ccs\tools\compiler\ti-cgt-msp430_20.2.1.LTS\lib\</path>
         <kind>archive</kind>
         <file>rts430x_lc_rd_eabi.lib</file>
         <name>fs_div.asm.obj</name>
      </input_file>
      <input_file id="fl-43">
         <path>C:\ti\ccs1010\ccs\tools\compiler\ti-cgt-msp430_20.2.1.LTS\lib\</path>
         <kind>archive</kind>
         <file>rts430x_lc_rd_eabi.lib</file>
         <name>fs_itof.asm.obj</name>
      </input_file>
      <input_file id="fl-44">
         <path>C:\ti\ccs1010\ccs\tools\compiler\ti-cgt-msp430_20.2.1.LTS\lib\</path>
         <kind>archive</kind>
         <file>rts430x_lc_rd_eabi.lib</file>
         <name>fs_mpy.asm.obj</name>
      </input_file>
      <input_file id="fl-45">
         <path>C:\ti\ccs1010\ccs\tools\compiler\ti-cgt-msp430_20.2.1.LTS\lib\</path>
         <kind>archive</kind>
         <file>rts430x_lc_rd_eabi.lib</file>
         <name>fs_utof.asm.obj</name>
      </input_file>
      <input_file id="fl-46">
         <path>C:\ti\ccs1010\ccs\tools\compiler\ti-cgt-msp430_20.2.1.LTS\lib\</path>
         <kind>archive</kind>
         <file>rts430x_lc_rd_eabi.lib</file>
         <name>int41.asm.obj</name>
      </input_file>
      <input_file id="fl-47">
         <path>C:\ti\ccs1010\ccs\tools\compiler\ti-cgt-msp430_20.2.1.LTS\lib\</path>
         <kind>archive</kind>
         <file>rts430x_lc_rd_eabi.lib</file>
         <name>int42.asm.obj</name>
      </input_file>
      <input_file id="fl-48">
         <path>C:\ti\ccs1010\ccs\tools\compiler\ti-cgt-msp430_20.2.1.LTS\lib\</path>
         <kind>archive</kind>
         <file>rts430x_lc_rd_eabi.lib</file>
         <name>int43.asm.obj</name>
      </input_file>
      <input_file id="fl-49">
         <path>C:\ti\ccs1010\ccs\tools\compiler\ti-cgt-msp430_20.2.1.LTS\lib\</path>
         <kind>archive</kind>
         <file>rts430x_lc_rd_eabi.lib</file>
         <name>int44.asm.obj</name>
      </input_file>
      <input_file id="fl-4a">
         <path>C:\ti\ccs1010\ccs\tools\compiler\ti-cgt-msp430_20.2.1.LTS\lib\</path>
         <kind>archive</kind>
         <file>rts430x_lc_rd_eabi.lib</file>
         <name>int46.asm.obj</name>
      </input_file>
      <input_file id="fl-4b">
         <path>C:\ti\ccs1010\ccs\tools\compiler\ti-cgt-msp430_20.2.1.LTS\lib\</path>
         <kind>archive</kind>
         <file>rts430x_lc_rd_eabi.lib</file>
         <name>int47.asm.obj</name>
      </input_file>
      <input_file id="fl-4c">
         <path>C:\ti\ccs1010\ccs\tools\compiler\ti-cgt-msp430_20.2.1.LTS\lib\</path>
         <kind>archive</kind>
         <file>rts430x_lc_rd_eabi.lib</file>
         <name>int48.asm.obj</name>
      </input_file>
      <input_file id="fl-4d">
         <path>C:\ti\ccs1010\ccs\tools\compiler\ti-cgt-msp430_20.2.1.LTS\lib\</path>
         <kind>archive</kind>
         <file>rts430x_lc_rd_eabi.lib</file>
         <name>int49.asm.obj</name>
      </input_file>
      <input_file id="fl-4e">
         <path>C:\ti\ccs1010\ccs\tools\compiler\ti-cgt-msp430_20.2.1.LTS\lib\</path>
         <kind>archive</kind>
         <file>rts430x_lc_rd_eabi.lib</file>
         <name>int50.asm.obj</name>
      </input_file>
      <input_file id="fl-4f">
         <path>C:\ti\ccs1010\ccs\tools\compiler\ti-cgt-msp430_20.2.1.LTS\lib\</path>
         <kind>archive</kind>
         <file>rts430x_lc_rd_eabi.lib</file>
         <name>int51.asm.obj</name>
      </input_file>
      <input_file id="fl-50">
         <path>C:\ti\ccs1010\ccs\tools\compiler\ti-cgt-msp430_20.2.1.LTS\lib\</path>
         <kind>archive</kind>
         <file>rts430x_lc_rd_eabi.lib</file>
         <name>int52.asm.obj</name>
      </input_file>
      <input_file id="fl-51">
         <path>C:\ti\ccs1010\ccs\tools\compiler\ti-cgt-msp430_20.2.1.LTS\lib\</path>
         <kind>archive</kind>
         <file>rts430x_lc_rd_eabi.lib</file>
         <name>int53.asm.obj</name>
      </input_file>
      <input_file id="fl-52">
         <path>C:\ti\ccs1010\ccs\tools\compiler\ti-cgt-msp430_20.2.1.LTS\lib\</path>
         <kind>archive</kind>
         <file>rts430x_lc_rd_eabi.lib</file>
         <name>int54.asm.obj</name>
      </input_file>
      <input_file id="fl-53">
         <path>C:\ti\ccs1010\ccs\tools\compiler\ti-cgt-msp430_20.2.1.LTS\lib\</path>
         <kind>archive</kind>
         <file>rts430x_lc_rd_eabi.lib</file>
         <name>int58.asm.obj</name>
      </input_file>
      <input_file id="fl-54">
         <path>C:\ti\ccs1010\ccs\tools\compiler\ti-cgt-msp430_20.2.1.LTS\lib\</path>
         <kind>archive</kind>
         <file>rts430x_lc_rd_eabi.lib</file>
         <name>int59.asm.obj</name>
      </input_file>
      <input_file id="fl-55">
         <path>C:\ti\ccs1010\ccs\tools\compiler\ti-cgt-msp430_20.2.1.LTS\lib\</path>
         <kind>archive</kind>
         <file>rts430x_lc_rd_eabi.lib</file>
         <name>int60.asm.obj</name>
      </input_file>
      <input_file id="fl-56">
         <path>C:\ti\ccs1010\ccs\tools\compiler\ti-cgt-msp430_20.2.1.LTS\lib\</path>
         <kind>archive</kind>
         <file>rts430x_lc_rd_eabi.lib</file>
         <name>int61.asm.obj</name>
      </input_file>
      <input_file id="fl-57">
         <path>C:\ti\ccs1010\ccs\tools\compiler\ti-cgt-msp430_20.2.1.LTS\lib\</path>
         <kind>archive</kind>
         <file>rts430x_lc_rd_eabi.lib</file>
         <name>int62.asm.obj</name>
      </input_file>
      <input_file id="fl-58">
         <path>C:\ti\ccs1010\ccs\tools\compiler\ti-cgt-msp430_20.2.1.LTS\lib\</path>
         <kind>archive</kind>
         <file>rts430x_lc_rd_eabi.lib</file>
         <name>isr_trap.asm.obj</name>
      </input_file>
      <input_file id="fl-59">
         <path>C:\ti\ccs1010\ccs\tools\compiler\ti-cgt-msp430_20.2.1.LTS\lib\</path>
         <kind>archive</kind>
         <file>rts430x_lc_rd_eabi.lib</file>
         <name>lsl16.asm.obj</name>
      </input_file>
      <input_file id="fl-5a">
         <path>C:\ti\ccs1010\ccs\tools\compiler\ti-cgt-msp430_20.2.1.LTS\lib\</path>
         <kind>archive</kind>
         <file>rts430x_lc_rd_eabi.lib</file>
         <name>lsl32.asm.obj</name>
      </input_file>
      <input_file id="fl-5b">
         <path>C:\ti\ccs1010\ccs\tools\compiler\ti-cgt-msp430_20.2.1.LTS\lib\</path>
         <kind>archive</kind>
         <file>rts430x_lc_rd_eabi.lib</file>
         <name>lsr16.asm.obj</name>
      </input_file>
      <input_file id="fl-5c">
         <path>C:\ti\ccs1010\ccs\tools\compiler\ti-cgt-msp430_20.2.1.LTS\lib\</path>
         <kind>archive</kind>
         <file>rts430x_lc_rd_eabi.lib</file>
         <name>lsr32.asm.obj</name>
      </input_file>
      <input_file id="fl-5d">
         <path>C:\ti\ccs1010\ccs\tools\compiler\ti-cgt-msp430_20.2.1.LTS\lib\</path>
         <kind>archive</kind>
         <file>rts430x_lc_rd_eabi.lib</file>
         <name>mult16.asm.obj</name>
      </input_file>
      <input_file id="fl-5e">
         <path>C:\ti\ccs1010\ccs\tools\compiler\ti-cgt-msp430_20.2.1.LTS\lib\</path>
         <kind>archive</kind>
         <file>rts430x_lc_rd_eabi.lib</file>
         <name>mult16_f5hw.asm.obj</name>
      </input_file>
      <input_file id="fl-5f">
         <path>C:\ti\ccs1010\ccs\tools\compiler\ti-cgt-msp430_20.2.1.LTS\lib\</path>
         <kind>archive</kind>
         <file>rts430x_lc_rd_eabi.lib</file>
         <name>mult1632_f5hw.asm.obj</name>
      </input_file>
      <input_file id="fl-60">
         <path>C:\ti\ccs1010\ccs\tools\compiler\ti-cgt-msp430_20.2.1.LTS\lib\</path>
         <kind>archive</kind>
         <file>rts430x_lc_rd_eabi.lib</file>
         <name>mult32.asm.obj</name>
      </input_file>
      <input_file id="fl-61">
         <path>C:\ti\ccs1010\ccs\tools\compiler\ti-cgt-msp430_20.2.1.LTS\lib\</path>
         <kind>archive</kind>
         <file>rts430x_lc_rd_eabi.lib</file>
         <name>mult32_f5hw.asm.obj</name>
      </input_file>
      <input_file id="fl-62">
         <path>C:\ti\ccs1010\ccs\tools\compiler\ti-cgt-msp430_20.2.1.LTS\lib\</path>
         <kind>archive</kind>
         <file>rts430x_lc_rd_eabi.lib</file>
         <name>mult3264_f5hw.asm.obj</name>
      </input_file>
      <input_file id="fl-63">
         <path>C:\ti\ccs1010\ccs\tools\compiler\ti-cgt-msp430_20.2.1.LTS\lib\</path>
         <kind>archive</kind>
         <file>rts430x_lc_rd_eabi.lib</file>
         <name>mult64_f5hw.asm.obj</name>
      </input_file>
      <input_file id="fl-64">
         <path>C:\ti\ccs1010\ccs\tools\compiler\ti-cgt-msp430_20.2.1.LTS\lib\</path>
         <kind>archive</kind>
         <file>rts430x_lc_rd_eabi.lib</file>
         <name>boot.c.obj</name>
      </input_file>
      <input_file id="fl-65">
         <path>C:\ti\ccs1010\ccs\tools\compiler\ti-cgt-msp430_20.2.1.LTS\lib\</path>
         <kind>archive</kind>
         <file>rts430x_lc_rd_eabi.lib</file>
         <name>autoinit.c.obj</name>
      </input_file>
      <input_file id="fl-66">
         <path>C:\ti\ccs1010\ccs\tools\compiler\ti-cgt-msp430_20.2.1.LTS\lib\</path>
         <kind>archive</kind>
         <file>rts430x_lc_rd_eabi.lib</file>
         <name>copy_zero_init.c.obj</name>
      </input_file>
      <input_file id="fl-67">
         <path>C:\ti\ccs1010\ccs\tools\compiler\ti-cgt-msp430_20.2.1.LTS\lib\</path>
         <kind>archive</kind>
         <file>rts430x_lc_rd_eabi.lib</file>
         <name>cpy_tbl.c.obj</name>
      </input_file>
      <input_file id="fl-68">
         <path>C:\ti\ccs1010\ccs\tools\compiler\ti-cgt-msp430_20.2.1.LTS\lib\</path>
         <kind>archive</kind>
         <file>rts430x_lc_rd_eabi.lib</file>
         <name>mpu_init.c.obj</name>
      </input_file>
      <input_file id="fl-69">
         <path>C:\ti\ccs1010\ccs\tools\compiler\ti-cgt-msp430_20.2.1.LTS\lib\</path>
         <kind>archive</kind>
         <file>rts430x_lc_rd_eabi.lib</file>
         <name>lsr64.c.obj</name>
      </input_file>
      <input_file id="fl-6a">
         <path>C:\ti\ccs1010\ccs\tools\compiler\ti-cgt-msp430_20.2.1.LTS\lib\</path>
         <kind>archive</kind>
         <file>rts430x_lc_rd_eabi.lib</file>
         <name>pre_init.c.obj</name>
      </input_file>
      <input_file id="fl-6b">
         <path>C:\ti\ccs1010\ccs\tools\compiler\ti-cgt-msp430_20.2.1.LTS\lib\</path>
         <kind>archive</kind>
         <file>rts430x_lc_rd_eabi.lib</file>
         <name>startup.c.obj</name>
      </input_file>
      <input_file id="fl-6c">
         <path>C:\ti\ccs1010\ccs\tools\compiler\ti-cgt-msp430_20.2.1.LTS\lib\</path>
         <kind>archive</kind>
         <file>rts430x_lc_rd_eabi.lib</file>
         <name>copy_decompress_none.c.obj</name>
      </input_file>
      <input_file id="fl-6d">
         <path>C:\ti\ccs1010\ccs\tools\compiler\ti-cgt-msp430_20.2.1.LTS\lib\</path>
         <kind>archive</kind>
         <file>rts430x_lc_rd_eabi.lib</file>
         <name>copy_decompress_lzss.c.obj</name>
      </input_file>
      <input_file id="fl-6e">
         <path>C:\ti\ccs1010\ccs\tools\compiler\ti-cgt-msp430_20.2.1.LTS\lib\</path>
         <kind>archive</kind>
         <file>rts430x_lc_rd_eabi.lib</file>
         <name>addd.c.obj</name>
      </input_file>
      <input_file id="fl-6f">
         <path>C:\ti\ccs1010\ccs\tools\compiler\ti-cgt-msp430_20.2.1.LTS\lib\</path>
         <kind>archive</kind>
         <file>rts430x_lc_rd_eabi.lib</file>
         <name>cmpd.c.obj</name>
      </input_file>
      <input_file id="fl-70">
         <path>C:\ti\ccs1010\ccs\tools\compiler\ti-cgt-msp430_20.2.1.LTS\lib\</path>
         <kind>archive</kind>
         <file>rts430x_lc_rd_eabi.lib</file>
         <name>cvtfd.c.obj</name>
      </input_file>
      <input_file id="fl-71">
         <path>C:\ti\ccs1010\ccs\tools\compiler\ti-cgt-msp430_20.2.1.LTS\lib\</path>
         <kind>archive</kind>
         <file>rts430x_lc_rd_eabi.lib</file>
         <name>divd.c.obj</name>
      </input_file>
      <input_file id="fl-72">
         <path>C:\ti\ccs1010\ccs\tools\compiler\ti-cgt-msp430_20.2.1.LTS\lib\</path>
         <kind>archive</kind>
         <file>rts430x_lc_rd_eabi.lib</file>
         <name>fixdu.c.obj</name>
      </input_file>
      <input_file id="fl-73">
         <path>C:\ti\ccs1010\ccs\tools\compiler\ti-cgt-msp430_20.2.1.LTS\lib\</path>
         <kind>archive</kind>
         <file>rts430x_lc_rd_eabi.lib</file>
         <name>fixdul.c.obj</name>
      </input_file>
      <input_file id="fl-74">
         <path>C:\ti\ccs1010\ccs\tools\compiler\ti-cgt-msp430_20.2.1.LTS\lib\</path>
         <kind>archive</kind>
         <file>rts430x_lc_rd_eabi.lib</file>
         <name>fltlid.c.obj</name>
      </input_file>
      <input_file id="fl-75">
         <path>C:\ti\ccs1010\ccs\tools\compiler\ti-cgt-msp430_20.2.1.LTS\lib\</path>
         <kind>archive</kind>
         <file>rts430x_lc_rd_eabi.lib</file>
         <name>frcaddd.c.obj</name>
      </input_file>
      <input_file id="fl-76">
         <path>C:\ti\ccs1010\ccs\tools\compiler\ti-cgt-msp430_20.2.1.LTS\lib\</path>
         <kind>archive</kind>
         <file>rts430x_lc_rd_eabi.lib</file>
         <name>frcdivd.c.obj</name>
      </input_file>
      <input_file id="fl-77">
         <path>C:\ti\ccs1010\ccs\tools\compiler\ti-cgt-msp430_20.2.1.LTS\lib\</path>
         <kind>archive</kind>
         <file>rts430x_lc_rd_eabi.lib</file>
         <name>mpyd.c.obj</name>
      </input_file>
      <input_file id="fl-78">
         <path>C:\ti\ccs1010\ccs\tools\compiler\ti-cgt-msp430_20.2.1.LTS\lib\</path>
         <kind>archive</kind>
         <file>rts430x_lc_rd_eabi.lib</file>
         <name>negd.c.obj</name>
      </input_file>
      <input_file id="fl-79">
         <path>C:\ti\ccs1010\ccs\tools\compiler\ti-cgt-msp430_20.2.1.LTS\lib\</path>
         <kind>archive</kind>
         <file>rts430x_lc_rd_eabi.lib</file>
         <name>renormd.c.obj</name>
      </input_file>
      <input_file id="fl-7a">
         <path>C:\ti\ccs1010\ccs\tools\compiler\ti-cgt-msp430_20.2.1.LTS\lib\</path>
         <kind>archive</kind>
         <file>rts430x_lc_rd_eabi.lib</file>
         <name>subd.c.obj</name>
      </input_file>
      <input_file id="fl-7b">
         <path>C:\ti\ccs1010\ccs\tools\compiler\ti-cgt-msp430_20.2.1.LTS\lib\</path>
         <kind>archive</kind>
         <file>rts430x_lc_rd_eabi.lib</file>
         <name>cvtdf.c.obj</name>
      </input_file>
      <input_file id="fl-7c">
         <path>C:\ti\ccs1010\ccs\tools\compiler\ti-cgt-msp430_20.2.1.LTS\lib\</path>
         <kind>archive</kind>
         <file>rts430x_lc_rd_eabi.lib</file>
         <name>exit.c.obj</name>
      </input_file>
      <input_file id="fl-7d">
         <path>C:\ti\ccs1010\ccs\tools\compiler\ti-cgt-msp430_20.2.1.LTS\lib\</path>
         <kind>archive</kind>
         <file>rts430x_lc_rd_eabi.lib</file>
         <name>_lock.c.obj</name>
      </input_file>
      <input_file id="fl-7e">
         <path>C:\ti\ccs1010\ccs\tools\compiler\ti-cgt-msp430_20.2.1.LTS\lib\</path>
         <kind>archive</kind>
         <file>rts430x_lc_rd_eabi.lib</file>
         <name>args_main.c.obj</name>
      </input_file>
      <input_file id="fl-7f">
         <path>C:\ti\ccs1010\ccs\tools\compiler\ti-cgt-msp430_20.2.1.LTS\lib\</path>
         <kind>archive</kind>
         <file>rts430x_lc_rd_eabi.lib</file>
         <name>memcpy.c.obj</name>
      </input_file>
      <input_file id="fl-80">
         <path>C:\ti\ccs1010\ccs\tools\compiler\ti-cgt-msp430_20.2.1.LTS\lib\</path>
         <kind>archive</kind>
         <file>rts430x_lc_rd_eabi.lib</file>
         <name>memset.c.obj</name>
      </input_file>
      <input_file id="fl-81">
         <path>C:\ti\ccs1010\ccs\tools\compiler\ti-cgt-msp430_20.2.1.LTS\lib\</path>
         <kind>archive</kind>
         <file>rts430x_lc_rd_eabi.lib</file>
         <name>abs.c.obj</name>
      </input_file>
      <input_file id="fl-82">
         <path>C:\ti\ccs1010\ccs\tools\compiler\ti-cgt-msp430_20.2.1.LTS\lib\</path>
         <kind>archive</kind>
         <file>rts430x_lc_rd_eabi.lib</file>
         <name>errno.c.obj</name>
      </input_file>
      <input_file id="fl-83">
         <path>C:\ti\ccs1010\ccs\tools\compiler\ti-cgt-msp430_20.2.1.LTS\lib\</path>
         <kind>archive</kind>
         <file>rts430x_lc_rd_eabi.lib</file>
         <name>_printfi.c.obj</name>
      </input_file>
      <input_file id="fl-84">
         <path>C:\ti\ccs1010\ccs\tools\compiler\ti-cgt-msp430_20.2.1.LTS\lib\</path>
         <kind>archive</kind>
         <file>rts430x_lc_rd_eabi.lib</file>
         <name>wcslen.c.obj</name>
      </input_file>
      <input_file id="fl-85">
         <path>C:\ti\ccs1010\ccs\tools\compiler\ti-cgt-msp430_20.2.1.LTS\lib\</path>
         <kind>archive</kind>
         <file>rts430x_lc_rd_eabi.lib</file>
         <name>div16u.asm.obj</name>
      </input_file>
      <input_file id="fl-86">
         <path>C:\ti\ccs1010\ccs\tools\compiler\ti-cgt-msp430_20.2.1.LTS\lib\</path>
         <kind>archive</kind>
         <file>rts430x_lc_rd_eabi.lib</file>
         <name>exit_gvars.c.obj</name>
      </input_file>
      <input_file id="fl-87">
         <path>C:\ti\ccs1010\ccs\tools\compiler\ti-cgt-msp430_20.2.1.LTS\lib\</path>
         <kind>archive</kind>
         <file>rts430x_lc_rd_eabi.lib</file>
         <name>div64u.c.obj</name>
      </input_file>
      <input_file id="fl-88">
         <path>C:\ti\ccs1010\ccs\tools\compiler\ti-cgt-msp430_20.2.1.LTS\lib\</path>
         <kind>archive</kind>
         <file>rts430x_lc_rd_eabi.lib</file>
         <name>fixdi.c.obj</name>
      </input_file>
      <input_file id="fl-89">
         <path>C:\ti\ccs1010\ccs\tools\compiler\ti-cgt-msp430_20.2.1.LTS\lib\</path>
         <kind>archive</kind>
         <file>rts430x_lc_rd_eabi.lib</file>
         <name>fixdli.c.obj</name>
      </input_file>
      <input_file id="fl-8a">
         <path>C:\ti\ccs1010\ccs\tools\compiler\ti-cgt-msp430_20.2.1.LTS\lib\</path>
         <kind>archive</kind>
         <file>rts430x_lc_rd_eabi.lib</file>
         <name>fltid.c.obj</name>
      </input_file>
      <input_file id="fl-8b">
         <path>C:\ti\ccs1010\ccs\tools\compiler\ti-cgt-msp430_20.2.1.LTS\lib\</path>
         <kind>archive</kind>
         <file>rts430x_lc_rd_eabi.lib</file>
         <name>frcmpyd.c.obj</name>
      </input_file>
      <input_file id="fl-8c">
         <path>C:\ti\ccs1010\ccs\tools\compiler\ti-cgt-msp430_20.2.1.LTS\lib\</path>
         <kind>archive</kind>
         <file>rts430x_lc_rd_eabi.lib</file>
         <name>_ltoa.c.obj</name>
      </input_file>
      <input_file id="fl-8d">
         <path>C:\ti\ccs1010\ccs\tools\compiler\ti-cgt-msp430_20.2.1.LTS\lib\</path>
         <kind>archive</kind>
         <file>rts430x_lc_rd_eabi.lib</file>
         <name>atoi.c.obj</name>
      </input_file>
      <input_file id="fl-8e">
         <path>C:\ti\ccs1010\ccs\tools\compiler\ti-cgt-msp430_20.2.1.LTS\lib\</path>
         <kind>archive</kind>
         <file>rts430x_lc_rd_eabi.lib</file>
         <name>ctype.c.obj</name>
      </input_file>
      <input_file id="fl-8f">
         <path>C:\ti\ccs1010\ccs\tools\compiler\ti-cgt-msp430_20.2.1.LTS\lib\</path>
         <kind>archive</kind>
         <file>rts430x_lc_rd_eabi.lib</file>
         <name>memccpy.c.obj</name>
      </input_file>
      <input_file id="fl-90">
         <path>C:\ti\ccs1010\ccs\tools\compiler\ti-cgt-msp430_20.2.1.LTS\lib\</path>
         <kind>archive</kind>
         <file>rts430x_lc_rd_eabi.lib</file>
         <name>strchr.c.obj</name>
      </input_file>
      <input_file id="fl-91">
         <path>C:\ti\ccs1010\ccs\tools\compiler\ti-cgt-msp430_20.2.1.LTS\lib\</path>
         <kind>archive</kind>
         <file>rts430x_lc_rd_eabi.lib</file>
         <name>strlen.c.obj</name>
      </input_file>
      <input_file id="fl-92">
         <path>C:\ti\ccs1010\ccs\tools\compiler\ti-cgt-msp430_20.2.1.LTS\lib\</path>
         <kind>archive</kind>
         <file>rts430x_lc_rd_eabi.lib</file>
         <name>toupper.c.obj</name>
      </input_file>
      <input_file id="fl-93">
         <path>C:\ti\ccs1010\ccs\tools\compiler\ti-cgt-msp430_20.2.1.LTS\lib\</path>
         <kind>archive</kind>
         <file>rts430x_lc_rd_eabi.lib</file>
         <name>s_frexp.c.obj</name>
      </input_file>
      <input_file id="fl-94">
         <path>C:\ti\ccs1010\ccs\tools\compiler\ti-cgt-msp430_20.2.1.LTS\lib\</path>
         <kind>archive</kind>
         <file>rts430x_lc_rd_eabi.lib</file>
         <name>div32s.asm.obj</name>
      </input_file>
      <input_file id="fl-95">
         <path>C:\ti\ccs1010\ccs\tools\compiler\ti-cgt-msp430_20.2.1.LTS\lib\</path>
         <kind>archive</kind>
         <file>rts430x_lc_rd_eabi.lib</file>
         <name>lsl64.c.obj</name>
      </input_file>
   </input_file_list>
   <object_component_list>
      <object_component id="oc-468">
         <name>.bss</name>
         <uninitialized>true</uninitialized>
         <run_address>0x245c</run_address>
         <size>0x8</size>
         <input_file_ref idref="fl-5"/>
      </object_component>
      <object_component id="oc-462">
         <name>.bss</name>
         <uninitialized>true</uninitialized>
         <run_address>0x2464</run_address>
         <size>0x8</size>
         <input_file_ref idref="fl-7"/>
      </object_component>
      <object_component id="oc-45c">
         <name>.bss</name>
         <uninitialized>true</uninitialized>
         <run_address>0x246c</run_address>
         <size>0x8</size>
         <input_file_ref idref="fl-a"/>
      </object_component>
      <object_component id="oc-67d">
         <name>.common:i</name>
         <uninitialized>true</uninitialized>
         <run_address>0x2474</run_address>
         <size>0x2</size>
      </object_component>
      <object_component id="oc-680">
         <name>.common:n</name>
         <uninitialized>true</uninitialized>
         <run_address>0x2476</run_address>
         <size>0x2</size>
      </object_component>
      <object_component id="oc-60d">
         <name>.common:dianliu</name>
         <uninitialized>true</uninitialized>
         <run_address>0x2448</run_address>
         <size>0xa</size>
      </object_component>
      <object_component id="oc-604">
         <name>.common:dianya</name>
         <uninitialized>true</uninitialized>
         <run_address>0x2452</run_address>
         <size>0xa</size>
      </object_component>
      <object_component id="oc-465">
         <name>.data</name>
         <load_address>0x2444</load_address>
         <run_address>0x2444</run_address>
         <size>0x2</size>
         <input_file_ref idref="fl-5"/>
      </object_component>
      <object_component id="oc-45f">
         <name>.data</name>
         <load_address>0x2446</load_address>
         <run_address>0x2446</run_address>
         <size>0x2</size>
         <input_file_ref idref="fl-7"/>
      </object_component>
      <object_component id="oc-459">
         <name>.data</name>
         <load_address>0x2441</load_address>
         <run_address>0x2441</run_address>
         <size>0x1</size>
         <input_file_ref idref="fl-a"/>
      </object_component>
      <object_component id="oc-61a">
         <name>.data</name>
         <load_address>0x2400</load_address>
         <run_address>0x2400</run_address>
         <size>0x2e</size>
         <input_file_ref idref="fl-c"/>
      </object_component>
      <object_component id="oc-46b">
         <name>.data</name>
         <load_address>0x243b</load_address>
         <run_address>0x243b</run_address>
         <size>0x6</size>
         <input_file_ref idref="fl-16"/>
      </object_component>
      <object_component id="oc-46e">
         <name>.data</name>
         <load_address>0x242e</load_address>
         <run_address>0x242e</run_address>
         <size>0xd</size>
         <input_file_ref idref="fl-17"/>
      </object_component>
      <object_component id="oc-56d">
         <name>.data</name>
         <load_address>0x2442</load_address>
         <run_address>0x2442</run_address>
         <size>0x2</size>
         <input_file_ref idref="fl-82"/>
      </object_component>
      <object_component id="oc-36b">
         <name>.stack</name>
         <uninitialized>true</uninitialized>
         <run_address>0x4360</run_address>
         <size>0x4</size>
         <input_file_ref idref="fl-64"/>
      </object_component>
      <object_component id="oc-98d">
         <name>.stack</name>
         <uninitialized>true</uninitialized>
         <run_address>0x4360</run_address>
         <size>0x0</size>
      </object_component>
      <object_component id="oc-47d">
         <name>.text:pow</name>
         <load_address>0x10000</load_address>
         <run_address>0x10000</run_address>
         <size>0x1148</size>
         <input_file_ref idref="fl-38"/>
      </object_component>
      <object_component id="oc-41f">
         <name>.text:P2_IODect</name>
         <load_address>0x11148</load_address>
         <run_address>0x11148</run_address>
         <size>0x556</size>
         <input_file_ref idref="fl-16"/>
      </object_component>
      <object_component id="oc-66e">
         <name>.text:__TI_frcdivd</name>
         <load_address>0x1169e</load_address>
         <run_address>0x1169e</run_address>
         <size>0x466</size>
         <input_file_ref idref="fl-76"/>
      </object_component>
      <object_component id="oc-86d">
         <name>.text:__mspabi_divull</name>
         <load_address>0x11b04</load_address>
         <run_address>0x11b04</run_address>
         <size>0x34e</size>
         <input_file_ref idref="fl-87"/>
      </object_component>
      <object_component id="oc-620">
         <name>.text:cc_mode_adc2_feedback</name>
         <load_address>0x11e52</load_address>
         <run_address>0x11e52</run_address>
         <size>0x306</size>
         <input_file_ref idref="fl-c"/>
      </object_component>
      <object_component id="oc-489">
         <name>.text:__mspabi_addd</name>
         <load_address>0x12158</load_address>
         <run_address>0x12158</run_address>
         <size>0x2e0</size>
         <input_file_ref idref="fl-6e"/>
      </object_component>
      <object_component id="oc-561">
         <name>.text:sqrt</name>
         <load_address>0x12438</load_address>
         <run_address>0x12438</run_address>
         <size>0x2de</size>
         <input_file_ref idref="fl-39"/>
      </object_component>
      <object_component id="oc-614">
         <name>.text:get_ads1118_sample_voltage</name>
         <load_address>0x12716</load_address>
         <run_address>0x12716</run_address>
         <size>0x2cc</size>
         <input_file_ref idref="fl-c"/>
      </object_component>
      <object_component id="oc-4c3">
         <name>.text:display_value</name>
         <load_address>0x129e2</load_address>
         <run_address>0x129e2</run_address>
         <size>0x2c6</size>
         <input_file_ref idref="fl-17"/>
      </object_component>
      <object_component id="oc-70d">
         <name>.text:__TI_printfi</name>
         <load_address>0x12ca8</load_address>
         <run_address>0x12ca8</run_address>
         <size>0x2a6</size>
         <input_file_ref idref="fl-83"/>
      </object_component>
      <object_component id="oc-58c">
         <name>.text:__TI_frcmpyd</name>
         <load_address>0x12f4e</load_address>
         <run_address>0x12f4e</run_address>
         <size>0x280</size>
         <input_file_ref idref="fl-8b"/>
      </object_component>
      <object_component id="oc-6f1">
         <name>.text:ssd1351_set_gray_scale_table</name>
         <load_address>0x131ce</load_address>
         <run_address>0x131ce</run_address>
         <size>0x27c</size>
         <input_file_ref idref="fl-10"/>
      </object_component>
      <object_component id="oc-78a">
         <name>.text:_setfield</name>
         <load_address>0x1344a</load_address>
         <run_address>0x1344a</run_address>
         <size>0x27a</size>
         <input_file_ref idref="fl-83"/>
      </object_component>
      <object_component id="oc-7e0">
         <name>.text:_pproc_fgea</name>
         <load_address>0x136c4</load_address>
         <run_address>0x136c4</run_address>
         <size>0x268</size>
         <input_file_ref idref="fl-83"/>
      </object_component>
      <object_component id="oc-483">
         <name>.text:__mspabi_mpyd</name>
         <load_address>0x1392c</load_address>
         <run_address>0x1392c</run_address>
         <size>0x266</size>
         <input_file_ref idref="fl-77"/>
      </object_component>
      <object_component id="oc-599">
         <name>.text:__TI_frcaddd</name>
         <load_address>0x13b92</load_address>
         <run_address>0x13b92</run_address>
         <size>0x248</size>
         <input_file_ref idref="fl-75"/>
      </object_component>
      <object_component id="oc-8b2">
         <name>.text:acvt</name>
         <load_address>0x13dda</load_address>
         <run_address>0x13dda</run_address>
         <size>0x224</size>
         <input_file_ref idref="fl-83"/>
      </object_component>
      <object_component id="oc-528">
         <name>.text:__mspabi_divd</name>
         <load_address>0x13ffe</load_address>
         <run_address>0x13ffe</run_address>
         <size>0x222</size>
         <input_file_ref idref="fl-71"/>
      </object_component>
      <object_component id="oc-823">
         <name>.text:_getarg_diouxp</name>
         <load_address>0x14220</load_address>
         <run_address>0x14220</run_address>
         <size>0x20c</size>
         <input_file_ref idref="fl-83"/>
      </object_component>
      <object_component id="oc-7ac">
         <name>.text:ADS1118</name>
         <load_address>0x1442c</load_address>
         <run_address>0x1442c</run_address>
         <size>0x1e8</size>
         <input_file_ref idref="fl-c"/>
      </object_component>
      <object_component id="oc-88b">
         <name>.text:ecvt</name>
         <load_address>0x14614</load_address>
         <run_address>0x14614</run_address>
         <size>0x1e6</size>
         <input_file_ref idref="fl-83"/>
      </object_component>
      <object_component id="oc-5f0">
         <name>.text:ssd1351_init</name>
         <load_address>0x147fa</load_address>
         <run_address>0x147fa</run_address>
         <size>0x1cc</size>
         <input_file_ref idref="fl-10"/>
      </object_component>
      <object_component id="oc-89e">
         <name>.text:fcvt</name>
         <load_address>0x149c6</load_address>
         <run_address>0x149c6</run_address>
         <size>0x1c8</size>
         <input_file_ref idref="fl-83"/>
      </object_component>
      <object_component id="oc-847">
         <name>.text:_pconv_e</name>
         <load_address>0x14b8e</load_address>
         <run_address>0x14b8e</run_address>
         <size>0x1a2</size>
         <input_file_ref idref="fl-83"/>
      </object_component>
      <object_component id="oc-84d">
         <name>.text:_pconv_a</name>
         <load_address>0x14d30</load_address>
         <run_address>0x14d30</run_address>
         <size>0x170</size>
         <input_file_ref idref="fl-83"/>
      </object_component>
      <object_component id="oc-57f">
         <name>.text:scalbn</name>
         <load_address>0x14ea0</load_address>
         <run_address>0x14ea0</run_address>
         <size>0x15a</size>
         <input_file_ref idref="fl-3a"/>
      </object_component>
      <object_component id="oc-7da">
         <name>.text:_pproc_diouxp</name>
         <load_address>0x14ffa</load_address>
         <run_address>0x14ffa</run_address>
         <size>0x148</size>
         <input_file_ref idref="fl-83"/>
      </object_component>
      <object_component id="oc-72a">
         <name>.text</name>
         <load_address>0x15142</load_address>
         <run_address>0x15142</run_address>
         <size>0x132</size>
         <input_file_ref idref="fl-40"/>
      </object_component>
      <object_component id="oc-829">
         <name>.text:_ltostr</name>
         <load_address>0x15274</load_address>
         <run_address>0x15274</run_address>
         <size>0x128</size>
         <input_file_ref idref="fl-83"/>
      </object_component>
      <object_component id="oc-4ad">
         <name>.text:ssd1351_display_char</name>
         <load_address>0x1539c</load_address>
         <run_address>0x1539c</run_address>
         <size>0x128</size>
         <input_file_ref idref="fl-10"/>
      </object_component>
      <object_component id="oc-83b">
         <name>.text:_pconv_g</name>
         <load_address>0x154c4</load_address>
         <run_address>0x154c4</run_address>
         <size>0xfc</size>
         <input_file_ref idref="fl-83"/>
      </object_component>
      <object_component id="oc-784">
         <name>.text:_pproc_fwp</name>
         <load_address>0x155c0</load_address>
         <run_address>0x155c0</run_address>
         <size>0xea</size>
         <input_file_ref idref="fl-83"/>
      </object_component>
      <object_component id="oc-51c">
         <name>.text:__mspabi_cmpd</name>
         <load_address>0x156aa</load_address>
         <run_address>0x156aa</run_address>
         <size>0xd8</size>
         <input_file_ref idref="fl-6f"/>
      </object_component>
      <object_component id="oc-796">
         <name>.text:_pproc_wstr</name>
         <load_address>0x15782</load_address>
         <run_address>0x15782</run_address>
         <size>0xc8</size>
         <input_file_ref idref="fl-83"/>
      </object_component>
      <object_component id="oc-534">
         <name>.text:IIC_TR</name>
         <load_address>0x1584a</load_address>
         <run_address>0x1584a</run_address>
         <size>0xbc</size>
         <input_file_ref idref="fl-d"/>
      </object_component>
      <object_component id="oc-814">
         <name>.text</name>
         <load_address>0x15906</load_address>
         <run_address>0x15906</run_address>
         <size>0xb8</size>
         <input_file_ref idref="fl-44"/>
      </object_component>
      <object_component id="oc-71c">
         <name>.text:average_voltage_caculate</name>
         <load_address>0x159be</load_address>
         <run_address>0x159be</run_address>
         <size>0xb6</size>
         <input_file_ref idref="fl-c"/>
      </object_component>
      <object_component id="oc-6c1">
         <name>.text:__TI_renormd</name>
         <load_address>0x15a74</load_address>
         <run_address>0x15a74</run_address>
         <size>0xb2</size>
         <input_file_ref idref="fl-79"/>
      </object_component>
      <object_component id="oc-471">
         <name>.text:DAC8571_OUT</name>
         <load_address>0x15b26</load_address>
         <run_address>0x15b26</run_address>
         <size>0xb0</size>
         <input_file_ref idref="fl-d"/>
      </object_component>
      <object_component id="oc-790">
         <name>.text:_pproc_str</name>
         <load_address>0x15bd6</load_address>
         <run_address>0x15bd6</run_address>
         <size>0xa6</size>
         <input_file_ref idref="fl-83"/>
      </object_component>
      <object_component id="oc-8ac">
         <name>.text:frexp</name>
         <load_address>0x15c7c</load_address>
         <run_address>0x15c7c</run_address>
         <size>0xa6</size>
         <input_file_ref idref="fl-93"/>
      </object_component>
      <object_component id="oc-573">
         <name>.text:__mspabi_fltlid</name>
         <load_address>0x15d22</load_address>
         <run_address>0x15d22</run_address>
         <size>0x9e</size>
         <input_file_ref idref="fl-74"/>
      </object_component>
      <object_component id="oc-60e">
         <name>.text:ssd1351_draw_h_line</name>
         <load_address>0x15dc0</load_address>
         <run_address>0x15dc0</run_address>
         <size>0x94</size>
         <input_file_ref idref="fl-10"/>
      </object_component>
      <object_component id="oc-891">
         <name>.text:_ecpy</name>
         <load_address>0x15e54</load_address>
         <run_address>0x15e54</run_address>
         <size>0x90</size>
         <input_file_ref idref="fl-83"/>
      </object_component>
      <object_component id="oc-897">
         <name>.text:_mcpy</name>
         <load_address>0x15ee4</load_address>
         <run_address>0x15ee4</run_address>
         <size>0x90</size>
         <input_file_ref idref="fl-83"/>
      </object_component>
      <object_component id="oc-7b7">
         <name>.text</name>
         <load_address>0x15f74</load_address>
         <run_address>0x15f74</run_address>
         <size>0x90</size>
         <input_file_ref idref="fl-42"/>
      </object_component>
      <object_component id="oc-48f">
         <name>.text:__mspabi_cvtdf</name>
         <load_address>0x16004</load_address>
         <run_address>0x16004</run_address>
         <size>0x8c</size>
         <input_file_ref idref="fl-7b"/>
      </object_component>
      <object_component id="oc-4a7">
         <name>.text:ssd1351_display_string</name>
         <load_address>0x16090</load_address>
         <run_address>0x16090</run_address>
         <size>0x8a</size>
         <input_file_ref idref="fl-10"/>
      </object_component>
      <object_component id="oc-8dd">
         <name>.text:__TI_ltoa</name>
         <load_address>0x1611a</load_address>
         <run_address>0x1611a</run_address>
         <size>0x80</size>
         <input_file_ref idref="fl-8c"/>
      </object_component>
      <object_component id="oc-841">
         <name>.text:_pconv_f</name>
         <load_address>0x1619a</load_address>
         <run_address>0x1619a</run_address>
         <size>0x78</size>
         <input_file_ref idref="fl-83"/>
      </object_component>
      <object_component id="oc-495">
         <name>.text:ssd1351_clear_gram</name>
         <load_address>0x16212</load_address>
         <run_address>0x16212</run_address>
         <size>0x78</size>
         <input_file_ref idref="fl-10"/>
      </object_component>
      <object_component id="oc-6d">
         <name>.text:decompress:lzss:__TI_decompress_lzss</name>
         <load_address>0x1628a</load_address>
         <run_address>0x1628a</run_address>
         <size>0x76</size>
         <input_file_ref idref="fl-6d"/>
      </object_component>
      <object_component id="oc-5ca">
         <name>.text:ssd1351_draw_point</name>
         <load_address>0x16300</load_address>
         <run_address>0x16300</run_address>
         <size>0x6c</size>
         <input_file_ref idref="fl-10"/>
      </object_component>
      <object_component id="oc-676">
         <name>.text:__mspabi_fixdul</name>
         <load_address>0x1636c</load_address>
         <run_address>0x1636c</run_address>
         <size>0x68</size>
         <input_file_ref idref="fl-73"/>
      </object_component>
      <object_component id="oc-8d7">
         <name>.text:__mspabi_fixdli</name>
         <load_address>0x163d4</load_address>
         <run_address>0x163d4</run_address>
         <size>0x66</size>
         <input_file_ref idref="fl-89"/>
      </object_component>
      <object_component id="oc-477">
         <name>.text:__mspabi_cvtfd</name>
         <load_address>0x1643a</load_address>
         <run_address>0x1643a</run_address>
         <size>0x64</size>
         <input_file_ref idref="fl-70"/>
      </object_component>
      <object_component id="oc-7d2">
         <name>.text:atoi</name>
         <load_address>0x1649e</load_address>
         <run_address>0x1649e</run_address>
         <size>0x62</size>
         <input_file_ref idref="fl-8d"/>
      </object_component>
      <object_component id="oc-5d1">
         <name>.text:ucs_init</name>
         <load_address>0x16500</load_address>
         <run_address>0x16500</run_address>
         <size>0x60</size>
         <input_file_ref idref="fl-4"/>
      </object_component>
      <object_component id="oc-873">
         <name>.text</name>
         <load_address>0x16560</load_address>
         <run_address>0x16560</run_address>
         <size>0x58</size>
         <input_file_ref idref="fl-3f"/>
      </object_component>
      <object_component id="oc-4ee">
         <name>.text:__TI_auto_init_nobinit_nopinit_hold_wdt:__TI_auto_init_nobinit_nopinit_hold_wdt</name>
         <load_address>0x165b8</load_address>
         <run_address>0x165b8</run_address>
         <size>0x54</size>
         <input_file_ref idref="fl-65"/>
      </object_component>
      <object_component id="oc-8a4">
         <name>.text:_fcpy</name>
         <load_address>0x1660c</load_address>
         <run_address>0x1660c</run_address>
         <size>0x4e</size>
         <input_file_ref idref="fl-83"/>
      </object_component>
      <object_component id="oc-6e6">
         <name>.text:set_vcore_up</name>
         <load_address>0x1665a</load_address>
         <run_address>0x1665a</run_address>
         <size>0x4e</size>
         <input_file_ref idref="fl-4"/>
      </object_component>
      <object_component id="oc-4a1">
         <name>.text</name>
         <load_address>0x166a8</load_address>
         <run_address>0x166a8</run_address>
         <size>0x4a</size>
         <input_file_ref idref="fl-41"/>
      </object_component>
      <object_component id="oc-607">
         <name>.text:sprintf</name>
         <load_address>0x166f2</load_address>
         <run_address>0x166f2</run_address>
         <size>0x44</size>
         <input_file_ref idref="fl-3b"/>
      </object_component>
      <object_component id="oc-809">
         <name>.text:ADS_Read</name>
         <load_address>0x16736</load_address>
         <run_address>0x16736</run_address>
         <size>0x40</size>
         <input_file_ref idref="fl-c"/>
      </object_component>
      <object_component id="oc-907">
         <name>.text</name>
         <load_address>0x16776</load_address>
         <run_address>0x16776</run_address>
         <size>0x40</size>
         <input_file_ref idref="fl-94"/>
      </object_component>
      <object_component id="oc-547">
         <name>.text:l_asr_const</name>
         <load_address>0x167b6</load_address>
         <run_address>0x167b6</run_address>
         <size>0x3e</size>
         <input_file_ref idref="fl-3e"/>
      </object_component>
      <object_component id="oc-5a1">
         <name>.text:l_lsl_const</name>
         <load_address>0x167f4</load_address>
         <run_address>0x167f4</run_address>
         <size>0x3e</size>
         <input_file_ref idref="fl-5a"/>
      </object_component>
      <object_component id="oc-692">
         <name>.text:l_lsr_const</name>
         <load_address>0x16832</load_address>
         <run_address>0x16832</run_address>
         <size>0x3e</size>
         <input_file_ref idref="fl-5c"/>
      </object_component>
      <object_component id="oc-8c5">
         <name>.text:__mspabi_sllll</name>
         <load_address>0x16870</load_address>
         <run_address>0x16870</run_address>
         <size>0x3a</size>
         <input_file_ref idref="fl-95"/>
      </object_component>
      <object_component id="oc-87d">
         <name>.text:__mspabi_srlll</name>
         <load_address>0x168aa</load_address>
         <run_address>0x168aa</run_address>
         <size>0x3a</size>
         <input_file_ref idref="fl-69"/>
      </object_component>
      <object_component id="oc-667">
         <name>.text:IIC_START</name>
         <load_address>0x168e4</load_address>
         <run_address>0x168e4</run_address>
         <size>0x38</size>
         <input_file_ref idref="fl-d"/>
      </object_component>
      <object_component id="oc-626">
         <name>.text:mode_choose_interface</name>
         <load_address>0x1691c</load_address>
         <run_address>0x1691c</run_address>
         <size>0x38</size>
         <input_file_ref idref="fl-16"/>
      </object_component>
      <object_component id="oc-6ce">
         <name>.text:usci_a0_spi_transmit_frame</name>
         <load_address>0x16954</load_address>
         <run_address>0x16954</run_address>
         <size>0x38</size>
         <input_file_ref idref="fl-5"/>
      </object_component>
      <object_component id="oc-540">
         <name>.text:IIC_STOP</name>
         <load_address>0x1698c</load_address>
         <run_address>0x1698c</run_address>
         <size>0x36</size>
         <input_file_ref idref="fl-d"/>
      </object_component>
      <object_component id="oc-85d">
         <name>.text:WriteSPI</name>
         <load_address>0x169c2</load_address>
         <run_address>0x169c2</run_address>
         <size>0x36</size>
         <input_file_ref idref="fl-c"/>
      </object_component>
      <object_component id="oc-7b2">
         <name>.text</name>
         <load_address>0x169f8</load_address>
         <run_address>0x169f8</run_address>
         <size>0x36</size>
         <input_file_ref idref="fl-43"/>
      </object_component>
      <object_component id="oc-5dd">
         <name>.text:usci_a0_spi_init</name>
         <load_address>0x16a2e</load_address>
         <run_address>0x16a2e</run_address>
         <size>0x34</size>
         <input_file_ref idref="fl-5"/>
      </object_component>
      <object_component id="oc-49b">
         <name>.text:__mspabi_subd</name>
         <load_address>0x16a62</load_address>
         <run_address>0x16a62</run_address>
         <size>0x32</size>
         <input_file_ref idref="fl-7a"/>
      </object_component>
      <object_component id="oc-5a8">
         <name>.text:ssd1351_write_byte</name>
         <load_address>0x16a94</load_address>
         <run_address>0x16a94</run_address>
         <size>0x30</size>
         <input_file_ref idref="fl-10"/>
      </object_component>
      <object_component id="oc-408">
         <name>.text:usci_b0_i2c_rx_isr_handle</name>
         <load_address>0x16ac4</load_address>
         <run_address>0x16ac4</run_address>
         <size>0x30</size>
         <input_file_ref idref="fl-7"/>
      </object_component>
      <object_component id="oc-522">
         <name>.text:DAC_Init</name>
         <load_address>0x16af4</load_address>
         <run_address>0x16af4</run_address>
         <size>0x2e</size>
         <input_file_ref idref="fl-d"/>
      </object_component>
      <object_component id="oc-567">
         <name>.text:__mspabi_negd</name>
         <load_address>0x16b22</load_address>
         <run_address>0x16b22</run_address>
         <size>0x2e</size>
         <input_file_ref idref="fl-78"/>
      </object_component>
      <object_component id="oc-6a4">
         <name>.text:copysign</name>
         <load_address>0x16b50</load_address>
         <run_address>0x16b50</run_address>
         <size>0x2e</size>
         <input_file_ref idref="fl-3c"/>
      </object_component>
      <object_component id="oc-417">
         <name>.text:usci_a0_spi_rx_isr_handle</name>
         <load_address>0x16b7e</load_address>
         <run_address>0x16b7e</run_address>
         <size>0x2a</size>
         <input_file_ref idref="fl-5"/>
      </object_component>
      <object_component id="oc-8e3">
         <name>.text:__mspabi_fixdi</name>
         <load_address>0x16ba8</load_address>
         <run_address>0x16ba8</run_address>
         <size>0x28</size>
         <input_file_ref idref="fl-88"/>
      </object_component>
      <object_component id="oc-401">
         <name>.text:usci_b0_i2c_tx_isr_handle</name>
         <load_address>0x16bd0</load_address>
         <run_address>0x16bd0</run_address>
         <size>0x28</size>
         <input_file_ref idref="fl-7"/>
      </object_component>
      <object_component id="oc-7e6">
         <name>.text:memccpy</name>
         <load_address>0x16bf8</load_address>
         <run_address>0x16bf8</run_address>
         <size>0x26</size>
         <input_file_ref idref="fl-8f"/>
      </object_component>
      <object_component id="oc-3a4">
         <name>.text:decompress:ZI:__TI_zero_init_nomemset:__TI_zero_init_nomemset</name>
         <load_address>0x16c1e</load_address>
         <run_address>0x16c1e</run_address>
         <size>0x24</size>
         <input_file_ref idref="fl-66"/>
      </object_component>
      <object_component id="oc-80f">
         <name>.text</name>
         <load_address>0x16c42</load_address>
         <run_address>0x16c42</run_address>
         <size>0x24</size>
         <input_file_ref idref="fl-45"/>
      </object_component>
      <object_component id="oc-6b8">
         <name>.text</name>
         <load_address>0x16c66</load_address>
         <run_address>0x16c66</run_address>
         <size>0x24</size>
         <input_file_ref idref="fl-61"/>
      </object_component>
      <object_component id="oc-410">
         <name>.text:usci_a0_spi_tx_isr_handle</name>
         <load_address>0x16c8a</load_address>
         <run_address>0x16c8a</run_address>
         <size>0x24</size>
         <input_file_ref idref="fl-5"/>
      </object_component>
      <object_component id="oc-3f2">
         <name>.text:usci_b1_spi_tx_isr_handle</name>
         <load_address>0x16cae</load_address>
         <run_address>0x16cae</run_address>
         <size>0x22</size>
         <input_file_ref idref="fl-a"/>
      </object_component>
      <object_component id="oc-701">
         <name>.text:_outs</name>
         <load_address>0x16cd0</load_address>
         <run_address>0x16cd0</run_address>
         <size>0x20</size>
         <input_file_ref idref="fl-3b"/>
      </object_component>
      <object_component id="oc-434">
         <name>.text:main</name>
         <load_address>0x16cf0</load_address>
         <run_address>0x16cf0</run_address>
         <size>0x1c</size>
         <input_file_ref idref="fl-11"/>
      </object_component>
      <object_component id="oc-8f6">
         <name>.text:strchr</name>
         <load_address>0x16d0c</load_address>
         <run_address>0x16d0c</run_address>
         <size>0x1c</size>
         <input_file_ref idref="fl-90"/>
      </object_component>
      <object_component id="oc-3f9">
         <name>.text:usci_b1_spi_rx_isr_handle</name>
         <load_address>0x16d28</load_address>
         <run_address>0x16d28</run_address>
         <size>0x1a</size>
         <input_file_ref idref="fl-a"/>
      </object_component>
      <object_component id="oc-803">
         <name>.text:ADS1118_Config</name>
         <load_address>0x16d42</load_address>
         <run_address>0x16d42</run_address>
         <size>0x18</size>
         <input_file_ref idref="fl-c"/>
      </object_component>
      <object_component id="oc-5c2">
         <name>.text</name>
         <load_address>0x16d5a</load_address>
         <run_address>0x16d5a</run_address>
         <size>0x18</size>
         <input_file_ref idref="fl-5e"/>
      </object_component>
      <object_component id="oc-53a">
         <name>.text:IIC_OVER</name>
         <load_address>0x16d72</load_address>
         <run_address>0x16d72</run_address>
         <size>0x16</size>
         <input_file_ref idref="fl-d"/>
      </object_component>
      <object_component id="oc-716">
         <name>.text:memset</name>
         <load_address>0x16d88</load_address>
         <run_address>0x16d88</run_address>
         <size>0x16</size>
         <input_file_ref idref="fl-80"/>
      </object_component>
      <object_component id="oc-878">
         <name>.text</name>
         <load_address>0x16d9e</load_address>
         <run_address>0x16d9e</run_address>
         <size>0x16</size>
         <input_file_ref idref="fl-85"/>
      </object_component>
      <object_component id="oc-7ee">
         <name>.text:wcslen</name>
         <load_address>0x16db4</load_address>
         <run_address>0x16db4</run_address>
         <size>0x16</size>
         <input_file_ref idref="fl-84"/>
      </object_component>
      <object_component id="oc-5f6">
         <name>.text:DAC8571_Init</name>
         <load_address>0x16dca</load_address>
         <run_address>0x16dca</run_address>
         <size>0x14</size>
         <input_file_ref idref="fl-d"/>
      </object_component>
      <object_component id="oc-707">
         <name>.text:_outc</name>
         <load_address>0x16dde</load_address>
         <run_address>0x16dde</run_address>
         <size>0x14</size>
         <input_file_ref idref="fl-3b"/>
      </object_component>
      <object_component id="oc-5ea">
         <name>.text:key_init</name>
         <load_address>0x16df2</load_address>
         <run_address>0x16df2</run_address>
         <size>0x14</size>
         <input_file_ref idref="fl-e"/>
      </object_component>
      <object_component id="oc-37a">
         <name>.text:memcpy</name>
         <load_address>0x16e06</load_address>
         <run_address>0x16e06</run_address>
         <size>0x14</size>
         <input_file_ref idref="fl-7f"/>
      </object_component>
      <object_component id="oc-5fc">
         <name>.text:ADS1118_Init</name>
         <load_address>0x16e1a</load_address>
         <run_address>0x16e1a</run_address>
         <size>0x12</size>
         <input_file_ref idref="fl-c"/>
      </object_component>
      <object_component id="oc-52e">
         <name>.text:__mspabi_fixdu</name>
         <load_address>0x16e2c</load_address>
         <run_address>0x16e2c</run_address>
         <size>0x12</size>
         <input_file_ref idref="fl-72"/>
      </object_component>
      <object_component id="oc-73">
         <name>.text:decompress:none:__TI_decompress_none</name>
         <load_address>0x16e3e</load_address>
         <run_address>0x16e3e</run_address>
         <size>0x12</size>
         <input_file_ref idref="fl-6c"/>
      </object_component>
      <object_component id="oc-4b7">
         <name>.text:device_init</name>
         <load_address>0x16e50</load_address>
         <run_address>0x16e50</run_address>
         <size>0x12</size>
         <input_file_ref idref="fl-14"/>
      </object_component>
      <object_component id="oc-4bd">
         <name>.text:driver_init</name>
         <load_address>0x16e62</load_address>
         <run_address>0x16e62</run_address>
         <size>0x12</size>
         <input_file_ref idref="fl-14"/>
      </object_component>
      <object_component id="oc-5e3">
         <name>.text:soft_i2c_init</name>
         <load_address>0x16e74</load_address>
         <run_address>0x16e74</run_address>
         <size>0x12</size>
         <input_file_ref idref="fl-2"/>
      </object_component>
      <object_component id="oc-835">
         <name>.text:toupper</name>
         <load_address>0x16e86</load_address>
         <run_address>0x16e86</run_address>
         <size>0x12</size>
         <input_file_ref idref="fl-92"/>
      </object_component>
      <object_component id="oc-552">
         <name>.text:l_asr</name>
         <load_address>0x16e98</load_address>
         <run_address>0x16e98</run_address>
         <size>0x10</size>
         <input_file_ref idref="fl-3e"/>
      </object_component>
      <object_component id="oc-557">
         <name>.text:l_lsl</name>
         <load_address>0x16ea8</load_address>
         <run_address>0x16ea8</run_address>
         <size>0x10</size>
         <input_file_ref idref="fl-5a"/>
      </object_component>
      <object_component id="oc-55c">
         <name>.text:l_lsr</name>
         <load_address>0x16eb8</load_address>
         <run_address>0x16eb8</run_address>
         <size>0x10</size>
         <input_file_ref idref="fl-5c"/>
      </object_component>
      <object_component id="oc-77e">
         <name>.text:strlen</name>
         <load_address>0x16ec8</load_address>
         <run_address>0x16ec8</run_address>
         <size>0xe</size>
         <input_file_ref idref="fl-91"/>
      </object_component>
      <object_component id="oc-8fc">
         <name>.text:__mspabi_fltid</name>
         <load_address>0x16ed6</load_address>
         <run_address>0x16ed6</run_address>
         <size>0xc</size>
         <input_file_ref idref="fl-8a"/>
      </object_component>
      <object_component id="oc-5d7">
         <name>.text:wdt_init</name>
         <load_address>0x16ee2</load_address>
         <run_address>0x16ee2</run_address>
         <size>0xc</size>
         <input_file_ref idref="fl-b"/>
      </object_component>
      <object_component id="oc-8ea">
         <name>.text:abs</name>
         <load_address>0x16eee</load_address>
         <run_address>0x16eee</run_address>
         <size>0xa</size>
         <input_file_ref idref="fl-81"/>
      </object_component>
      <object_component id="oc-681">
         <name>.text</name>
         <load_address>0x16ef8</load_address>
         <run_address>0x16ef8</run_address>
         <size>0xa</size>
         <input_file_ref idref="fl-59"/>
      </object_component>
      <object_component id="oc-686">
         <name>.text</name>
         <load_address>0x16f02</load_address>
         <run_address>0x16f02</run_address>
         <size>0xa</size>
         <input_file_ref idref="fl-5b"/>
      </object_component>
      <object_component id="oc-4ca">
         <name>.text:abort</name>
         <load_address>0x16f0c</load_address>
         <run_address>0x16f0c</run_address>
         <size>0x6</size>
         <input_file_ref idref="fl-7c"/>
      </object_component>
      <object_component id="oc-42e">
         <name>.text:_system_pre_init</name>
         <load_address>0x16f12</load_address>
         <run_address>0x16f12</run_address>
         <size>0x4</size>
         <input_file_ref idref="fl-6a"/>
      </object_component>
      <object_component id="oc-63f">
         <name>.text:_system_post_cinit</name>
         <load_address>0x16f16</load_address>
         <run_address>0x16f16</run_address>
         <size>0x2</size>
         <input_file_ref idref="fl-6b"/>
      </object_component>
      <object_component id="oc-392">
         <name>.text:_isr:USCI_B0_ISR</name>
         <load_address>0x4400</load_address>
         <run_address>0x4400</run_address>
         <size>0x1e</size>
         <input_file_ref idref="fl-12"/>
      </object_component>
      <object_component id="oc-398">
         <name>.text:_isr:USCI_A0_ISR</name>
         <load_address>0x441e</load_address>
         <run_address>0x441e</run_address>
         <size>0x1c</size>
         <input_file_ref idref="fl-12"/>
      </object_component>
      <object_component id="oc-38c">
         <name>.text:_isr:USCI_B1_ISR</name>
         <load_address>0x443a</load_address>
         <run_address>0x443a</run_address>
         <size>0x1c</size>
         <input_file_ref idref="fl-12"/>
      </object_component>
      <object_component id="oc-3b6">
         <name>.text:_isr:_c_int00_noargs</name>
         <load_address>0x4456</load_address>
         <run_address>0x4456</run_address>
         <size>0x1c</size>
         <input_file_ref idref="fl-64"/>
      </object_component>
      <object_component id="oc-39e">
         <name>.text:_isr:WDT_ISR</name>
         <load_address>0x4472</load_address>
         <run_address>0x4472</run_address>
         <size>0xa</size>
         <input_file_ref idref="fl-12"/>
      </object_component>
      <object_component id="oc-387">
         <name>.text:_isr:__TI_ISR_TRAP</name>
         <load_address>0x447c</load_address>
         <run_address>0x447c</run_address>
         <size>0x8</size>
         <input_file_ref idref="fl-58"/>
      </object_component>
      <object_component id="oc-98c">
         <name>.cinit..data.load</name>
         <load_address>0x74c4</load_address>
         <run_address>0x74c4</run_address>
         <size>0x14</size>
      </object_component>
      <object_component id="oc-989">
         <name>__TI_handler_table</name>
         <load_address>0x74d8</load_address>
         <run_address>0x74d8</run_address>
         <size>0xc</size>
      </object_component>
      <object_component id="oc-98b">
         <name>.cinit..bss.load</name>
         <load_address>0x74e4</load_address>
         <run_address>0x74e4</run_address>
         <size>0x6</size>
      </object_component>
      <object_component id="oc-98a">
         <name>__TI_cinit_table</name>
         <load_address>0x74ea</load_address>
         <run_address>0x74ea</run_address>
         <size>0x10</size>
      </object_component>
      <object_component id="oc-5b9">
         <name>.const:c_chFont3216</name>
         <load_address>0x4484</load_address>
         <run_address>0x4484</run_address>
         <size>0x17c0</size>
         <input_file_ref idref="fl-13"/>
      </object_component>
      <object_component id="oc-5bc">
         <name>.const:c_chFont1616</name>
         <load_address>0x5c44</load_address>
         <run_address>0x5c44</run_address>
         <size>0xbe0</size>
         <input_file_ref idref="fl-13"/>
      </object_component>
      <object_component id="oc-5bf">
         <name>.const:c_chFont1608</name>
         <load_address>0x6824</load_address>
         <run_address>0x6824</run_address>
         <size>0x5f0</size>
         <input_file_ref idref="fl-13"/>
      </object_component>
      <object_component id="oc-5c7">
         <name>.const:c_chFont1206</name>
         <load_address>0x6e14</load_address>
         <run_address>0x6e14</run_address>
         <size>0x474</size>
         <input_file_ref idref="fl-13"/>
      </object_component>
      <object_component id="oc-81e">
         <name>.const:.string:_ctypes_</name>
         <load_address>0x7288</load_address>
         <run_address>0x7288</run_address>
         <size>0x101</size>
         <input_file_ref idref="fl-8e"/>
      </object_component>
      <object_component id="oc-603">
         <name>.const:.string</name>
         <load_address>0x738a</load_address>
         <run_address>0x738a</run_address>
         <size>0x5e</size>
         <input_file_ref idref="fl-17"/>
      </object_component>
      <object_component id="oc-4a6">
         <name>.const:.string</name>
         <load_address>0x73e8</load_address>
         <run_address>0x73e8</run_address>
         <size>0x5c</size>
         <input_file_ref idref="fl-16"/>
      </object_component>
      <object_component id="oc-7d9">
         <name>.const:.string</name>
         <load_address>0x7444</load_address>
         <run_address>0x7444</run_address>
         <size>0x26</size>
         <input_file_ref idref="fl-83"/>
      </object_component>
      <object_component id="oc-722">
         <name>.const:.string</name>
         <load_address>0x746a</load_address>
         <run_address>0x746a</run_address>
         <size>0x22</size>
         <input_file_ref idref="fl-c"/>
      </object_component>
      <object_component id="oc-570">
         <name>.const:bp</name>
         <load_address>0x748c</load_address>
         <run_address>0x748c</run_address>
         <size>0x10</size>
         <input_file_ref idref="fl-38"/>
      </object_component>
      <object_component id="oc-579">
         <name>.const:dp_h</name>
         <load_address>0x749c</load_address>
         <run_address>0x749c</run_address>
         <size>0x10</size>
         <input_file_ref idref="fl-38"/>
      </object_component>
      <object_component id="oc-57c">
         <name>.const:dp_l</name>
         <load_address>0x74ac</load_address>
         <run_address>0x74ac</run_address>
         <size>0x10</size>
         <input_file_ref idref="fl-38"/>
      </object_component>
      <object_component id="oc-5b4">
         <name>.const:.string:fonts_height</name>
         <load_address>0x74bc</load_address>
         <run_address>0x74bc</run_address>
         <size>0x4</size>
         <input_file_ref idref="fl-13"/>
      </object_component>
      <object_component id="oc-5b1">
         <name>.const:.string:fonts_width</name>
         <load_address>0x74c0</load_address>
         <run_address>0x74c0</run_address>
         <size>0x4</size>
         <input_file_ref idref="fl-13"/>
      </object_component>
      <object_component id="oc-91b">
         <name>.binit</name>
         <load_address>0x4400</load_address>
         <run_address>0x4400</run_address>
         <size>0x0</size>
      </object_component>
      <object_component id="oc-79">
         <name>.int41</name>
         <load_address>0xffd2</load_address>
         <run_address>0xffd2</run_address>
         <size>0x2</size>
         <input_file_ref idref="fl-46"/>
      </object_component>
      <object_component id="oc-7a">
         <name>.int42</name>
         <load_address>0xffd4</load_address>
         <run_address>0xffd4</run_address>
         <size>0x2</size>
         <input_file_ref idref="fl-47"/>
      </object_component>
      <object_component id="oc-7b">
         <name>.int43</name>
         <load_address>0xffd6</load_address>
         <run_address>0xffd6</run_address>
         <size>0x2</size>
         <input_file_ref idref="fl-48"/>
      </object_component>
      <object_component id="oc-7c">
         <name>.int44</name>
         <load_address>0xffd8</load_address>
         <run_address>0xffd8</run_address>
         <size>0x2</size>
         <input_file_ref idref="fl-49"/>
      </object_component>
      <object_component id="oc-7d">
         <name>.int45</name>
         <load_address>0xffda</load_address>
         <run_address>0xffda</run_address>
         <size>0x2</size>
         <input_file_ref idref="fl-12"/>
      </object_component>
      <object_component id="oc-7e">
         <name>.int46</name>
         <load_address>0xffdc</load_address>
         <run_address>0xffdc</run_address>
         <size>0x2</size>
         <input_file_ref idref="fl-4a"/>
      </object_component>
      <object_component id="oc-7f">
         <name>.int47</name>
         <load_address>0xffde</load_address>
         <run_address>0xffde</run_address>
         <size>0x2</size>
         <input_file_ref idref="fl-4b"/>
      </object_component>
      <object_component id="oc-80">
         <name>.int48</name>
         <load_address>0xffe0</load_address>
         <run_address>0xffe0</run_address>
         <size>0x2</size>
         <input_file_ref idref="fl-4c"/>
      </object_component>
      <object_component id="oc-81">
         <name>.int49</name>
         <load_address>0xffe2</load_address>
         <run_address>0xffe2</run_address>
         <size>0x2</size>
         <input_file_ref idref="fl-4d"/>
      </object_component>
      <object_component id="oc-82">
         <name>.int50</name>
         <load_address>0xffe4</load_address>
         <run_address>0xffe4</run_address>
         <size>0x2</size>
         <input_file_ref idref="fl-4e"/>
      </object_component>
      <object_component id="oc-83">
         <name>.int51</name>
         <load_address>0xffe6</load_address>
         <run_address>0xffe6</run_address>
         <size>0x2</size>
         <input_file_ref idref="fl-4f"/>
      </object_component>
      <object_component id="oc-84">
         <name>.int52</name>
         <load_address>0xffe8</load_address>
         <run_address>0xffe8</run_address>
         <size>0x2</size>
         <input_file_ref idref="fl-50"/>
      </object_component>
      <object_component id="oc-85">
         <name>.int53</name>
         <load_address>0xffea</load_address>
         <run_address>0xffea</run_address>
         <size>0x2</size>
         <input_file_ref idref="fl-51"/>
      </object_component>
      <object_component id="oc-86">
         <name>.int54</name>
         <load_address>0xffec</load_address>
         <run_address>0xffec</run_address>
         <size>0x2</size>
         <input_file_ref idref="fl-52"/>
      </object_component>
      <object_component id="oc-87">
         <name>.int55</name>
         <load_address>0xffee</load_address>
         <run_address>0xffee</run_address>
         <size>0x2</size>
         <input_file_ref idref="fl-12"/>
      </object_component>
      <object_component id="oc-88">
         <name>.int56</name>
         <load_address>0xfff0</load_address>
         <run_address>0xfff0</run_address>
         <size>0x2</size>
         <input_file_ref idref="fl-12"/>
      </object_component>
      <object_component id="oc-89">
         <name>.int57</name>
         <load_address>0xfff2</load_address>
         <run_address>0xfff2</run_address>
         <size>0x2</size>
         <input_file_ref idref="fl-12"/>
      </object_component>
      <object_component id="oc-8a">
         <name>.int58</name>
         <load_address>0xfff4</load_address>
         <run_address>0xfff4</run_address>
         <size>0x2</size>
         <input_file_ref idref="fl-53"/>
      </object_component>
      <object_component id="oc-8b">
         <name>.int59</name>
         <load_address>0xfff6</load_address>
         <run_address>0xfff6</run_address>
         <size>0x2</size>
         <input_file_ref idref="fl-54"/>
      </object_component>
      <object_component id="oc-8c">
         <name>.int60</name>
         <load_address>0xfff8</load_address>
         <run_address>0xfff8</run_address>
         <size>0x2</size>
         <input_file_ref idref="fl-55"/>
      </object_component>
      <object_component id="oc-8d">
         <name>.int61</name>
         <load_address>0xfffa</load_address>
         <run_address>0xfffa</run_address>
         <size>0x2</size>
         <input_file_ref idref="fl-56"/>
      </object_component>
      <object_component id="oc-8e">
         <name>.int62</name>
         <load_address>0xfffc</load_address>
         <run_address>0xfffc</run_address>
         <size>0x2</size>
         <input_file_ref idref="fl-57"/>
      </object_component>
      <object_component id="oc-36e">
         <name>.reset</name>
         <load_address>0xfffe</load_address>
         <run_address>0xfffe</run_address>
         <size>0x2</size>
         <input_file_ref idref="fl-64"/>
      </object_component>
      <object_component id="oc-5e5">
         <name>.debug_info</name>
         <load_address>0x0</load_address>
         <run_address>0x0</run_address>
         <size>0x143</size>
         <input_file_ref idref="fl-2"/>
      </object_component>
      <object_component id="oc-375">
         <name>.debug_info</name>
         <load_address>0x143</load_address>
         <run_address>0x143</run_address>
         <size>0x84</size>
         <input_file_ref idref="fl-2"/>
      </object_component>
      <object_component id="oc-6e8">
         <name>.debug_info</name>
         <load_address>0x1c7</load_address>
         <run_address>0x1c7</run_address>
         <size>0x157</size>
         <input_file_ref idref="fl-4"/>
      </object_component>
      <object_component id="oc-5d5">
         <name>.debug_info</name>
         <load_address>0x31e</load_address>
         <run_address>0x31e</run_address>
         <size>0x163</size>
         <input_file_ref idref="fl-4"/>
      </object_component>
      <object_component id="oc-517">
         <name>.debug_info</name>
         <load_address>0x481</load_address>
         <run_address>0x481</run_address>
         <size>0x325</size>
         <input_file_ref idref="fl-5"/>
      </object_component>
      <object_component id="oc-469">
         <name>.debug_info</name>
         <load_address>0x7a6</load_address>
         <run_address>0x7a6</run_address>
         <size>0x11f</size>
         <input_file_ref idref="fl-5"/>
      </object_component>
      <object_component id="oc-466">
         <name>.debug_info</name>
         <load_address>0x8c5</load_address>
         <run_address>0x8c5</run_address>
         <size>0x11b</size>
         <input_file_ref idref="fl-5"/>
      </object_component>
      <object_component id="oc-412">
         <name>.debug_info</name>
         <load_address>0x9e0</load_address>
         <run_address>0x9e0</run_address>
         <size>0x164</size>
         <input_file_ref idref="fl-5"/>
      </object_component>
      <object_component id="oc-6d1">
         <name>.debug_info</name>
         <load_address>0xb44</load_address>
         <run_address>0xb44</run_address>
         <size>0x1b2</size>
         <input_file_ref idref="fl-5"/>
      </object_component>
      <object_component id="oc-418">
         <name>.debug_info</name>
         <load_address>0xcf6</load_address>
         <run_address>0xcf6</run_address>
         <size>0x164</size>
         <input_file_ref idref="fl-5"/>
      </object_component>
      <object_component id="oc-5e1">
         <name>.debug_info</name>
         <load_address>0xe5a</load_address>
         <run_address>0xe5a</run_address>
         <size>0x152</size>
         <input_file_ref idref="fl-5"/>
      </object_component>
      <object_component id="oc-512">
         <name>.debug_info</name>
         <load_address>0xfac</load_address>
         <run_address>0xfac</run_address>
         <size>0x316</size>
         <input_file_ref idref="fl-7"/>
      </object_component>
      <object_component id="oc-463">
         <name>.debug_info</name>
         <load_address>0x12c2</load_address>
         <run_address>0x12c2</run_address>
         <size>0x11f</size>
         <input_file_ref idref="fl-7"/>
      </object_component>
      <object_component id="oc-460">
         <name>.debug_info</name>
         <load_address>0x13e1</load_address>
         <run_address>0x13e1</run_address>
         <size>0x11b</size>
         <input_file_ref idref="fl-7"/>
      </object_component>
[...]
         <name>__mspabi_sral_10</name>
         <value>0x167ca</value>
         <object_component_ref idref="oc-547"/>
      </symbol>
      <symbol id="sm-743">
         <name>__mspabi_sral_8</name>
         <value>0x167d2</value>
         <object_component_ref idref="oc-547"/>
      </symbol>
      <symbol id="sm-744">
         <name>__mspabi_sral_9</name>
         <value>0x167ce</value>
         <object_component_ref idref="oc-547"/>
      </symbol>
      <symbol id="sm-745">
         <name>__mspabi_sral_6</name>
         <value>0x167da</value>
         <object_component_ref idref="oc-547"/>
      </symbol>
      <symbol id="sm-746">
         <name>__mspabi_sral_7</name>
         <value>0x167d6</value>
         <object_component_ref idref="oc-547"/>
      </symbol>
      <symbol id="sm-747">
         <name>__mspabi_sral_4</name>
         <value>0x167e2</value>
         <object_component_ref idref="oc-547"/>
      </symbol>
      <symbol id="sm-748">
         <name>__mspabi_sral_5</name>
         <value>0x167de</value>
         <object_component_ref idref="oc-547"/>
      </symbol>
      <symbol id="sm-749">
         <name>__mspabi_sral_2</name>
         <value>0x167ea</value>
         <object_component_ref idref="oc-547"/>
      </symbol>
      <symbol id="sm-74a">
         <name>__mspabi_sral_3</name>
         <value>0x167e6</value>
         <object_component_ref idref="oc-547"/>
      </symbol>
      <symbol id="sm-74b">
         <name>__mspabi_sral_1</name>
         <value>0x167ee</value>
         <object_component_ref idref="oc-547"/>
      </symbol>
      <symbol id="sm-759">
         <name>__mspabi_remul</name>
         <value>0x16560</value>
         <object_component_ref idref="oc-873"/>
      </symbol>
      <symbol id="sm-75a">
         <name>__mspabi_divul</name>
         <value>0x16560</value>
         <object_component_ref idref="oc-873"/>
      </symbol>
      <symbol id="sm-775">
         <name>__mspabi_subf</name>
         <value>0x15142</value>
         <object_component_ref idref="oc-72a"/>
      </symbol>
      <symbol id="sm-776">
         <name>__mspabi_addf</name>
         <value>0x15148</value>
         <object_component_ref idref="oc-72a"/>
      </symbol>
      <symbol id="sm-786">
         <name>__mspabi_cmpf</name>
         <value>0x166a8</value>
         <object_component_ref idref="oc-4a1"/>
      </symbol>
      <symbol id="sm-798">
         <name>__mspabi_divf</name>
         <value>0x15f74</value>
         <object_component_ref idref="oc-7b7"/>
      </symbol>
      <symbol id="sm-7a5">
         <name>__mspabi_fltif</name>
         <value>0x169f8</value>
         <object_component_ref idref="oc-7b2"/>
      </symbol>
      <symbol id="sm-7bc">
         <name>__mspabi_mpyf</name>
         <value>0x15906</value>
         <object_component_ref idref="oc-814"/>
      </symbol>
      <symbol id="sm-7c7">
         <name>__mspabi_fltuf</name>
         <value>0x16c42</value>
         <object_component_ref idref="oc-80f"/>
      </symbol>
      <symbol id="sm-7ca">
         <name>__TI_int41</name>
         <value>0xffd2</value>
         <object_component_ref idref="oc-79"/>
      </symbol>
      <symbol id="sm-7cd">
         <name>__TI_int42</name>
         <value>0xffd4</value>
         <object_component_ref idref="oc-7a"/>
      </symbol>
      <symbol id="sm-7d0">
         <name>__TI_int43</name>
         <value>0xffd6</value>
         <object_component_ref idref="oc-7b"/>
      </symbol>
      <symbol id="sm-7d3">
         <name>__TI_int44</name>
         <value>0xffd8</value>
         <object_component_ref idref="oc-7c"/>
      </symbol>
      <symbol id="sm-7d6">
         <name>__TI_int46</name>
         <value>0xffdc</value>
         <object_component_ref idref="oc-7e"/>
      </symbol>
      <symbol id="sm-7d9">
         <name>__TI_int47</name>
         <value>0xffde</value>
         <object_component_ref idref="oc-7f"/>
      </symbol>
      <symbol id="sm-7dc">
         <name>__TI_int48</name>
         <value>0xffe0</value>
         <object_component_ref idref="oc-80"/>
      </symbol>
      <symbol id="sm-7df">
         <name>__TI_int49</name>
         <value>0xffe2</value>
         <object_component_ref idref="oc-81"/>
      </symbol>
      <symbol id="sm-7e2">
         <name>__TI_int50</name>
         <value>0xffe4</value>
         <object_component_ref idref="oc-82"/>
      </symbol>
      <symbol id="sm-7e5">
         <name>__TI_int51</name>
         <value>0xffe6</value>
         <object_component_ref idref="oc-83"/>
      </symbol>
      <symbol id="sm-7e8">
         <name>__TI_int52</name>
         <value>0xffe8</value>
         <object_component_ref idref="oc-84"/>
      </symbol>
      <symbol id="sm-7eb">
         <name>__TI_int53</name>
         <value>0xffea</value>
         <object_component_ref idref="oc-85"/>
      </symbol>
      <symbol id="sm-7ee">
         <name>__TI_int54</name>
         <value>0xffec</value>
         <object_component_ref idref="oc-86"/>
      </symbol>
      <symbol id="sm-7f1">
         <name>__TI_int58</name>
         <value>0xfff4</value>
         <object_component_ref idref="oc-8a"/>
      </symbol>
      <symbol id="sm-7f4">
         <name>__TI_int59</name>
         <value>0xfff6</value>
         <object_component_ref idref="oc-8b"/>
      </symbol>
      <symbol id="sm-7f7">
         <name>__TI_int60</name>
         <value>0xfff8</value>
         <object_component_ref idref="oc-8c"/>
      </symbol>
      <symbol id="sm-7fa">
         <name>__TI_int61</name>
         <value>0xfffa</value>
         <object_component_ref idref="oc-8d"/>
      </symbol>
      <symbol id="sm-7fd">
         <name>__TI_int62</name>
         <value>0xfffc</value>
         <object_component_ref idref="oc-8e"/>
      </symbol>
      <symbol id="sm-805">
         <name>__TI_ISR_TRAP</name>
         <value>0x447c</value>
         <object_component_ref idref="oc-387"/>
      </symbol>
      <symbol id="sm-80e">
         <name>__mspabi_slli</name>
         <value>0x16ef8</value>
         <object_component_ref idref="oc-681"/>
      </symbol>
      <symbol id="sm-81e">
         <name>__mspabi_slll_9</name>
         <value>0x1680c</value>
         <object_component_ref idref="oc-5a1"/>
      </symbol>
      <symbol id="sm-81f">
         <name>__mspabi_slll_8</name>
         <value>0x16810</value>
         <object_component_ref idref="oc-5a1"/>
      </symbol>
      <symbol id="sm-820">
         <name>__mspabi_slll_7</name>
         <value>0x16814</value>
         <object_component_ref idref="oc-5a1"/>
      </symbol>
      <symbol id="sm-821">
         <name>__mspabi_slll_6</name>
         <value>0x16818</value>
         <object_component_ref idref="oc-5a1"/>
      </symbol>
      <symbol id="sm-822">
         <name>__mspabi_slll_5</name>
         <value>0x1681c</value>
         <object_component_ref idref="oc-5a1"/>
      </symbol>
      <symbol id="sm-823">
         <name>__mspabi_slll_4</name>
         <value>0x16820</value>
         <object_component_ref idref="oc-5a1"/>
      </symbol>
      <symbol id="sm-824">
         <name>__mspabi_slll_3</name>
         <value>0x16824</value>
         <object_component_ref idref="oc-5a1"/>
      </symbol>
      <symbol id="sm-825">
         <name>__mspabi_slll_2</name>
         <value>0x16828</value>
         <object_component_ref idref="oc-5a1"/>
      </symbol>
      <symbol id="sm-826">
         <name>__mspabi_slll_1</name>
         <value>0x1682c</value>
         <object_component_ref idref="oc-5a1"/>
      </symbol>
      <symbol id="sm-827">
         <name>__mspabi_slll</name>
         <value>0x16ea8</value>
         <object_component_ref idref="oc-557"/>
      </symbol>
      <symbol id="sm-828">
         <name>__mspabi_slll_15</name>
         <value>0x167f4</value>
         <object_component_ref idref="oc-5a1"/>
      </symbol>
      <symbol id="sm-829">
         <name>__mspabi_slll_14</name>
         <value>0x167f8</value>
         <object_component_ref idref="oc-5a1"/>
      </symbol>
      <symbol id="sm-82a">
         <name>__mspabi_slll_13</name>
         <value>0x167fc</value>
         <object_component_ref idref="oc-5a1"/>
      </symbol>
      <symbol id="sm-82b">
         <name>__mspabi_slll_12</name>
         <value>0x16800</value>
         <object_component_ref idref="oc-5a1"/>
      </symbol>
      <symbol id="sm-82c">
         <name>__mspabi_slll_11</name>
         <value>0x16804</value>
         <object_component_ref idref="oc-5a1"/>
      </symbol>
      <symbol id="sm-82d">
         <name>__mspabi_slll_10</name>
         <value>0x16808</value>
         <object_component_ref idref="oc-5a1"/>
      </symbol>
      <symbol id="sm-836">
         <name>__mspabi_srli</name>
         <value>0x16f02</value>
         <object_component_ref idref="oc-686"/>
      </symbol>
      <symbol id="sm-846">
         <name>__mspabi_srll_8</name>
         <value>0x1684e</value>
         <object_component_ref idref="oc-692"/>
      </symbol>
      <symbol id="sm-847">
         <name>__mspabi_srll_9</name>
         <value>0x1684a</value>
         <object_component_ref idref="oc-692"/>
      </symbol>
      <symbol id="sm-848">
         <name>__mspabi_srll_6</name>
         <value>0x16856</value>
         <object_component_ref idref="oc-692"/>
      </symbol>
      <symbol id="sm-849">
         <name>__mspabi_srll_7</name>
         <value>0x16852</value>
         <object_component_ref idref="oc-692"/>
      </symbol>
      <symbol id="sm-84a">
         <name>__mspabi_srll_4</name>
         <value>0x1685e</value>
         <object_component_ref idref="oc-692"/>
      </symbol>
      <symbol id="sm-84b">
         <name>__mspabi_srll_5</name>
         <value>0x1685a</value>
         <object_component_ref idref="oc-692"/>
      </symbol>
      <symbol id="sm-84c">
         <name>__mspabi_srll_2</name>
         <value>0x16866</value>
         <object_component_ref idref="oc-692"/>
      </symbol>
      <symbol id="sm-84d">
         <name>__mspabi_srll_3</name>
         <value>0x16862</value>
         <object_component_ref idref="oc-692"/>
      </symbol>
      <symbol id="sm-84e">
         <name>__mspabi_srll_1</name>
         <value>0x1686a</value>
         <object_component_ref idref="oc-692"/>
      </symbol>
      <symbol id="sm-84f">
         <name>__mspabi_srll_15</name>
         <value>0x16832</value>
         <object_component_ref idref="oc-692"/>
      </symbol>
      <symbol id="sm-850">
         <name>__mspabi_srll_14</name>
         <value>0x16836</value>
         <object_component_ref idref="oc-692"/>
      </symbol>
      <symbol id="sm-851">
         <name>__mspabi_srll_13</name>
         <value>0x1683a</value>
         <object_component_ref idref="oc-692"/>
      </symbol>
      <symbol id="sm-852">
         <name>__mspabi_srll_12</name>
         <value>0x1683e</value>
         <object_component_ref idref="oc-692"/>
      </symbol>
      <symbol id="sm-853">
         <name>__mspabi_srll_11</name>
         <value>0x16842</value>
         <object_component_ref idref="oc-692"/>
      </symbol>
      <symbol id="sm-854">
         <name>__mspabi_srll_10</name>
         <value>0x16846</value>
         <object_component_ref idref="oc-692"/>
      </symbol>
      <symbol id="sm-855">
         <name>__mspabi_srll</name>
         <value>0x16eb8</value>
         <object_component_ref idref="oc-55c"/>
      </symbol>
      <symbol id="sm-85e">
         <name>__mspabi_mpyi_f5hw</name>
         <value>0x16d5a</value>
         <object_component_ref idref="oc-5c2"/>
      </symbol>
      <symbol id="sm-868">
         <name>__mspabi_mpyl_f5hw</name>
         <value>0x16c66</value>
         <object_component_ref idref="oc-6b8"/>
      </symbol>
      <symbol id="sm-87a">
         <name>_stack</name>
         <value>0x4360</value>
         <object_component_ref idref="oc-36b"/>
      </symbol>
      <symbol id="sm-87b">
         <name>_c_int00_noargs</name>
         <value>0x4456</value>
         <object_component_ref idref="oc-3b6"/>
      </symbol>
      <symbol id="sm-87c">
         <name>_reset_vector</name>
         <value>0xfffe</value>
         <object_component_ref idref="oc-36e"/>
      </symbol>
      <symbol id="sm-89f">
         <name>__TI_auto_init_nobinit_nopinit_hold_wdt</name>
         <value>0x165b8</value>
         <object_component_ref idref="oc-4ee"/>
      </symbol>
      <symbol id="sm-8b2">
         <name>__TI_zero_init_nomemset</name>
         <value>0x16c1e</value>
         <object_component_ref idref="oc-3a4"/>
      </symbol>
      <symbol id="sm-8c6">
         <name>__mspabi_srlll</name>
         <value>0x168aa</value>
         <object_component_ref idref="oc-87d"/>
      </symbol>
      <symbol id="sm-8cf">
         <name>_system_pre_init</name>
         <value>0x16f12</value>
         <object_component_ref idref="oc-42e"/>
      </symbol>
      <symbol id="sm-8d8">
         <name>_system_post_cinit</name>
         <value>0x16f16</value>
         <object_component_ref idref="oc-63f"/>
      </symbol>
      <symbol id="sm-8e9">
         <name>__TI_decompress_none</name>
         <value>0x16e3e</value>
         <object_component_ref idref="oc-73"/>
      </symbol>
      <symbol id="sm-90c">
         <name>__TI_decompress_lzss</name>
         <value>0x1628a</value>
         <object_component_ref idref="oc-6d"/>
      </symbol>
      <symbol id="sm-933">
         <name>__mspabi_addd</name>
         <value>0x12158</value>
         <object_component_ref idref="oc-489"/>
      </symbol>
      <symbol id="sm-94d">
         <name>__mspabi_cmpd</name>
         <value>0x156aa</value>
         <object_component_ref idref="oc-51c"/>
      </symbol>
      <symbol id="sm-960">
         <name>__mspabi_cvtfd</name>
         <value>0x1643a</value>
         <object_component_ref idref="oc-477"/>
      </symbol>
      <symbol id="sm-981">
         <name>__mspabi_divd</name>
         <value>0x13ffe</value>
         <object_component_ref idref="oc-528"/>
      </symbol>
      <symbol id="sm-98c">
         <name>__mspabi_fixdu</name>
         <value>0x16e2c</value>
         <object_component_ref idref="oc-52e"/>
      </symbol>
      <symbol id="sm-99c">
         <name>__mspabi_fixdul</name>
         <value>0x1636c</value>
         <object_component_ref idref="oc-676"/>
      </symbol>
      <symbol id="sm-9b4">
         <name>__mspabi_fltlid</name>
         <value>0x15d22</value>
         <object_component_ref idref="oc-573"/>
      </symbol>
      <symbol id="sm-9d5">
         <name>__TI_frcaddd</name>
         <value>0x13b92</value>
         <object_component_ref idref="oc-599"/>
      </symbol>
      <symbol id="sm-9f0">
         <name>__TI_frcdivd</name>
         <value>0x1169e</value>
         <object_component_ref idref="oc-66e"/>
      </symbol>
      <symbol id="sm-a11">
         <name>__mspabi_mpyd</name>
         <value>0x1392c</value>
         <object_component_ref idref="oc-483"/>
      </symbol>
      <symbol id="sm-a1a">
         <name>__mspabi_negd</name>
         <value>0x16b22</value>
         <object_component_ref idref="oc-567"/>
      </symbol>
      <symbol id="sm-a2e">
         <name>__TI_renormd</name>
         <value>0x15a74</value>
         <object_component_ref idref="oc-6c1"/>
      </symbol>
      <symbol id="sm-a37">
         <name>__mspabi_subd</name>
         <value>0x16a62</value>
         <object_component_ref idref="oc-49b"/>
      </symbol>
      <symbol id="sm-a4a">
         <name>__mspabi_cvtdf</name>
         <value>0x16004</value>
         <object_component_ref idref="oc-48f"/>
      </symbol>
      <symbol id="sm-a54">
         <name>C$$EXIT</name>
         <value>0x16f0c</value>
         <object_component_ref idref="oc-4ca"/>
      </symbol>
      <symbol id="sm-a55">
         <name>abort</name>
         <value>0x16f0c</value>
         <object_component_ref idref="oc-4ca"/>
      </symbol>
      <symbol id="sm-a65">
         <name>memcpy</name>
         <value>0x16e06</value>
         <object_component_ref idref="oc-37a"/>
      </symbol>
      <symbol id="sm-a73">
         <name>memset</name>
         <value>0x16d88</value>
         <object_component_ref idref="oc-716"/>
      </symbol>
      <symbol id="sm-a7d">
         <name>abs</name>
         <value>0x16eee</value>
         <object_component_ref idref="oc-8ea"/>
      </symbol>
      <symbol id="sm-a84">
         <name>errno</name>
         <value>0x2442</value>
         <object_component_ref idref="oc-56d"/>
      </symbol>
      <symbol id="sm-c53">
         <name>__TI_printfi</name>
         <value>0x12ca8</value>
         <object_component_ref idref="oc-70d"/>
      </symbol>
      <symbol id="sm-c6b">
         <name>wcslen</name>
         <value>0x16db4</value>
         <object_component_ref idref="oc-7ee"/>
      </symbol>
      <symbol id="sm-c75">
         <name>__mspabi_remu</name>
         <value>0x16d9e</value>
         <object_component_ref idref="oc-878"/>
      </symbol>
      <symbol id="sm-c76">
         <name>__mspabi_divu</name>
         <value>0x16d9e</value>
         <object_component_ref idref="oc-878"/>
      </symbol>
      <symbol id="sm-caa">
         <name>__mspabi_divull</name>
         <value>0x11b04</value>
         <object_component_ref idref="oc-86d"/>
      </symbol>
      <symbol id="sm-cb7">
         <name>__mspabi_fixdi</name>
         <value>0x16ba8</value>
         <object_component_ref idref="oc-8e3"/>
      </symbol>
      <symbol id="sm-cc6">
         <name>__mspabi_fixdli</name>
         <value>0x163d4</value>
         <object_component_ref idref="oc-8d7"/>
      </symbol>
      <symbol id="sm-ccf">
         <name>__mspabi_fltid</name>
         <value>0x16ed6</value>
         <object_component_ref idref="oc-8fc"/>
      </symbol>
      <symbol id="sm-cdf">
         <name>__TI_frcmpyd</name>
         <value>0x12f4e</value>
         <object_component_ref idref="oc-58c"/>
      </symbol>
      <symbol id="sm-cee">
         <name>__TI_ltoa</name>
         <value>0x1611a</value>
         <object_component_ref idref="oc-8dd"/>
      </symbol>
      <symbol id="sm-d01">
         <name>atoi</name>
         <value>0x1649e</value>
         <object_component_ref idref="oc-7d2"/>
      </symbol>
      <symbol id="sm-d0b">
         <name>_ctypes_</name>
         <value>0x7288</value>
         <object_component_ref idref="oc-81e"/>
      </symbol>
      <symbol id="sm-d1a">
         <name>memccpy</name>
         <value>0x16bf8</value>
         <object_component_ref idref="oc-7e6"/>
      </symbol>
      <symbol id="sm-d29">
         <name>strchr</name>
         <value>0x16d0c</value>
         <object_component_ref idref="oc-8f6"/>
      </symbol>
      <symbol id="sm-d36">
         <name>strlen</name>
         <value>0x16ec8</value>
         <object_component_ref idref="oc-77e"/>
      </symbol>
      <symbol id="sm-d43">
         <name>toupper</name>
         <value>0x16e86</value>
         <object_component_ref idref="oc-835"/>
      </symbol>
      <symbol id="sm-d55">
         <name>frexpl</name>
         <value>0x15c7c</value>
         <object_component_ref idref="oc-8ac"/>
      </symbol>
      <symbol id="sm-d56">
         <name>frexp</name>
         <value>0x15c7c</value>
         <object_component_ref idref="oc-8ac"/>
      </symbol>
      <symbol id="sm-d62">
         <name>__mspabi_remli</name>
         <value>0x16776</value>
         <object_component_ref idref="oc-907"/>
      </symbol>
      <symbol id="sm-d63">
         <name>__mspabi_divli</name>
         <value>0x16776</value>
         <object_component_ref idref="oc-907"/>
      </symbol>
      <symbol id="sm-d70">
         <name>__mspabi_sllll</name>
         <value>0x16870</value>
         <object_component_ref idref="oc-8c5"/>
      </symbol>
      <symbol id="sm-d72">
         <name>user_loop</name>
         <value>0x129e2</value>
      </symbol>
   </symbol_table>
   <title>Link successful</title>
</link_info>
