******************************************************************************
                  MSP430 Linker PC v20.2.1                     
******************************************************************************
>> Linked Thu Jul 23 09:13:00 2020

OUTPUT FILE NAME:   <Minisys_new_msp430f5529_beta3.0.out>
ENTRY POINT SYMBOL: "_c_int00_noargs"  address: 00004456


MEMORY CONFIGURATION

         name            origin    length      used     unused   attr    fill
----------------------  --------  ---------  --------  --------  ----  --------
  SFR                   00000000   00000010  00000000  00000010  RWIX
  PERIPHERALS_8BIT      00000010   000000f0  00000000  000000f0  RWIX
  PERIPHERALS_16BIT     00000100   00000100  00000000  00000100  RWIX
  INFOD                 00001800   00000080  00000000  00000080  RWIX
  INFOC                 00001880   00000080  00000000  00000080  RWIX
  INFOB                 00001900   00000080  00000000  00000080  RWIX
  INFOA                 00001980   00000080  00000000  00000080  RWIX
  USBRAM                00001c00   00000800  00000000  00000800  RWIX
  RAM                   00002400   00002000  00000120  00001ee0  RWIX
  FLASH                 00004400   0000bb80  000030f0  00008a90  RWIX
  INT00                 0000ff80   00000002  00000000  00000002  RWIX
  INT01                 0000ff82   00000002  00000000  00000002  RWIX
  INT02                 0000ff84   00000002  00000000  00000002  RWIX
  INT03                 0000ff86   00000002  00000000  00000002  RWIX
  INT04                 0000ff88   00000002  00000000  00000002  RWIX
  INT05                 0000ff8a   00000002  00000000  00000002  RWIX
  INT06                 0000ff8c   00000002  00000000  00000002  RWIX
  INT07                 0000ff8e   00000002  00000000  00000002  RWIX
  INT08                 0000ff90   00000002  00000000  00000002  RWIX
  INT09                 0000ff92   00000002  00000000  00000002  RWIX
  INT10                 0000ff94   00000002  00000000  00000002  RWIX
  INT11                 0000ff96   00000002  00000000  00000002  RWIX
  INT12                 0000ff98   00000002  00000000  00000002  RWIX
  INT13                 0000ff9a   00000002  00000000  00000002  RWIX
  INT14                 0000ff9c   00000002  00000000  00000002  RWIX
  INT15                 0000ff9e   00000002  00000000  00000002  RWIX
  INT16                 0000ffa0   00000002  00000000  00000002  RWIX
  INT17                 0000ffa2   00000002  00000000  00000002  RWIX
  INT18                 0000ffa4   00000002  00000000  00000002  RWIX
  INT19                 0000ffa6   00000002  00000000  00000002  RWIX
  INT20                 0000ffa8   00000002  00000000  00000002  RWIX
  INT21                 0000ffaa   00000002  00000000  00000002  RWIX
  INT22                 0000ffac   00000002  00000000  00000002  RWIX
  INT23                 0000ffae   00000002  00000000  00000002  RWIX
  INT24                 0000ffb0   00000002  00000000  00000002  RWIX
  INT25                 0000ffb2   00000002  00000000  00000002  RWIX
  INT26                 0000ffb4   00000002  00000000  00000002  RWIX
  INT27                 0000ffb6   00000002  00000000  00000002  RWIX
  INT28                 0000ffb8   00000002  00000000  00000002  RWIX
  INT29                 0000ffba   00000002  00000000  00000002  RWIX
  INT30                 0000ffbc   00000002  00000000  00000002  RWIX
  INT31                 0000ffbe   00000002  00000000  00000002  RWIX
  INT32                 0000ffc0   00000002  00000000  00000002  RWIX
  INT33                 0000ffc2   00000002  00000000  00000002  RWIX
  INT34                 0000ffc4   00000002  00000000  00000002  RWIX
  INT35                 0000ffc6   00000002  00000000  00000002  RWIX
  INT36                 0000ffc8   00000002  00000000  00000002  RWIX
  INT37                 0000ffca   00000002  00000000  00000002  RWIX
  INT38                 0000ffcc   00000002  00000000  00000002  RWIX
  INT39                 0000ffce   00000002  00000000  00000002  RWIX
  INT40                 0000ffd0   00000002  00000000  00000002  RWIX
  INT41                 0000ffd2   00000002  00000002  00000000  RWIX
  INT42                 0000ffd4   00000002  00000002  00000000  RWIX
  INT43                 0000ffd6   00000002  00000002  00000000  RWIX
  INT44                 0000ffd8   00000002  00000002  00000000  RWIX
  INT45                 0000ffda   00000002  00000002  00000000  RWIX
  INT46                 0000ffdc   00000002  00000002  00000000  RWIX
  INT47                 0000ffde   00000002  00000002  00000000  RWIX
  INT48                 0000ffe0   00000002  00000002  00000000  RWIX
  INT49                 0000ffe2   00000002  00000002  00000000  RWIX
  INT50                 0000ffe4   00000002  00000002  00000000  RWIX
  INT51                 0000ffe6   00000002  00000002  00000000  RWIX
  INT52                 0000ffe8   00000002  00000002  00000000  RWIX
  INT53                 0000ffea   00000002  00000002  00000000  RWIX
  INT54                 0000ffec   00000002  00000002  00000000  RWIX
  INT55                 0000ffee   00000002  00000002  00000000  RWIX
  INT56                 0000fff0   00000002  00000002  00000000  RWIX
  INT57                 0000fff2   00000002  00000002  00000000  RWIX
  INT58                 0000fff4   00000002  00000002  00000000  RWIX
  INT59                 0000fff6   00000002  00000002  00000000  RWIX
  INT60                 0000fff8   00000002  00000002  00000000  RWIX
  INT61                 0000fffa   00000002  00000002  00000000  RWIX
  INT62                 0000fffc   00000002  00000002  00000000  RWIX
  RESET                 0000fffe   00000002  00000002  00000000  RWIX
  FLASH2                00010000   00014400  00007008  0000d3f8  RWIX


SECTION ALLOCATION MAP

 output                                  attributes/
section   page    origin      length       input sections
--------  ----  ----------  ----------   ----------------
.data      0    00002400    00000044     UNINITIALIZED
                  00002400    0000002a     ads1118.obj (.data)
                  0000242a    0000000d     display_value.obj (.data)
                  00002437    00000006     user.obj (.data)
                  0000243d    00000001     usci_b1_spi.obj (.data)
                  0000243e    00000002     rts430x_lc_rd_eabi.lib : errno.c.obj (.data)
                  00002440    00000002     usci_a0_spi.obj (.data)
                  00002442    00000002     usci_b0_i2c.obj (.data)

.bss       0    00002444    0000003c     UNINITIALIZED
                  00002444    0000000c     (.common:c)
                  00002450    0000000a     (.common:dianliu)
                  0000245a    0000000a     (.common:dianya)
                  00002464    00000008     usci_a0_spi.obj (.bss)
                  0000246c    00000008     usci_b0_i2c.obj (.bss)
                  00002474    00000008     usci_b1_spi.obj (.bss)
                  0000247c    00000002     (.common:i)
                  0000247e    00000002     (.common:n)

.stack     0    00004360    000000a0     UNINITIALIZED
                  00004360    00000004     rts430x_lc_rd_eabi.lib : boot.c.obj (.stack)
                  00004364    0000009c     --HOLE--

.text:_isr 
*          0    00004400    00000084     
                  00004400    0000001e     vector.obj (.text:_isr:USCI_B0_ISR)
                  0000441e    0000001c     vector.obj (.text:_isr:USCI_A0_ISR)
                  0000443a    0000001c     vector.obj (.text:_isr:USCI_B1_ISR)
                  00004456    0000001c     rts430x_lc_rd_eabi.lib : boot.c.obj (.text:_isr:_c_int00_noargs)
                  00004472    0000000a     vector.obj (.text:_isr:WDT_ISR)
                  0000447c    00000008     rts430x_lc_rd_eabi.lib : isr_trap.asm.obj (.text:_isr:__TI_ISR_TRAP)

.cinit     0    000074b4    0000003c     
                  000074b4    0000001a     (.cinit..data.load) [load image, compression = lzss]
                  000074ce    0000000c     (__TI_handler_table)
                  000074da    00000006     (.cinit..bss.load) [load image, compression = zero_init]
                  000074e0    00000010     (__TI_cinit_table)

.binit     0    00004400    00000000     

.init_array 
*          0    00004400    00000000     UNINITIALIZED

.const     0    00004484    00003030     
                  00004484    000017c0     fonts.obj (.const:c_chFont3216)
                  00005c44    00000be0     fonts.obj (.const:c_chFont1616)
                  00006824    000005f0     fonts.obj (.const:c_chFont1608)
                  00006e14    00000474     fonts.obj (.const:c_chFont1206)
                  00007288    00000101     rts430x_lc_rd_eabi.lib : ctype.c.obj (.const:.string:_ctypes_)
                  00007389    00000001     --HOLE-- [fill = 0]
                  0000738a    0000005c     user.obj (.const:.string)
                  000073e6    00000054     display_value.obj (.const:.string)
                  0000743a    00000026     rts430x_lc_rd_eabi.lib : _printfi.c.obj (.const:.string)
                  00007460    0000001c     ads1118.obj (.const:.string)
                  0000747c    00000010     rts430x_lc_rd_eabi.lib : e_pow.c.obj (.const:bp)
                  0000748c    00000010                            : e_pow.c.obj (.const:dp_h)
                  0000749c    00000010                            : e_pow.c.obj (.const:dp_l)
                  000074ac    00000004     fonts.obj (.const:.string:fonts_height)
                  000074b0    00000004     fonts.obj (.const:.string:fonts_width)

RTC        0    0000ffd2    00000002     
                  0000ffd2    00000002     rts430x_lc_rd_eabi.lib : int41.asm.obj (.int41)

PORT2      0    0000ffd4    00000002     
                  0000ffd4    00000002     rts430x_lc_rd_eabi.lib : int42.asm.obj (.int42)

TIMER2_A1 
*          0    0000ffd6    00000002     
                  0000ffd6    00000002     rts430x_lc_rd_eabi.lib : int43.asm.obj (.int43)

TIMER2_A0 
*          0    0000ffd8    00000002     
                  0000ffd8    00000002     rts430x_lc_rd_eabi.lib : int44.asm.obj (.int44)

USCI_B1    0    0000ffda    00000002     
                  0000ffda    00000002     vector.obj (.int45)

USCI_A1    0    0000ffdc    00000002     
                  0000ffdc    00000002     rts430x_lc_rd_eabi.lib : int46.asm.obj (.int46)

PORT1      0    0000ffde    00000002     
                  0000ffde    00000002     rts430x_lc_rd_eabi.lib : int47.asm.obj (.int47)

TIMER1_A1 
*          0    0000ffe0    00000002     
                  0000ffe0    00000002     rts430x_lc_rd_eabi.lib : int48.asm.obj (.int48)

TIMER1_A0 
*          0    0000ffe2    00000002     
                  0000ffe2    00000002     rts430x_lc_rd_eabi.lib : int49.asm.obj (.int49)

DMA        0    0000ffe4    00000002     
                  0000ffe4    00000002     rts430x_lc_rd_eabi.lib : int50.asm.obj (.int50)

USB_UBM    0    0000ffe6    00000002     
                  0000ffe6    00000002     rts430x_lc_rd_eabi.lib : int51.asm.obj (.int51)

TIMER0_A1 
*          0    0000ffe8    00000002     
                  0000ffe8    00000002     rts430x_lc_rd_eabi.lib : int52.asm.obj (.int52)

TIMER0_A0 
*          0    0000ffea    00000002     
                  0000ffea    00000002     rts430x_lc_rd_eabi.lib : int53.asm.obj (.int53)

ADC12      0    0000ffec    00000002     
                  0000ffec    00000002     rts430x_lc_rd_eabi.lib : int54.asm.obj (.int54)

USCI_B0    0    0000ffee    00000002     
                  0000ffee    00000002     vector.obj (.int55)

USCI_A0    0    0000fff0    00000002     
                  0000fff0    00000002     vector.obj (.int56)

WDT        0    0000fff2    00000002     
                  0000fff2    00000002     vector.obj (.int57)

TIMER0_B1 
*          0    0000fff4    00000002     
                  0000fff4    00000002     rts430x_lc_rd_eabi.lib : int58.asm.obj (.int58)

TIMER0_B0 
*          0    0000fff6    00000002     
                  0000fff6    00000002     rts430x_lc_rd_eabi.lib : int59.asm.obj (.int59)

COMP_B     0    0000fff8    00000002     
                  0000fff8    00000002     rts430x_lc_rd_eabi.lib : int60.asm.obj (.int60)

UNMI       0    0000fffa    00000002     
                  0000fffa    00000002     rts430x_lc_rd_eabi.lib : int61.asm.obj (.int61)

SYSNMI     0    0000fffc    00000002     
                  0000fffc    00000002     rts430x_lc_rd_eabi.lib : int62.asm.obj (.int62)

.reset     0    0000fffe    00000002     
                  0000fffe    00000002     rts430x_lc_rd_eabi.lib : boot.c.obj (.reset)

.text      0    00010000    00007008     
                  00010000    00001148     rts430x_lc_rd_eabi.lib : e_pow.c.obj (.text:pow)
                  00011148    000005d2     ads1118.obj (.text:cc_mode_adc2_feedback)
                  0001171a    000004ec     user.obj (.text:P2_IODect)
                  00011c06    00000466     rts430x_lc_rd_eabi.lib : frcdivd.c.obj (.text:__TI_frcdivd)
                  0001206c    0000034e                            : div64u.c.obj (.text:__mspabi_divull)
                  000123ba    000002e0                            : addd.c.obj (.text:__mspabi_addd)
                  0001269a    000002de                            : e_sqrt.c.obj (.text:sqrt)
                  00012978    000002a6                            : _printfi.c.obj (.text:__TI_printfi)
                  00012c1e    00000288     display_value.obj (.text:display_value)
                  00012ea6    00000280     rts430x_lc_rd_eabi.lib : frcmpyd.c.obj (.text:__TI_frcmpyd)
                  00013126    0000027c     ssd1351.obj (.text:ssd1351_set_gray_scale_table)
                  000133a2    0000027a     rts430x_lc_rd_eabi.lib : _printfi.c.obj (.text:_setfield)
                  0001361c    00000268                            : _printfi.c.obj (.text:_pproc_fgea)
                  00013884    00000266                            : mpyd.c.obj (.text:__mspabi_mpyd)
                  00013aea    00000248                            : frcaddd.c.obj (.text:__TI_frcaddd)
                  00013d32    00000224                            : _printfi.c.obj (.text:acvt)
                  00013f56    00000222                            : divd.c.obj (.text:__mspabi_divd)
                  00014178    0000020c                            : _printfi.c.obj (.text:_getarg_diouxp)
                  00014384    000001e8     ads1118.obj (.text:ADS1118)
                  0001456c    000001e6     rts430x_lc_rd_eabi.lib : _printfi.c.obj (.text:ecvt)
                  00014752    000001cc     ssd1351.obj (.text:ssd1351_init)
                  0001491e    000001c8     rts430x_lc_rd_eabi.lib : _printfi.c.obj (.text:fcvt)
                  00014ae6    000001a2                            : _printfi.c.obj (.text:_pconv_e)
                  00014c88    00000198     ads1118.obj (.text:get_ads1118_sample_voltage)
                  00014e20    00000170     rts430x_lc_rd_eabi.lib : _printfi.c.obj (.text:_pconv_a)
                  00014f90    0000015a                            : s_scalbn.c.obj (.text:scalbn)
                  000150ea    00000148                            : _printfi.c.obj (.text:_pproc_diouxp)
                  00015232    00000132                            : fs_add.asm.obj (.text)
                  00015364    00000128                            : _printfi.c.obj (.text:_ltostr)
                  0001548c    00000128     ssd1351.obj (.text:ssd1351_display_char)
                  000155b4    000000fc     rts430x_lc_rd_eabi.lib : _printfi.c.obj (.text:_pconv_g)
                  000156b0    000000ea                            : _printfi.c.obj (.text:_pproc_fwp)
                  0001579a    000000d8                            : cmpd.c.obj (.text:__mspabi_cmpd)
                  00015872    000000c8                            : _printfi.c.obj (.text:_pproc_wstr)
                  0001593a    000000bc     dac8571.obj (.text:IIC_TR)
                  000159f6    000000b8     rts430x_lc_rd_eabi.lib : fs_mpy.asm.obj (.text)
                  00015aae    000000b6     ads1118.obj (.text:average_voltage_caculate)
                  00015b64    000000b2     rts430x_lc_rd_eabi.lib : renormd.c.obj (.text:__TI_renormd)
                  00015c16    000000b0     dac8571.obj (.text:DAC8571_OUT)
                  00015cc6    000000a6     rts430x_lc_rd_eabi.lib : _printfi.c.obj (.text:_pproc_str)
                  00015d6c    000000a6                            : s_frexp.c.obj (.text:frexp)
                  00015e12    0000009e                            : fltlid.c.obj (.text:__mspabi_fltlid)
                  00015eb0    00000094     ssd1351.obj (.text:ssd1351_draw_h_line)
                  00015f44    00000090     rts430x_lc_rd_eabi.lib : _printfi.c.obj (.text:_ecpy)
                  00015fd4    00000090                            : _printfi.c.obj (.text:_mcpy)
                  00016064    00000090                            : fs_div.asm.obj (.text)
                  000160f4    0000008c                            : cvtdf.c.obj (.text:__mspabi_cvtdf)
                  00016180    0000008a     ssd1351.obj (.text:ssd1351_display_string)
                  0001620a    00000080     rts430x_lc_rd_eabi.lib : _ltoa.c.obj (.text:__TI_ltoa)
                  0001628a    00000078                            : _printfi.c.obj (.text:_pconv_f)
                  00016302    00000078     ssd1351.obj (.text:ssd1351_clear_gram)
                  0001637a    00000076     rts430x_lc_rd_eabi.lib : copy_decompress_lzss.c.obj (.text:decompress:lzss:__TI_decompress_lzss)
                  000163f0    0000006c     ssd1351.obj (.text:ssd1351_draw_point)
                  0001645c    00000068     rts430x_lc_rd_eabi.lib : fixdul.c.obj (.text:__mspabi_fixdul)
                  000164c4    00000066                            : fixdli.c.obj (.text:__mspabi_fixdli)
                  0001652a    00000064                            : cvtfd.c.obj (.text:__mspabi_cvtfd)
                  0001658e    00000062                            : atoi.c.obj (.text:atoi)
                  000165f0    00000060     ucs.obj (.text:ucs_init)
                  00016650    00000058     rts430x_lc_rd_eabi.lib : div32u.asm.obj (.text)
                  000166a8    00000054                            : autoinit.c.obj (.text:__TI_auto_init_nobinit_nopinit_hold_wdt:__TI_auto_init_nobinit_nopinit_hold_wdt)
                  000166fc    0000004e                            : _printfi.c.obj (.text:_fcpy)
                  0001674a    0000004e     ucs.obj (.text:set_vcore_up)
                  00016798    0000004a     rts430x_lc_rd_eabi.lib : fs_cmp.asm.obj (.text)
                  000167e2    00000044                            : sprintf.c.obj (.text:sprintf)
                  00016826    00000040     ads1118.obj (.text:ADS_Read)
                  00016866    00000040     rts430x_lc_rd_eabi.lib : div32s.asm.obj (.text)
                  000168a6    0000003e                            : asr32.asm.obj (.text:l_asr_const)
                  000168e4    0000003e                            : lsl32.asm.obj (.text:l_lsl_const)
                  00016922    0000003e                            : lsr32.asm.obj (.text:l_lsr_const)
                  00016960    0000003a                            : lsl64.c.obj (.text:__mspabi_sllll)
                  0001699a    0000003a                            : lsr64.c.obj (.text:__mspabi_srlll)
                  000169d4    00000038     dac8571.obj (.text:IIC_START)
                  00016a0c    00000038     user.obj (.text:mode_choose_interface)
                  00016a44    00000038     usci_a0_spi.obj (.text:usci_a0_spi_transmit_frame)
                  00016a7c    00000036     dac8571.obj (.text:IIC_STOP)
                  00016ab2    00000036     ads1118.obj (.text:WriteSPI)
                  00016ae8    00000036     rts430x_lc_rd_eabi.lib : fs_itof.asm.obj (.text)
                  00016b1e    00000034     usci_a0_spi.obj (.text:usci_a0_spi_init)
                  00016b52    00000032     rts430x_lc_rd_eabi.lib : subd.c.obj (.text:__mspabi_subd)
                  00016b84    00000030     ssd1351.obj (.text:ssd1351_write_byte)
                  00016bb4    00000030     usci_b0_i2c.obj (.text:usci_b0_i2c_rx_isr_handle)
                  00016be4    0000002e     dac8571.obj (.text:DAC_Init)
                  00016c12    0000002e     rts430x_lc_rd_eabi.lib : negd.c.obj (.text:__mspabi_negd)
                  00016c40    0000002e                            : s_copysign.c.obj (.text:copysign)
                  00016c6e    0000002a     usci_a0_spi.obj (.text:usci_a0_spi_rx_isr_handle)
                  00016c98    00000028     rts430x_lc_rd_eabi.lib : fixdi.c.obj (.text:__mspabi_fixdi)
                  00016cc0    00000028     usci_b0_i2c.obj (.text:usci_b0_i2c_tx_isr_handle)
                  00016ce8    00000026     rts430x_lc_rd_eabi.lib : memccpy.c.obj (.text:memccpy)
                  00016d0e    00000024                            : copy_zero_init.c.obj (.text:decompress:ZI:__TI_zero_init_nomemset:__TI_zero_init_nomemset)
                  00016d32    00000024                            : fs_utof.asm.obj (.text)
                  00016d56    00000024                            : mult32_f5hw.asm.obj (.text)
                  00016d7a    00000024     usci_a0_spi.obj (.text:usci_a0_spi_tx_isr_handle)
                  00016d9e    00000022     usci_b1_spi.obj (.text:usci_b1_spi_tx_isr_handle)
                  00016dc0    00000020     rts430x_lc_rd_eabi.lib : sprintf.c.obj (.text:_outs)
                  00016de0    0000001c     main.obj (.text:main)
                  00016dfc    0000001c     rts430x_lc_rd_eabi.lib : strchr.c.obj (.text:strchr)
                  00016e18    0000001a     usci_b1_spi.obj (.text:usci_b1_spi_rx_isr_handle)
                  00016e32    00000018     ads1118.obj (.text:ADS1118_Config)
                  00016e4a    00000018     rts430x_lc_rd_eabi.lib : mult16_f5hw.asm.obj (.text)
                  00016e62    00000016     dac8571.obj (.text:IIC_OVER)
                  00016e78    00000016     rts430x_lc_rd_eabi.lib : memset.c.obj (.text:memset)
                  00016e8e    00000016                            : div16u.asm.obj (.text)
                  00016ea4    00000016                            : wcslen.c.obj (.text:wcslen)
                  00016eba    00000014     dac8571.obj (.text:DAC8571_Init)
                  00016ece    00000014     rts430x_lc_rd_eabi.lib : sprintf.c.obj (.text:_outc)
                  00016ee2    00000014     key.obj (.text:key_init)
                  00016ef6    00000014     rts430x_lc_rd_eabi.lib : memcpy.c.obj (.text:memcpy)
                  00016f0a    00000012     ads1118.obj (.text:ADS1118_Init)
                  00016f1c    00000012     rts430x_lc_rd_eabi.lib : fixdu.c.obj (.text:__mspabi_fixdu)
                  00016f2e    00000012                            : copy_decompress_none.c.obj (.text:decompress:none:__TI_decompress_none)
                  00016f40    00000012     init.obj (.text:device_init)
                  00016f52    00000012     init.obj (.text:driver_init)
                  00016f64    00000012     soft_i2c.obj (.text:soft_i2c_init)
                  00016f76    00000012     rts430x_lc_rd_eabi.lib : toupper.c.obj (.text:toupper)
                  00016f88    00000010                            : asr32.asm.obj (.text:l_asr)
                  00016f98    00000010                            : lsl32.asm.obj (.text:l_lsl)
                  00016fa8    00000010                            : lsr32.asm.obj (.text:l_lsr)
                  00016fb8    0000000e                            : strlen.c.obj (.text:strlen)
                  00016fc6    0000000c                            : fltid.c.obj (.text:__mspabi_fltid)
                  00016fd2    0000000c     wdt.obj (.text:wdt_init)
                  00016fde    0000000a     rts430x_lc_rd_eabi.lib : abs.c.obj (.text:abs)
                  00016fe8    0000000a                            : lsl16.asm.obj (.text)
                  00016ff2    0000000a                            : lsr16.asm.obj (.text)
                  00016ffc    00000006                            : exit.c.obj (.text:abort)
                  00017002    00000004                            : pre_init.c.obj (.text:_system_pre_init)
                  00017006    00000002                            : startup.c.obj (.text:_system_post_cinit)

MODULE SUMMARY

       Module                       code    ro data   rw data
       ------                       ----    -------   -------
    .\src\
       vector.obj                   96      8         0      
       main.obj                     28      0         0      
    +--+----------------------------+-------+---------+---------+
       Total:                       124     8         0      
                                                             
    .\src\device\
       usci_a0_spi.obj              186     0         10     
       ucs.obj                      174     0         0      
       usci_b0_i2c.obj              88      0         10     
       usci_b1_spi.obj              60      0         9      
       soft_i2c.obj                 18      0         0      
       wdt.obj                      12      0         0      
    +--+----------------------------+-------+---------+---------+
       Total:                       538     0         29     
                                                             
    .\src\driver\
       ads1118.obj                  2728    28        54     
       ssd1351.obj                  1954    0         0      
       dac8571.obj                  562     0         4      
       key.obj                      20      0         0      
    +--+----------------------------+-------+---------+---------+
       Total:                       5264    28        58     
                                                             
    .\src\system\
       fonts.obj                    0       11788     0      
       user.obj                     1316    92        6      
       init.obj                     36      0         0      
    +--+----------------------------+-------+---------+---------+
       Total:                       1352    11880     6      
                                                             
    .\src\user\
       display_value.obj            648     84        33     
    +--+----------------------------+-------+---------+---------+
       Total:                       648     84        33     
                                                             
    C:\ti\ccs1010\ccs\tools\compiler\ti-cgt-msp430_20.2.1.LTS\lib\rts430x_lc_rd_eabi.lib
       _printfi.c.obj               6690    38        0      
       e_pow.c.obj                  4424    48        0      
       frcdivd.c.obj                1126    0         0      
       div64u.c.obj                 846     0         0      
       addd.c.obj                   736     0         0      
       e_sqrt.c.obj                 734     0         0      
       frcmpyd.c.obj                640     0         0      
       mpyd.c.obj                   614     0         0      
       frcaddd.c.obj                584     0         0      
       divd.c.obj                   546     0         0      
       s_scalbn.c.obj               346     0         0      
       fs_add.asm.obj               306     0         0      
       ctype.c.obj                  0       257       0      
       cmpd.c.obj                   216     0         0      
       fs_mpy.asm.obj               184     0         0      
       renormd.c.obj                178     0         0      
       s_frexp.c.obj                166     0         0      
       fltlid.c.obj                 158     0         0      
       fs_div.asm.obj               144     0         0      
       cvtdf.c.obj                  140     0         0      
       _ltoa.c.obj                  128     0         0      
       sprintf.c.obj                120     0         0      
       copy_decompress_lzss.c.obj   118     0         0      
       fixdul.c.obj                 104     0         0      
       fixdli.c.obj                 102     0         0      
       cvtfd.c.obj                  100     0         0      
       atoi.c.obj                   98      0         0      
       div32u.asm.obj               88      0         0      
       autoinit.c.obj               84      0         0      
       asr32.asm.obj                78      0         0      
       lsl32.asm.obj                78      0         0      
       lsr32.asm.obj                78      0         0      
       fs_cmp.asm.obj               74      0         0      
       div32s.asm.obj               64      0         0      
       lsl64.c.obj                  58      0         0      
       lsr64.c.obj                  58      0         0      
       fs_itof.asm.obj              54      0         0      
       subd.c.obj                   50      0         0      
       negd.c.obj                   46      0         0      
       s_copysign.c.obj             46      0         0      
       fixdi.c.obj                  40      0         0      
       memccpy.c.obj                38      0         0      
       copy_zero_init.c.obj         36      0         0      
       fs_utof.asm.obj              36      0         0      
       mult32_f5hw.asm.obj          36      0         0      
       boot.c.obj                   28      2         0      
       strchr.c.obj                 28      0         0      
       mult16_f5hw.asm.obj          24      0         0      
       div16u.asm.obj               22      0         0      
       memset.c.obj                 22      0         0      
       wcslen.c.obj                 22      0         0      
       memcpy.c.obj                 20      0         0      
       copy_decompress_none.c.obj   18      0         0      
       fixdu.c.obj                  18      0         0      
       toupper.c.obj                18      0         0      
       strlen.c.obj                 14      0         0      
       fltid.c.obj                  12      0         0      
       abs.c.obj                    10      0         0      
       lsl16.asm.obj                10      0         0      
       lsr16.asm.obj                10      0         0      
       isr_trap.asm.obj             8       0         0      
       exit.c.obj                   6       0         0      
       pre_init.c.obj               4       0         0      
       errno.c.obj                  0       0         2      
       int41.asm.obj                0       2         0      
       int42.asm.obj                0       2         0      
       int43.asm.obj                0       2         0      
       int44.asm.obj                0       2         0      
       int46.asm.obj                0       2         0      
       int47.asm.obj                0       2         0      
       int48.asm.obj                0       2         0      
       int49.asm.obj                0       2         0      
       int50.asm.obj                0       2         0      
       int51.asm.obj                0       2         0      
       int52.asm.obj                0       2         0      
       int53.asm.obj                0       2         0      
       int54.asm.obj                0       2         0      
       int58.asm.obj                0       2         0      
       int59.asm.obj                0       2         0      
       int60.asm.obj                0       2         0      
       int61.asm.obj                0       2         0      
       int62.asm.obj                0       2         0      
       startup.c.obj                2       0         0      
    +--+----------------------------+-------+---------+---------+
       Total:                       20886   381       2      
                                                             
       Stack:                       0       0         160    
       Linker Generated:            0       60        0      
    +--+----------------------------+-------+---------+---------+
       Grand Total:                 28812   12441     288    


LINKER GENERATED COPY TABLES

__TI_cinit_table @ 000074e0 records: 2, size/record: 8, table size: 16
	.data: load addr=000074b4, load size=0000001a bytes, run addr=00002400, run size=00000044 bytes, compression=lzss
	.bss: load addr=000074da, load size=00000006 bytes, run addr=00002444, run size=0000003c bytes, compression=zero_init


LINKER GENERATED HANDLER TABLE

__TI_handler_table @ 000074ce records: 3, size/record: 4, table size: 12
	index: 0, handler: __TI_zero_init
	index: 1, handler: __TI_decompress_lzss
	index: 2, handler: __TI_decompress_none


GLOBAL SYMBOLS: SORTED ALPHABETICALLY BY Name 

address   name                                   
-------   ----                                   
00000700  ADC12CTL0                              
00000701  ADC12CTL0_H                            
00000700  ADC12CTL0_L                            
00000702  ADC12CTL1                              
00000703  ADC12CTL1_H                            
00000702  ADC12CTL1_L                            
00000704  ADC12CTL2                              
00000705  ADC12CTL2_H                            
00000704  ADC12CTL2_L                            
0000070c  ADC12IE                                
0000070d  ADC12IE_H                              
0000070c  ADC12IE_L                              
0000070a  ADC12IFG                               
0000070b  ADC12IFG_H                             
0000070a  ADC12IFG_L                             
0000070e  ADC12IV                                
0000070f  ADC12IV_H                              
0000070e  ADC12IV_L                              
00000710  ADC12MCTL0                             
00000711  ADC12MCTL1                             
0000071a  ADC12MCTL10                            
0000071b  ADC12MCTL11                            
0000071c  ADC12MCTL12                            
0000071d  ADC12MCTL13                            
0000071e  ADC12MCTL14                            
0000071f  ADC12MCTL15                            
00000712  ADC12MCTL2                             
00000713  ADC12MCTL3                             
00000714  ADC12MCTL4                             
00000715  ADC12MCTL5                             
00000716  ADC12MCTL6                             
00000717  ADC12MCTL7                             
00000718  ADC12MCTL8                             
00000719  ADC12MCTL9                             
00000720  ADC12MEM0                              
00000721  ADC12MEM0_H                            
00000720  ADC12MEM0_L                            
00000722  ADC12MEM1                              
00000734  ADC12MEM10                             
00000735  ADC12MEM10_H                           
00000734  ADC12MEM10_L                           
00000736  ADC12MEM11                             
00000737  ADC12MEM11_H                           
00000736  ADC12MEM11_L                           
00000738  ADC12MEM12                             
00000739  ADC12MEM12_H                           
00000738  ADC12MEM12_L                           
0000073a  ADC12MEM13                             
0000073b  ADC12MEM13_H                           
0000073a  ADC12MEM13_L                           
0000073c  ADC12MEM14                             
0000073d  ADC12MEM14_H                           
0000073c  ADC12MEM14_L                           
0000073e  ADC12MEM15                             
0000073f  ADC12MEM15_H                           
0000073e  ADC12MEM15_L                           
00000723  ADC12MEM1_H                            
00000722  ADC12MEM1_L                            
00000724  ADC12MEM2                              
00000725  ADC12MEM2_H                            
00000724  ADC12MEM2_L                            
00000726  ADC12MEM3                              
00000727  ADC12MEM3_H                            
00000726  ADC12MEM3_L                            
00000728  ADC12MEM4                              
00000729  ADC12MEM4_H                            
00000728  ADC12MEM4_L                            
0000072a  ADC12MEM5                              
0000072b  ADC12MEM5_H                            
0000072a  ADC12MEM5_L                            
0000072c  ADC12MEM6                              
0000072d  ADC12MEM6_H                            
0000072c  ADC12MEM6_L                            
0000072e  ADC12MEM7                              
0000072f  ADC12MEM7_H                            
0000072e  ADC12MEM7_L                            
00000730  ADC12MEM8                              
00000731  ADC12MEM8_H                            
00000730  ADC12MEM8_L                            
00000732  ADC12MEM9                              
00000733  ADC12MEM9_H                            
00000732  ADC12MEM9_L                            
00014384  ADS1118                                
00016e32  ADS1118_Config                         
00016f0a  ADS1118_Init                           
00016826  ADS_Read                               
00016ffc  C$$EXIT                                
000008c0  CBCTL0                                 
000008c1  CBCTL0_H                               
000008c0  CBCTL0_L                               
000008c2  CBCTL1                                 
000008c3  CBCTL1_H                               
000008c2  CBCTL1_L                               
000008c4  CBCTL2                                 
000008c5  CBCTL2_H                               
000008c4  CBCTL2_L                               
000008c6  CBCTL3                                 
000008c7  CBCTL3_H                               
000008c6  CBCTL3_L                               
000008cc  CBINT                                  
000008cd  CBINT_H                                
000008cc  CBINT_L                                
000008ce  CBIV                                   
0000242a  CC_value                               
0000240c  CC_value_fact                          
0000242e  CC_voltage                             
00000150  CRCDI                                  
00000152  CRCDIRB                                
00000153  CRCDIRB_H                              
00000152  CRCDIRB_L                              
00000151  CRCDI_H                                
00000150  CRCDI_L                                
00000154  CRCINIRES                              
00000155  CRCINIRES_H                            
00000154  CRCINIRES_L                            
00000156  CRCRESR                                
00000157  CRCRESR_H                              
00000156  CRCRESR_L                              
00002432  CV_value                               
00002410  CV_value_fact                          
00016eba  DAC8571_Init                           
00015c16  DAC8571_OUT                            
00016be4  DAC_Init                               
00000510  DMA0CTL                                
00000516  DMA0DA                                 
00000518  DMA0DAH                                
00000516  DMA0DAL                                
00000512  DMA0SA                                 
00000514  DMA0SAH                                
00000512  DMA0SAL                                
0000051a  DMA0SZ                                 
00000520  DMA1CTL                                
00000526  DMA1DA                                 
00000528  DMA1DAH                                
00000526  DMA1DAL                                
00000522  DMA1SA                                 
00000524  DMA1SAH                                
00000522  DMA1SAL                                
0000052a  DMA1SZ                                 
00000530  DMA2CTL                                
00000536  DMA2DA                                 
00000538  DMA2DAH                                
00000536  DMA2DAL                                
00000532  DMA2SA                                 
00000534  DMA2SAH                                
00000532  DMA2SAL                                
0000053a  DMA2SZ                                 
00000500  DMACTL0                                
00000502  DMACTL1                                
00000504  DMACTL2                                
00000506  DMACTL3                                
00000508  DMACTL4                                
0000050e  DMAIV                                  
00000140  FCTL1                                  
00000141  FCTL1_H                                
00000140  FCTL1_L                                
00000144  FCTL3                                  
00000145  FCTL3_H                                
00000144  FCTL3_L                                
00000146  FCTL4                                  
00000147  FCTL4_H                                
00000146  FCTL4_L                                
00016e62  IIC_OVER                               
000169d4  IIC_START                              
00016a7c  IIC_STOP                               
0001593a  IIC_TR                                 
000004c4  MAC                                    
000004da  MAC32H                                 
000004db  MAC32H_H                               
000004da  MAC32H_L                               
000004d8  MAC32L                                 
000004d9  MAC32L_H                               
000004d8  MAC32L_L                               
000004c6  MACS                                   
000004de  MACS32H                                
000004df  MACS32H_H                              
000004de  MACS32H_L                              
000004dc  MACS32L                                
000004dd  MACS32L_H                              
000004dc  MACS32L_L                              
000004c7  MACS_H                                 
000004c6  MACS_L                                 
000004c5  MAC_H                                  
000004c4  MAC_L                                  
000004c0  MPY                                    
000004ec  MPY32CTL0                              
000004ed  MPY32CTL0_H                            
000004ec  MPY32CTL0_L                            
000004d2  MPY32H                                 
000004d3  MPY32H_H                               
000004d2  MPY32H_L                               
000004d0  MPY32L                                 
000004d1  MPY32L_H                               
000004d0  MPY32L_L                               
000004c2  MPYS                                   
000004d6  MPYS32H                                
000004d7  MPYS32H_H                              
000004d6  MPYS32H_L                              
000004d4  MPYS32L                                
000004d5  MPYS32L_H                              
000004d4  MPYS32L_L                              
000004c3  MPYS_H                                 
000004c2  MPYS_L                                 
000004c1  MPY_H                                  
000004c0  MPY_L                                  
000004c8  OP2                                    
000004e2  OP2H                                   
000004e3  OP2H_H                                 
000004e2  OP2H_L                                 
000004e0  OP2L                                   
000004e1  OP2L_H                                 
000004e0  OP2L_L                                 
000004c9  OP2_H                                  
000004c8  OP2_L                                  
0000020e  P1IV                                   
0000021e  P2IV                                   
0001171a  P2_IODect                              
000001e0  P4MAP01                                
000001e1  P4MAP01_H                              
000001e0  P4MAP01_L                              
000001e2  P4MAP23                                
000001e3  P4MAP23_H                              
000001e2  P4MAP23_L                              
000001e4  P4MAP45                                
000001e5  P4MAP45_H                              
000001e4  P4MAP45_L                              
000001e6  P4MAP67                                
000001e7  P4MAP67_H                              
000001e6  P4MAP67_L                              
00000204  PADIR                                  
00000205  PADIR_H                                
00000204  PADIR_L                                
00000208  PADS                                   
00000209  PADS_H                                 
00000208  PADS_L                                 
0000021a  PAIE                                   
00000218  PAIES                                  
00000219  PAIES_H                                
00000218  PAIES_L                                
0000021b  PAIE_H                                 
0000021a  PAIE_L                                 
0000021c  PAIFG                                  
0000021d  PAIFG_H                                
0000021c  PAIFG_L                                
00000200  PAIN                                   
00000201  PAIN_H                                 
00000200  PAIN_L                                 
00000202  PAOUT                                  
00000203  PAOUT_H                                
00000202  PAOUT_L                                
00000206  PAREN                                  
00000207  PAREN_H                                
00000206  PAREN_L                                
0000020a  PASEL                                  
0000020b  PASEL_H                                
0000020a  PASEL_L                                
00000224  PBDIR                                  
00000225  PBDIR_H                                
00000224  PBDIR_L                                
00000228  PBDS                                   
00000229  PBDS_H                                 
00000228  PBDS_L                                 
00000220  PBIN                                   
00000221  PBIN_H                                 
00000220  PBIN_L                                 
00000222  PBOUT                                  
00000223  PBOUT_H                                
00000222  PBOUT_L                                
00000226  PBREN                                  
00000227  PBREN_H                                
00000226  PBREN_L                                
0000022a  PBSEL                                  
0000022b  PBSEL_H                                
0000022a  PBSEL_L                                
00000244  PCDIR                                  
00000245  PCDIR_H                                
00000244  PCDIR_L                                
00000248  PCDS                                   
00000249  PCDS_H                                 
00000248  PCDS_L                                 
00000240  PCIN                                   
00000241  PCIN_H                                 
00000240  PCIN_L                                 
00000242  PCOUT                                  
00000243  PCOUT_H                                
00000242  PCOUT_L                                
00000246  PCREN                                  
00000247  PCREN_H                                
00000246  PCREN_L                                
0000024a  PCSEL                                  
0000024b  PCSEL_H                                
0000024a  PCSEL_L                                
00000264  PDDIR                                  
00000265  PDDIR_H                                
00000264  PDDIR_L                                
00000268  PDDS                                   
00000269  PDDS_H                                 
00000268  PDDS_L                                 
00000260  PDIN                                   
00000261  PDIN_H                                 
00000260  PDIN_L                                 
00000262  PDOUT                                  
00000263  PDOUT_H                                
00000262  PDOUT_L                                
00000266  PDREN                                  
00000267  PDREN_H                                
00000266  PDREN_L                                
0000026a  PDSEL                                  
0000026b  PDSEL_H                                
0000026a  PDSEL_L                                
00000324  PJDIR                                  
00000325  PJDIR_H                                
00000324  PJDIR_L                                
00000328  PJDS                                   
00000329  PJDS_H                                 
00000328  PJDS_L                                 
00000320  PJIN                                   
00000321  PJIN_H                                 
00000320  PJIN_L                                 
00000322  PJOUT                                  
00000323  PJOUT_H                                
00000322  PJOUT_L                                
00000326  PJREN                                  
00000327  PJREN_H                                
00000326  PJREN_L                                
00000130  PM5CTL0                                
00000131  PM5CTL0_H                              
00000130  PM5CTL0_L                              
000001c2  PMAPCTL                                
000001c3  PMAPCTL_H                              
000001c2  PMAPCTL_L                              
000001c0  PMAPKEYID                              
000001c1  PMAPKEYID_H                            
000001c0  PMAPKEYID_L                            
00000120  PMMCTL0                                
00000121  PMMCTL0_H                              
00000120  PMMCTL0_L                              
00000122  PMMCTL1                                
00000123  PMMCTL1_H                              
00000122  PMMCTL1_L                              
0000012c  PMMIFG                                 
0000012d  PMMIFG_H                               
0000012c  PMMIFG_L                               
0000012e  PMMRIE                                 
0000012f  PMMRIE_H                               
0000012e  PMMRIE_L                               
00000158  RCCTL0                                 
00000159  RCCTL0_H                               
00000158  RCCTL0_L                               
000001b0  REFCTL0                                
000001b1  REFCTL0_H                              
000001b0  REFCTL0_L                              
000004e4  RES0                                   
000004e5  RES0_H                                 
000004e4  RES0_L                                 
000004e6  RES1                                   
000004e7  RES1_H                                 
000004e6  RES1_L                                 
000004e8  RES2                                   
000004e9  RES2_H                                 
000004e8  RES2_L                                 
000004ea  RES3                                   
000004eb  RES3_H                                 
000004ea  RES3_L                                 
000004cc  RESHI                                  
000004cd  RESHI_H                                
000004cc  RESHI_L                                
000004ca  RESLO                                  
000004cb  RESLO_H                                
000004ca  RESLO_L                                
000004ba  RTCADOWDAY                             
000004bb  RTCADOWDAY_H                           
000004ba  RTCADOWDAY_L                           
000004b8  RTCAMINHR                              
000004b9  RTCAMINHR_H                            
000004b8  RTCAMINHR_L                            
000004a0  RTCCTL01                               
000004a1  RTCCTL01_H                             
000004a0  RTCCTL01_L                             
000004a2  RTCCTL23                               
000004a3  RTCCTL23_H                             
000004a2  RTCCTL23_L                             
000004b4  RTCDATE                                
000004b5  RTCDATE_H                              
000004b4  RTCDATE_L                              
000004ae  RTCIV                                  
000004ac  RTCPS                                  
000004a8  RTCPS0CTL                              
000004a9  RTCPS0CTL_H                            
000004a8  RTCPS0CTL_L                            
000004aa  RTCPS1CTL                              
000004ab  RTCPS1CTL_H                            
000004aa  RTCPS1CTL_L                            
000004ad  RTCPS_H                                
000004ac  RTCPS_L                                
000004b0  RTCTIM0                                
000004b1  RTCTIM0_H                              
000004b0  RTCTIM0_L                              
000004b2  RTCTIM1                                
000004b3  RTCTIM1_H                              
000004b2  RTCTIM1_L                              
000004b6  RTCYEAR                                
000004b7  RTCYEAR_H                              
000004b6  RTCYEAR_L                              
00000100  SFRIE1                                 
00000101  SFRIE1_H                               
00000100  SFRIE1_L                               
00000102  SFRIFG1                                
00000103  SFRIFG1_H                              
00000102  SFRIFG1_L                              
00000104  SFRRPCR                                
00000105  SFRRPCR_H                              
00000104  SFRRPCR_L                              
000004ce  SUMEXT                                 
000004cf  SUMEXT_H                               
000004ce  SUMEXT_L                               
00000124  SVSMHCTL                               
00000125  SVSMHCTL_H                             
00000124  SVSMHCTL_L                             
00000128  SVSMIO                                 
00000129  SVSMIO_H                               
00000128  SVSMIO_L                               
00000126  SVSMLCTL                               
00000127  SVSMLCTL_H                             
00000126  SVSMLCTL_L                             
00000198  SYSBERRIV                              
00000199  SYSBERRIV_H                            
00000198  SYSBERRIV_L                            
00000182  SYSBSLC                                
00000183  SYSBSLC_H                              
00000182  SYSBSLC_L                              
00000180  SYSCTL                                 
00000181  SYSCTL_H                               
00000180  SYSCTL_L                               
00000186  SYSJMBC                                
00000187  SYSJMBC_H                              
00000186  SYSJMBC_L                              
00000188  SYSJMBI0                               
00000189  SYSJMBI0_H                             
00000188  SYSJMBI0_L                             
0000018a  SYSJMBI1                               
0000018b  SYSJMBI1_H                             
0000018a  SYSJMBI1_L                             
0000018c  SYSJMBO0                               
0000018d  SYSJMBO0_H                             
0000018c  SYSJMBO0_L                             
0000018e  SYSJMBO1                               
0000018f  SYSJMBO1_H                             
0000018e  SYSJMBO1_L                             
0000019e  SYSRSTIV                               
0000019f  SYSRSTIV_H                             
0000019e  SYSRSTIV_L                             
0000019c  SYSSNIV                                
0000019d  SYSSNIV_H                              
0000019c  SYSSNIV_L                              
0000019a  SYSUNIV                                
0000019b  SYSUNIV_H                              
0000019a  SYSUNIV_L                              
00000352  TA0CCR0                                
00000354  TA0CCR1                                
00000356  TA0CCR2                                
00000358  TA0CCR3                                
0000035a  TA0CCR4                                
00000342  TA0CCTL0                               
00000344  TA0CCTL1                               
00000346  TA0CCTL2                               
00000348  TA0CCTL3                               
0000034a  TA0CCTL4                               
00000340  TA0CTL                                 
00000360  TA0EX0                                 
0000036e  TA0IV                                  
00000350  TA0R                                   
00000392  TA1CCR0                                
00000394  TA1CCR1                                
00000396  TA1CCR2                                
00000382  TA1CCTL0                               
00000384  TA1CCTL1                               
00000386  TA1CCTL2                               
00000380  TA1CTL                                 
000003a0  TA1EX0                                 
000003ae  TA1IV                                  
00000390  TA1R                                   
00000412  TA2CCR0                                
00000414  TA2CCR1                                
00000416  TA2CCR2                                
00000402  TA2CCTL0                               
00000404  TA2CCTL1                               
00000406  TA2CCTL2                               
00000400  TA2CTL                                 
00000420  TA2EX0                                 
0000042e  TA2IV                                  
00000410  TA2R                                   
000003d2  TB0CCR0                                
000003d4  TB0CCR1                                
000003d6  TB0CCR2                                
000003d8  TB0CCR3                                
000003da  TB0CCR4                                
000003dc  TB0CCR5                                
000003de  TB0CCR6                                
000003c2  TB0CCTL0                               
000003c4  TB0CCTL1                               
000003c6  TB0CCTL2                               
000003c8  TB0CCTL3                               
000003ca  TB0CCTL4                               
000003cc  TB0CCTL5                               
000003ce  TB0CCTL6                               
000003c0  TB0CTL                                 
000003e0  TB0EX0                                 
000003ee  TB0IV                                  
000003d0  TB0R                                   
000005d0  UCA0ABCTL                              
000005c6  UCA0BRW                                
000005c7  UCA0BRW_H                              
000005c6  UCA0BRW_L                              
000005c0  UCA0CTLW0                              
000005c1  UCA0CTLW0_H                            
000005c0  UCA0CTLW0_L                            
000005dc  UCA0ICTL                               
000005dd  UCA0ICTL_H                             
000005dc  UCA0ICTL_L                             
000005d2  UCA0IRCTL                              
000005d3  UCA0IRCTL_H                            
000005d2  UCA0IRCTL_L                            
000005de  UCA0IV                                 
000005c8  UCA0MCTL                               
000005cc  UCA0RXBUF                              
000005ca  UCA0STAT                               
000005ce  UCA0TXBUF                              
00000610  UCA1ABCTL                              
00000606  UCA1BRW                                
00000607  UCA1BRW_H                              
00000606  UCA1BRW_L                              
00000600  UCA1CTLW0                              
00000601  UCA1CTLW0_H                            
00000600  UCA1CTLW0_L                            
0000061c  UCA1ICTL                               
0000061d  UCA1ICTL_H                             
0000061c  UCA1ICTL_L                             
00000612  UCA1IRCTL                              
00000613  UCA1IRCTL_H                            
00000612  UCA1IRCTL_L                            
0000061e  UCA1IV                                 
00000608  UCA1MCTL                               
0000060c  UCA1RXBUF                              
0000060a  UCA1STAT                               
0000060e  UCA1TXBUF                              
000005e6  UCB0BRW                                
000005e7  UCB0BRW_H                              
000005e6  UCB0BRW_L                              
000005e0  UCB0CTLW0                              
000005e1  UCB0CTLW0_H                            
000005e0  UCB0CTLW0_L                            
000005f0  UCB0I2COA                              
000005f1  UCB0I2COA_H                            
000005f0  UCB0I2COA_L                            
000005f2  UCB0I2CSA                              
000005f3  UCB0I2CSA_H                            
000005f2  UCB0I2CSA_L                            
000005fc  UCB0ICTL                               
000005fd  UCB0ICTL_H                             
000005fc  UCB0ICTL_L                             
000005fe  UCB0IV                                 
000005ec  UCB0RXBUF                              
000005ea  UCB0STAT                               
000005ee  UCB0TXBUF                              
00000626  UCB1BRW                                
00000627  UCB1BRW_H                              
00000626  UCB1BRW_L                              
00000620  UCB1CTLW0                              
00000621  UCB1CTLW0_H                            
00000620  UCB1CTLW0_L                            
00000630  UCB1I2COA                              
00000631  UCB1I2COA_H                            
00000630  UCB1I2COA_L                            
00000632  UCB1I2CSA                              
00000633  UCB1I2CSA_H                            
00000632  UCB1I2CSA_L                            
0000063c  UCB1ICTL                               
0000063d  UCB1ICTL_H                             
0000063c  UCB1ICTL_L                             
0000063e  UCB1IV                                 
0000062c  UCB1RXBUF                              
0000062a  UCB1STAT                               
0000062e  UCB1TXBUF                              
00000160  UCSCTL0                                
00000161  UCSCTL0_H                              
00000160  UCSCTL0_L                              
00000162  UCSCTL1                                
00000163  UCSCTL1_H                              
00000162  UCSCTL1_L                              
00000164  UCSCTL2                                
00000165  UCSCTL2_H                              
00000164  UCSCTL2_L                              
00000166  UCSCTL3                                
00000167  UCSCTL3_H                              
00000166  UCSCTL3_L                              
00000168  UCSCTL4                                
00000169  UCSCTL4_H                              
00000168  UCSCTL4_L                              
0000016a  UCSCTL5                                
0000016b  UCSCTL5_H                              
0000016a  UCSCTL5_L                              
0000016c  UCSCTL6                                
0000016d  UCSCTL6_H                              
0000016c  UCSCTL6_L                              
0000016e  UCSCTL7                                
0000016f  UCSCTL7_H                              
0000016e  UCSCTL7_L                              
00000170  UCSCTL8                                
00000171  UCSCTL8_H                              
00000170  UCSCTL8_L                              
00000902  USBCNF                                 
00000903  USBCNF_H                               
00000902  USBCNF_L                               
0000093c  USBCTL                                 
0000093a  USBFN                                  
0000093b  USBFN_H                                
0000093a  USBFN_L                                
0000093f  USBFUNADR                              
0000093d  USBIE                                  
00002378  USBIEP0BUF                             
000023c9  USBIEPBBAX_1                           
000023d1  USBIEPBBAX_2                           
000023d9  USBIEPBBAX_3                           
000023e1  USBIEPBBAX_4                           
000023e9  USBIEPBBAX_5                           
000023f1  USBIEPBBAX_6                           
000023f9  USBIEPBBAX_7                           
000023cd  USBIEPBBAY_1                           
000023d5  USBIEPBBAY_2                           
000023dd  USBIEPBBAY_3                           
000023e5  USBIEPBBAY_4                           
000023ed  USBIEPBBAY_5                           
000023f5  USBIEPBBAY_6                           
000023fd  USBIEPBBAY_7                           
000023ca  USBIEPBCTX_1                           
000023d2  USBIEPBCTX_2                           
000023da  USBIEPBCTX_3                           
000023e2  USBIEPBCTX_4                           
000023ea  USBIEPBCTX_5                           
000023f2  USBIEPBCTX_6                           
000023fa  USBIEPBCTX_7                           
000023ce  USBIEPBCTY_1                           
000023d6  USBIEPBCTY_2                           
000023de  USBIEPBCTY_3                           
000023e6  USBIEPBCTY_4                           
000023ee  USBIEPBCTY_5                           
000023f6  USBIEPBCTY_6                           
000023fe  USBIEPBCTY_7                           
00000920  USBIEPCNF_0                            
000023c8  USBIEPCNF_1                            
000023d0  USBIEPCNF_2                            
000023d8  USBIEPCNF_3                            
000023e0  USBIEPCNF_4                            
000023e8  USBIEPCNF_5                            
000023f0  USBIEPCNF_6                            
000023f8  USBIEPCNF_7                            
00000921  USBIEPCNT_0                            
0000092e  USBIEPIE                               
00000930  USBIEPIFG                              
000023cf  USBIEPSIZXY_1                          
000023d7  USBIEPSIZXY_2                          
000023df  USBIEPSIZXY_3                          
000023e7  USBIEPSIZXY_4                          
000023ef  USBIEPSIZXY_5                          
000023f7  USBIEPSIZXY_6                          
000023ff  USBIEPSIZXY_7                          
0000093e  USBIFG                                 
00000900  USBKEYID                               
00000901  USBKEYID_H                             
00000900  USBKEYID_L                             
00000936  USBMAINT                               
00000937  USBMAINT_H                             
00000936  USBMAINT_L                             
00002370  USBOEP0BUF                             
00002389  USBOEPBBAX_1                           
00002391  USBOEPBBAX_2                           
00002399  USBOEPBBAX_3                           
000023a1  USBOEPBBAX_4                           
000023a9  USBOEPBBAX_5                           
000023b1  USBOEPBBAX_6                           
000023b9  USBOEPBBAX_7                           
0000238d  USBOEPBBAY_1                           
00002395  USBOEPBBAY_2                           
0000239d  USBOEPBBAY_3                           
000023a5  USBOEPBBAY_4                           
000023ad  USBOEPBBAY_5                           
000023b5  USBOEPBBAY_6                           
000023bd  USBOEPBBAY_7                           
0000238a  USBOEPBCTX_1                           
00002392  USBOEPBCTX_2                           
0000239a  USBOEPBCTX_3                           
000023a2  USBOEPBCTX_4                           
000023aa  USBOEPBCTX_5                           
000023b2  USBOEPBCTX_6                           
000023ba  USBOEPBCTX_7                           
0000238e  USBOEPBCTY_1                           
00002396  USBOEPBCTY_2                           
0000239e  USBOEPBCTY_3                           
000023a6  USBOEPBCTY_4                           
000023ae  USBOEPBCTY_5                           
000023b6  USBOEPBCTY_6                           
000023be  USBOEPBCTY_7                           
00000922  USBOEPCNF_0                            
00002388  USBOEPCNF_1                            
00002390  USBOEPCNF_2                            
00002398  USBOEPCNF_3                            
000023a0  USBOEPCNF_4                            
000023a8  USBOEPCNF_5                            
000023b0  USBOEPCNF_6                            
000023b8  USBOEPCNF_7                            
00000923  USBOEPCNT_0                            
0000092f  USBOEPIE                               
00000931  USBOEPIFG                              
0000238f  USBOEPSIZXY_1                          
00002397  USBOEPSIZXY_2                          
0000239f  USBOEPSIZXY_3                          
000023a7  USBOEPSIZXY_4                          
000023af  USBOEPSIZXY_5                          
000023b7  USBOEPSIZXY_6                          
000023bf  USBOEPSIZXY_7                          
00000904  USBPHYCTL                              
00000905  USBPHYCTL_H                            
00000904  USBPHYCTL_L                            
00000910  USBPLLCTL                              
00000911  USBPLLCTL_H                            
00000910  USBPLLCTL_L                            
00000912  USBPLLDIVB                             
00000913  USBPLLDIVB_H                           
00000912  USBPLLDIVB_L                           
00000914  USBPLLIR                               
00000915  USBPLLIR_H                             
00000914  USBPLLIR_L                             
00000908  USBPWRCTL                              
00000909  USBPWRCTL_H                            
00000908  USBPWRCTL_L                            
00001c00  USBSTABUFF                             
00002380  USBSUBLK                               
0000236f  USBTOPBUFF                             
00000938  USBTSREG                               
00000939  USBTSREG_H                             
00000938  USBTSREG_L                             
00000932  USBVECINT                              
00000933  USBVECINT_H                            
00000932  USBVECINT_L                            
0000441e  USCI_A0_ISR                            
00004400  USCI_B0_ISR                            
0000443a  USCI_B1_ISR                            
0000015c  WDTCTL                                 
0000015d  WDTCTL_H                               
0000015c  WDTCTL_L                               
00004472  WDT_ISR                                
00016ab2  WriteSPI                               
00004400  __STACK_END                            
000000a0  __STACK_SIZE                           
000074e0  __TI_CINIT_Base                        
000074f0  __TI_CINIT_Limit                       
000074ce  __TI_Handler_Table_Base                
000074da  __TI_Handler_Table_Limit               
0000447c  __TI_ISR_TRAP                          
000166a8  __TI_auto_init_nobinit_nopinit_hold_wdt
0001637a  __TI_decompress_lzss                   
00016f2e  __TI_decompress_none                   
00013aea  __TI_frcaddd                           
00011c06  __TI_frcdivd                           
00012ea6  __TI_frcmpyd                           
0000ffd2  __TI_int41                             
0000ffd4  __TI_int42                             
0000ffd6  __TI_int43                             
0000ffd8  __TI_int44                             
0000ffda  __TI_int45                             
0000ffdc  __TI_int46                             
0000ffde  __TI_int47                             
0000ffe0  __TI_int48                             
0000ffe2  __TI_int49                             
0000ffe4  __TI_int50                             
0000ffe6  __TI_int51                             
0000ffe8  __TI_int52                             
0000ffea  __TI_int53                             
0000ffec  __TI_int54                             
0000ffee  __TI_int55                             
0000fff0  __TI_int56                             
0000fff2  __TI_int57                             
0000fff4  __TI_int58                             
0000fff6  __TI_int59                             
0000fff8  __TI_int60                             
0000fffa  __TI_int61                             
0000fffc  __TI_int62                             
0001620a  __TI_ltoa                              
ffffffff  __TI_pprof_out_hndl                    
00012978  __TI_printfi                           
ffffffff  __TI_prof_data_size                    
ffffffff  __TI_prof_data_start                   
00015b64  __TI_renormd                           
00016d0e  __TI_zero_init_nomemset                
ffffffff  __c_args__                             
000123ba  __mspabi_addd                          
00015238  __mspabi_addf                          
0001579a  __mspabi_cmpd                          
00016798  __mspabi_cmpf                          
000160f4  __mspabi_cvtdf                         
0001652a  __mspabi_cvtfd                         
00013f56  __mspabi_divd                          
00016064  __mspabi_divf                          
00016866  __mspabi_divli                         
00016e8e  __mspabi_divu                          
00016650  __mspabi_divul                         
0001206c  __mspabi_divull                        
00016c98  __mspabi_fixdi                         
000164c4  __mspabi_fixdli                        
00016f1c  __mspabi_fixdu                         
0001645c  __mspabi_fixdul                        
00016fc6  __mspabi_fltid                         
00016ae8  __mspabi_fltif                         
00015e12  __mspabi_fltlid                        
00016d32  __mspabi_fltuf                         
00013884  __mspabi_mpyd                          
000159f6  __mspabi_mpyf                          
00016e4a  __mspabi_mpyi_f5hw                     
00016d56  __mspabi_mpyl_f5hw                     
00016c12  __mspabi_negd                          
00016866  __mspabi_remli                         
00016e8e  __mspabi_remu                          
00016650  __mspabi_remul                         
00016fe8  __mspabi_slli                          
00016f98  __mspabi_slll                          
0001691c  __mspabi_slll_1                        
000168f8  __mspabi_slll_10                       
000168f4  __mspabi_slll_11                       
000168f0  __mspabi_slll_12                       
000168ec  __mspabi_slll_13                       
000168e8  __mspabi_slll_14                       
000168e4  __mspabi_slll_15                       
00016918  __mspabi_slll_2                        
00016914  __mspabi_slll_3                        
00016910  __mspabi_slll_4                        
0001690c  __mspabi_slll_5                        
00016908  __mspabi_slll_6                        
00016904  __mspabi_slll_7                        
00016900  __mspabi_slll_8                        
000168fc  __mspabi_slll_9                        
00016960  __mspabi_sllll                         
00016f88  __mspabi_sral                          
000168de  __mspabi_sral_1                        
000168ba  __mspabi_sral_10                       
000168b6  __mspabi_sral_11                       
000168b2  __mspabi_sral_12                       
000168ae  __mspabi_sral_13                       
000168aa  __mspabi_sral_14                       
000168a6  __mspabi_sral_15                       
000168da  __mspabi_sral_2                        
000168d6  __mspabi_sral_3                        
000168d2  __mspabi_sral_4                        
000168ce  __mspabi_sral_5                        
000168ca  __mspabi_sral_6                        
000168c6  __mspabi_sral_7                        
000168c2  __mspabi_sral_8                        
000168be  __mspabi_sral_9                        
00016ff2  __mspabi_srli                          
00016fa8  __mspabi_srll                          
0001695a  __mspabi_srll_1                        
00016936  __mspabi_srll_10                       
00016932  __mspabi_srll_11                       
0001692e  __mspabi_srll_12                       
0001692a  __mspabi_srll_13                       
00016926  __mspabi_srll_14                       
00016922  __mspabi_srll_15                       
00016956  __mspabi_srll_2                        
00016952  __mspabi_srll_3                        
0001694e  __mspabi_srll_4                        
0001694a  __mspabi_srll_5                        
00016946  __mspabi_srll_6                        
00016942  __mspabi_srll_7                        
0001693e  __mspabi_srll_8                        
0001693a  __mspabi_srll_9                        
0001699a  __mspabi_srlll                         
00016b52  __mspabi_subd                          
00015232  __mspabi_subf                          
00004456  _c_int00_noargs                        
00007288  _ctypes_                               
0000fffe  _reset_vector                          
00004360  _stack                                 
00017006  _system_post_cinit                     
00017002  _system_pre_init                       
00002400  a0                                     
00002404  a1                                     
00002408  a2                                     
00016ffc  abort                                  
00016fde  abs                                    
0001658e  atoi                                   
00015aae  average_voltage_caculate               
00002436  back                                   
00002444  c                                      
00006e14  c_chFont1206                           
00006824  c_chFont1608                           
00005c44  c_chFont1616                           
00004484  c_chFont3216                           
00011148  cc_mode_adc2_feedback                  
00002439  confirm                                
00016c40  copysign                               
00016c40  copysignl                              
00002414  current                                
00016f40  device_init                            
00002450  dianliu                                
0000245a  dianya                                 
00002418  diaplay_i_flag                         
00012c1e  display_value                          
00016f52  driver_init                            
0000243e  errno                                  
000074ac  fonts_height                           
000074b0  fonts_width                            
00015d6c  frexp                                  
00015d6c  frexpl                                 
00014c88  get_ads1118_sample_voltage             
0000243a  hold                                   
0000247c  i                                      
00002437  jiantou                                
00002438  jiemian                                
00016ee2  key_init                               
00014f90  ldexp                                  
00014f90  ldexpl                                 
00016de0  main                                   
00016ce8  memccpy                                
00016ef6  memcpy                                 
00016e78  memset                                 
00016a0c  mode_choose_interface                  
0000247e  n                                      
00010000  pow                                    
00010000  powl                                   
00014f90  scalbn                                 
00014f90  scalbnl                                
00016f64  soft_i2c_init                          
000167e2  sprintf                                
0001269a  sqrt                                   
0001269a  sqrtl                                  
00016302  ssd1351_clear_gram                     
0001548c  ssd1351_display_char                   
[...]
00000730  ADC12MEM8                              
00000730  ADC12MEM8_L                            
00000731  ADC12MEM8_H                            
00000732  ADC12MEM9                              
00000732  ADC12MEM9_L                            
00000733  ADC12MEM9_H                            
00000734  ADC12MEM10                             
00000734  ADC12MEM10_L                           
00000735  ADC12MEM10_H                           
00000736  ADC12MEM11                             
00000736  ADC12MEM11_L                           
00000737  ADC12MEM11_H                           
00000738  ADC12MEM12                             
00000738  ADC12MEM12_L                           
00000739  ADC12MEM12_H                           
0000073a  ADC12MEM13                             
0000073a  ADC12MEM13_L                           
0000073b  ADC12MEM13_H                           
0000073c  ADC12MEM14                             
0000073c  ADC12MEM14_L                           
0000073d  ADC12MEM14_H                           
0000073e  ADC12MEM15                             
0000073e  ADC12MEM15_L                           
0000073f  ADC12MEM15_H                           
000008c0  CBCTL0                                 
000008c0  CBCTL0_L                               
000008c1  CBCTL0_H                               
000008c2  CBCTL1                                 
000008c2  CBCTL1_L                               
000008c3  CBCTL1_H                               
000008c4  CBCTL2                                 
000008c4  CBCTL2_L                               
000008c5  CBCTL2_H                               
000008c6  CBCTL3                                 
000008c6  CBCTL3_L                               
000008c7  CBCTL3_H                               
000008cc  CBINT                                  
000008cc  CBINT_L                                
000008cd  CBINT_H                                
000008ce  CBIV                                   
00000900  USBKEYID                               
00000900  USBKEYID_L                             
00000901  USBKEYID_H                             
00000902  USBCNF                                 
00000902  USBCNF_L                               
00000903  USBCNF_H                               
00000904  USBPHYCTL                              
00000904  USBPHYCTL_L                            
00000905  USBPHYCTL_H                            
00000908  USBPWRCTL                              
00000908  USBPWRCTL_L                            
00000909  USBPWRCTL_H                            
00000910  USBPLLCTL                              
00000910  USBPLLCTL_L                            
00000911  USBPLLCTL_H                            
00000912  USBPLLDIVB                             
00000912  USBPLLDIVB_L                           
00000913  USBPLLDIVB_H                           
00000914  USBPLLIR                               
00000914  USBPLLIR_L                             
00000915  USBPLLIR_H                             
00000920  USBIEPCNF_0                            
00000921  USBIEPCNT_0                            
00000922  USBOEPCNF_0                            
00000923  USBOEPCNT_0                            
0000092e  USBIEPIE                               
0000092f  USBOEPIE                               
00000930  USBIEPIFG                              
00000931  USBOEPIFG                              
00000932  USBVECINT                              
00000932  USBVECINT_L                            
00000933  USBVECINT_H                            
00000936  USBMAINT                               
00000936  USBMAINT_L                             
00000937  USBMAINT_H                             
00000938  USBTSREG                               
00000938  USBTSREG_L                             
00000939  USBTSREG_H                             
0000093a  USBFN                                  
0000093a  USBFN_L                                
0000093b  USBFN_H                                
0000093c  USBCTL                                 
0000093d  USBIE                                  
0000093e  USBIFG                                 
0000093f  USBFUNADR                              
00001c00  USBSTABUFF                             
0000236f  USBTOPBUFF                             
00002370  USBOEP0BUF                             
00002378  USBIEP0BUF                             
00002380  USBSUBLK                               
00002388  USBOEPCNF_1                            
00002389  USBOEPBBAX_1                           
0000238a  USBOEPBCTX_1                           
0000238d  USBOEPBBAY_1                           
0000238e  USBOEPBCTY_1                           
0000238f  USBOEPSIZXY_1                          
00002390  USBOEPCNF_2                            
00002391  USBOEPBBAX_2                           
00002392  USBOEPBCTX_2                           
00002395  USBOEPBBAY_2                           
00002396  USBOEPBCTY_2                           
00002397  USBOEPSIZXY_2                          
00002398  USBOEPCNF_3                            
00002399  USBOEPBBAX_3                           
0000239a  USBOEPBCTX_3                           
0000239d  USBOEPBBAY_3                           
0000239e  USBOEPBCTY_3                           
0000239f  USBOEPSIZXY_3                          
000023a0  USBOEPCNF_4                            
000023a1  USBOEPBBAX_4                           
000023a2  USBOEPBCTX_4                           
000023a5  USBOEPBBAY_4                           
000023a6  USBOEPBCTY_4                           
000023a7  USBOEPSIZXY_4                          
000023a8  USBOEPCNF_5                            
000023a9  USBOEPBBAX_5                           
000023aa  USBOEPBCTX_5                           
000023ad  USBOEPBBAY_5                           
000023ae  USBOEPBCTY_5                           
000023af  USBOEPSIZXY_5                          
000023b0  USBOEPCNF_6                            
000023b1  USBOEPBBAX_6                           
000023b2  USBOEPBCTX_6                           
000023b5  USBOEPBBAY_6                           
000023b6  USBOEPBCTY_6                           
000023b7  USBOEPSIZXY_6                          
000023b8  USBOEPCNF_7                            
000023b9  USBOEPBBAX_7                           
000023ba  USBOEPBCTX_7                           
000023bd  USBOEPBBAY_7                           
000023be  USBOEPBCTY_7                           
000023bf  USBOEPSIZXY_7                          
000023c8  USBIEPCNF_1                            
000023c9  USBIEPBBAX_1                           
000023ca  USBIEPBCTX_1                           
000023cd  USBIEPBBAY_1                           
000023ce  USBIEPBCTY_1                           
000023cf  USBIEPSIZXY_1                          
000023d0  USBIEPCNF_2                            
000023d1  USBIEPBBAX_2                           
000023d2  USBIEPBCTX_2                           
000023d5  USBIEPBBAY_2                           
000023d6  USBIEPBCTY_2                           
000023d7  USBIEPSIZXY_2                          
000023d8  USBIEPCNF_3                            
000023d9  USBIEPBBAX_3                           
000023da  USBIEPBCTX_3                           
000023dd  USBIEPBBAY_3                           
000023de  USBIEPBCTY_3                           
000023df  USBIEPSIZXY_3                          
000023e0  USBIEPCNF_4                            
000023e1  USBIEPBBAX_4                           
000023e2  USBIEPBCTX_4                           
000023e5  USBIEPBBAY_4                           
000023e6  USBIEPBCTY_4                           
000023e7  USBIEPSIZXY_4                          
000023e8  USBIEPCNF_5                            
000023e9  USBIEPBBAX_5                           
000023ea  USBIEPBCTX_5                           
000023ed  USBIEPBBAY_5                           
000023ee  USBIEPBCTY_5                           
000023ef  USBIEPSIZXY_5                          
000023f0  USBIEPCNF_6                            
000023f1  USBIEPBBAX_6                           
000023f2  USBIEPBCTX_6                           
000023f5  USBIEPBBAY_6                           
000023f6  USBIEPBCTY_6                           
000023f7  USBIEPSIZXY_6                          
000023f8  USBIEPCNF_7                            
000023f9  USBIEPBBAX_7                           
000023fa  USBIEPBCTX_7                           
000023fd  USBIEPBBAY_7                           
000023fe  USBIEPBCTY_7                           
000023ff  USBIEPSIZXY_7                          
00002400  a0                                     
00002404  a1                                     
00002408  a2                                     
0000240c  CC_value_fact                          
00002410  CV_value_fact                          
00002414  current                                
00002418  diaplay_i_flag                         
0000242a  CC_value                               
0000242e  CC_voltage                             
00002432  CV_value                               
00002436  back                                   
00002437  jiantou                                
00002438  jiemian                                
00002439  confirm                                
0000243a  hold                                   
0000243e  errno                                  
00002444  c                                      
00002450  dianliu                                
0000245a  dianya                                 
0000247c  i                                      
0000247e  n                                      
00004360  _stack                                 
00004400  USCI_B0_ISR                            
00004400  __STACK_END                            
0000441e  USCI_A0_ISR                            
0000443a  USCI_B1_ISR                            
00004456  _c_int00_noargs                        
00004472  WDT_ISR                                
0000447c  __TI_ISR_TRAP                          
00004484  c_chFont3216                           
00005c44  c_chFont1616                           
00006824  c_chFont1608                           
00006e14  c_chFont1206                           
00007288  _ctypes_                               
000074ac  fonts_height                           
000074b0  fonts_width                            
000074ce  __TI_Handler_Table_Base                
000074da  __TI_Handler_Table_Limit               
000074e0  __TI_CINIT_Base                        
000074f0  __TI_CINIT_Limit                       
0000ffd2  __TI_int41                             
0000ffd4  __TI_int42                             
0000ffd6  __TI_int43                             
0000ffd8  __TI_int44                             
0000ffda  __TI_int45                             
0000ffdc  __TI_int46                             
0000ffde  __TI_int47                             
0000ffe0  __TI_int48                             
0000ffe2  __TI_int49                             
0000ffe4  __TI_int50                             
0000ffe6  __TI_int51                             
0000ffe8  __TI_int52                             
0000ffea  __TI_int53                             
0000ffec  __TI_int54                             
0000ffee  __TI_int55                             
0000fff0  __TI_int56                             
0000fff2  __TI_int57                             
0000fff4  __TI_int58                             
0000fff6  __TI_int59                             
0000fff8  __TI_int60                             
0000fffa  __TI_int61                             
0000fffc  __TI_int62                             
0000fffe  _reset_vector                          
00010000  pow                                    
00010000  powl                                   
00011148  cc_mode_adc2_feedback                  
0001171a  P2_IODect                              
00011c06  __TI_frcdivd                           
0001206c  __mspabi_divull                        
000123ba  __mspabi_addd                          
0001269a  sqrt                                   
0001269a  sqrtl                                  
00012978  __TI_printfi                           
00012c1e  display_value                          
00012c1e  user_loop                              
00012ea6  __TI_frcmpyd                           
00013884  __mspabi_mpyd                          
00013aea  __TI_frcaddd                           
00013f56  __mspabi_divd                          
00014384  ADS1118                                
00014752  ssd1351_init                           
00014c88  get_ads1118_sample_voltage             
00014f90  ldexp                                  
00014f90  ldexpl                                 
00014f90  scalbn                                 
00014f90  scalbnl                                
00015232  __mspabi_subf                          
00015238  __mspabi_addf                          
0001548c  ssd1351_display_char                   
0001579a  __mspabi_cmpd                          
0001593a  IIC_TR                                 
000159f6  __mspabi_mpyf                          
00015aae  average_voltage_caculate               
00015b64  __TI_renormd                           
00015c16  DAC8571_OUT                            
00015d6c  frexp                                  
00015d6c  frexpl                                 
00015e12  __mspabi_fltlid                        
00015eb0  ssd1351_draw_h_line                    
00016064  __mspabi_divf                          
000160f4  __mspabi_cvtdf                         
00016180  ssd1351_display_string                 
0001620a  __TI_ltoa                              
00016302  ssd1351_clear_gram                     
0001637a  __TI_decompress_lzss                   
000163f0  ssd1351_draw_point                     
0001645c  __mspabi_fixdul                        
000164c4  __mspabi_fixdli                        
0001652a  __mspabi_cvtfd                         
0001658e  atoi                                   
000165f0  ucs_init                               
00016650  __mspabi_divul                         
00016650  __mspabi_remul                         
000166a8  __TI_auto_init_nobinit_nopinit_hold_wdt
00016798  __mspabi_cmpf                          
000167e2  sprintf                                
00016826  ADS_Read                               
00016866  __mspabi_divli                         
00016866  __mspabi_remli                         
000168a6  __mspabi_sral_15                       
000168aa  __mspabi_sral_14                       
000168ae  __mspabi_sral_13                       
000168b2  __mspabi_sral_12                       
000168b6  __mspabi_sral_11                       
000168ba  __mspabi_sral_10                       
000168be  __mspabi_sral_9                        
000168c2  __mspabi_sral_8                        
000168c6  __mspabi_sral_7                        
000168ca  __mspabi_sral_6                        
000168ce  __mspabi_sral_5                        
000168d2  __mspabi_sral_4                        
000168d6  __mspabi_sral_3                        
000168da  __mspabi_sral_2                        
000168de  __mspabi_sral_1                        
000168e4  __mspabi_slll_15                       
000168e8  __mspabi_slll_14                       
000168ec  __mspabi_slll_13                       
000168f0  __mspabi_slll_12                       
000168f4  __mspabi_slll_11                       
000168f8  __mspabi_slll_10                       
000168fc  __mspabi_slll_9                        
00016900  __mspabi_slll_8                        
00016904  __mspabi_slll_7                        
00016908  __mspabi_slll_6                        
0001690c  __mspabi_slll_5                        
00016910  __mspabi_slll_4                        
00016914  __mspabi_slll_3                        
00016918  __mspabi_slll_2                        
0001691c  __mspabi_slll_1                        
00016922  __mspabi_srll_15                       
00016926  __mspabi_srll_14                       
0001692a  __mspabi_srll_13                       
0001692e  __mspabi_srll_12                       
00016932  __mspabi_srll_11                       
00016936  __mspabi_srll_10                       
0001693a  __mspabi_srll_9                        
0001693e  __mspabi_srll_8                        
00016942  __mspabi_srll_7                        
00016946  __mspabi_srll_6                        
0001694a  __mspabi_srll_5                        
0001694e  __mspabi_srll_4                        
00016952  __mspabi_srll_3                        
00016956  __mspabi_srll_2                        
0001695a  __mspabi_srll_1                        
00016960  __mspabi_sllll                         
0001699a  __mspabi_srlll                         
000169d4  IIC_START                              
00016a0c  mode_choose_interface                  
00016a44  usci_a0_spi_transmit_frame             
00016a7c  IIC_STOP                               
00016ab2  WriteSPI                               
00016ae8  __mspabi_fltif                         
00016b1e  usci_a0_spi_init                       
00016b52  __mspabi_subd                          
00016bb4  usci_b0_i2c_rx_isr_handle              
00016be4  DAC_Init                               
00016c12  __mspabi_negd                          
00016c40  copysign                               
00016c40  copysignl                              
00016c6e  usci_a0_spi_rx_isr_handle              
00016c98  __mspabi_fixdi                         
00016cc0  usci_b0_i2c_tx_isr_handle              
00016ce8  memccpy                                
00016d0e  __TI_zero_init_nomemset                
00016d32  __mspabi_fltuf                         
00016d56  __mspabi_mpyl_f5hw                     
00016d7a  usci_a0_spi_tx_isr_handle              
00016d9e  usci_b1_spi_tx_isr_handle              
00016de0  main                                   
00016dfc  strchr                                 
00016e18  usci_b1_spi_rx_isr_handle              
00016e32  ADS1118_Config                         
00016e4a  __mspabi_mpyi_f5hw                     
00016e62  IIC_OVER                               
00016e78  memset                                 
00016e8e  __mspabi_divu                          
00016e8e  __mspabi_remu                          
00016ea4  wcslen                                 
00016eba  DAC8571_Init                           
00016ee2  key_init                               
00016ef6  memcpy                                 
00016f0a  ADS1118_Init                           
00016f1c  __mspabi_fixdu                         
00016f2e  __TI_decompress_none                   
00016f40  device_init                            
00016f52  driver_init                            
00016f64  soft_i2c_init                          
00016f76  toupper                                
00016f88  __mspabi_sral                          
00016f98  __mspabi_slll                          
00016fa8  __mspabi_srll                          
00016fb8  strlen                                 
00016fc6  __mspabi_fltid                         
00016fd2  wdt_init                               
00016fde  abs                                    
00016fe8  __mspabi_slli                          
00016ff2  __mspabi_srli                          
00016ffc  C$$EXIT                                
00016ffc  abort                                  
00017002  _system_pre_init                       
00017006  _system_post_cinit                     
ffffffff  __TI_pprof_out_hndl                    
ffffffff  __TI_prof_data_size                    
ffffffff  __TI_prof_data_start                   
ffffffff  __c_args__                             

[956 symbols]
