******************************************************************************
                  MSP430 Linker PC v20.2.1                     
******************************************************************************
>> Linked Wed Jun 17 09:46:55 2020

OUTPUT FILE NAME:   <Electronic_Weigher_128.out>
ENTRY POINT SYMBOL: "_c_int00_noargs"  address: 0000eb5a


MEMORY CONFIGURATION

         name            origin    length      used     unused   attr    fill
----------------------  --------  ---------  --------  --------  ----  --------
  SFR                   00000000   00000010  00000000  00000010  RWIX
  PERIPHERALS_8BIT      00000010   000000f0  00000000  000000f0  RWIX
  PERIPHERALS_16BIT     00000100   00000100  00000000  00000100  RWIX
  RAM                   00000200   00000200  0000006e  00000192  RWIX
  INFOD                 00001000   00000040  00000000  00000040  RWIX
  INFOC                 00001040   00000040  00000000  00000040  RWIX
  INFOB                 00001080   00000040  00000000  00000040  RWIX
  INFOA                 000010c0   00000040  00000000  00000040  RWIX
  FLASH                 0000c000   00003fde  00002cbe  00001320  RWIX
  BSLSIGNATURE          0000ffde   00000002  00000002  00000000  RWIX  ffff 
  INT00                 0000ffe0   00000002  00000002  00000000  RWIX
  INT01                 0000ffe2   00000002  00000000  00000002  RWIX
  INT02                 0000ffe4   00000002  00000002  00000000  RWIX
  INT03                 0000ffe6   00000002  00000002  00000000  RWIX
  INT04                 0000ffe8   00000002  00000000  00000002  RWIX
  INT05                 0000ffea   00000002  00000002  00000000  RWIX
  INT06                 0000ffec   00000002  00000002  00000000  RWIX
  INT07                 0000ffee   00000002  00000002  00000000  RWIX
  INT08                 0000fff0   00000002  00000002  00000000  RWIX
  INT09                 0000fff2   00000002  00000002  00000000  RWIX
  INT10                 0000fff4   00000002  00000002  00000000  RWIX
  INT11                 0000fff6   00000002  00000002  00000000  RWIX
  INT12                 0000fff8   00000002  00000002  00000000  RWIX
  INT13                 0000fffa   00000002  00000002  00000000  RWIX
  INT14                 0000fffc   00000002  00000002  00000000  RWIX
  RESET                 0000fffe   00000002  00000002  00000000  RWIX


SECTION ALLOCATION MAP

 output                                  attributes/
section   page    origin      length       input sections
--------  ----  ----------  ----------   ----------------
.data      0    00000200    0000001e     UNINITIALIZED
                  00000200    00000010     LCD_128.obj (.data:LCD_Buffer)
                  00000210    0000000a     main.obj (.data)
                  0000021a    00000004     TCA6416A.obj (.data)

.stack     0    000003b0    00000050     UNINITIALIZED
                  000003b0    00000002     rts430_eabi.lib : boot.c.obj (.stack)
                  000003b2    0000004e     --HOLE--

.text      0    0000c000    00002ca8     
                  0000c000    0000053a     LCD_128.obj (.text:LCD_DisplayDigit)
                  0000c53a    00000478     rts430_eabi.lib : frcdivd.c.obj (.text:__TI_frcdivd)
                  0000c9b2    000002fa                     : addd.c.obj (.text:__mspabi_addd)
                  0000ccac    000002e8     main.obj (.text:main)
                  0000cf94    00000286     rts430_eabi.lib : frcmpyd.c.obj (.text:__TI_frcmpyd)
                  0000d21a    0000026e                     : mpyd.c.obj (.text:__mspabi_mpyd)
                  0000d488    00000260                     : frcaddd.c.obj (.text:__TI_frcaddd)
                  0000d6e8    00000238                     : divd.c.obj (.text:__mspabi_divd)
                  0000d920    00000198     main.obj (.text:LCD_Display)
                  0000dab8    00000132     rts430_eabi.lib : fs_add.asm.obj (.text)
                  0000dbea    000000f2     main.obj (.text:I2C_IODect)
                  0000dcdc    000000e4     HT1621.obj (.text:HT1621_init)
                  0000ddc0    000000c4     rts430_eabi.lib : fs_mpy.asm.obj (.text)
                  0000de84    000000be                     : renormd.c.obj (.text:__TI_renormd)
                  0000df42    000000bc     main.obj (.text:display_my_info)
                  0000dffe    000000b4     TCA6416A.obj (.text:PinOUT)
                  0000e0b2    000000ac     rts430_eabi.lib : fltlid.c.obj (.text:__mspabi_fltlid)
                  0000e15e    0000009c                     : fs_div.asm.obj (.text)
                  0000e1fa    0000008c                     : cvtdf.c.obj (.text:__mspabi_cvtdf)
                  0000e286    0000008a                     : fltuld.c.obj (.text:__mspabi_fltuld)
                  0000e310    00000088     HT1621.obj (.text:HT1621_Reflash)
                  0000e398    0000007c     rts430_eabi.lib : copy_decompress_lzss.c.obj (.text:decompress:lzss:__TI_decompress_lzss)
                  0000e414    00000072                     : fixdli.c.obj (.text:__mspabi_fixdli)
                  0000e486    00000070                     : cvtfd.c.obj (.text:__mspabi_cvtfd)
                  0000e4f6    0000006e     TCA6416A.obj (.text:TCA6416A_Init)
                  0000e564    00000068     rts430_eabi.lib : fs_toi.asm.obj (.text)
                  0000e5cc    0000005c                     : lsr32.asm.obj (.text:l_lsr_const)
                  0000e628    00000056     I2C.obj (.text:Send_Char)
                  0000e67e    00000056     main.obj (.text:display_qupi)
                  0000e6d4    00000052     TCA6416A.obj (.text:PinIN)
                  0000e726    0000004c     rts430_eabi.lib : lsr16.asm.obj (.text)
                  0000e772    00000042                     : autoinit.c.obj (.text:__TI_auto_init_nobinit_nopinit:__TI_auto_init_nobinit_nopinit)
                  0000e7b4    0000003e     I2C.obj (.text:Get_Char)
                  0000e7f2    0000003e     rts430_eabi.lib : asr32.asm.obj (.text:l_asr_const)
                  0000e830    0000003e                     : lsl32.asm.obj (.text:l_lsl_const)
                  0000e86e    00000036     HT1621.obj (.text:HT1621_SendBit)
                  0000e8a4    00000036     I2C.obj (.text:I2C_RxFrame)
                  0000e8da    00000036     I2C.obj (.text:I2C_TxFrame)
                  0000e910    00000036     rts430_eabi.lib : fs_itof.asm.obj (.text)
                  0000e946    0000002e                     : subd.c.obj (.text:__mspabi_subd)
                  0000e974    0000002c                     : asr16.asm.obj (.text)
                  0000e9a0    0000002c                     : div16s.asm.obj (.text)
                  0000e9cc    0000002c                     : lsl16.asm.obj (.text)
                  0000e9f8    00000028                     : fixdi.c.obj (.text:__mspabi_fixdi)
                  0000ea20    00000026     I2C.obj (.text:Master_Ack)
                  0000ea46    00000026     I2C.obj (.text:Start)
                  0000ea6c    00000026     I2C.obj (.text:Stop)
                  0000ea92    00000026     rts430_eabi.lib : mult32.asm.obj (.text)
                  0000eab8    00000024     main.obj (.text:ADC10_init)
                  0000eadc    00000024     main.obj (.text:watchdog_timer)
                  0000eb00    0000001e     I2C.obj (.text:I2C_Init)
                  0000eb1e    0000001e     LCD_128.obj (.text:LCD_ClearSeg)
                  0000eb3c    0000001e     LCD_128.obj (.text:LCD_DisplaySeg)
                  0000eb5a    0000001c     rts430_eabi.lib : boot.c.obj (.text:_c_int00_noargs)
                  0000eb76    00000018     TCA6416A.obj (.text:TCA6416_Rx_Frame)
                  0000eb8e    00000018     TCA6416A.obj (.text:TCA6416_Tx_Frame)
                  0000eba6    00000016     LCD_128.obj (.text:LCD_Clear)
                  0000ebbc    00000016     rts430_eabi.lib : div16u.asm.obj (.text)
                  0000ebd2    00000014                     : memset.c.obj (.text:memset)
                  0000ebe6    00000014                     : mult16.asm.obj (.text)
                  0000ebfa    00000012                     : copy_decompress_none.c.obj (.text:decompress:none:__TI_decompress_none)
                  0000ec0c    00000012                     : lsr32.asm.obj (.text:l_lsr)
                  0000ec1e    00000012                     : memcpy.c.obj (.text:memcpy)
                  0000ec30    00000010                     : asr32.asm.obj (.text:l_asr)
                  0000ec40    00000010                     : lsl32.asm.obj (.text:l_lsl)
                  0000ec50    00000010                     : epilog.asm.obj (.text)
                  0000ec60    0000000c     main.obj (.text:WDT_init)
                  0000ec6c    0000000c     rts430_eabi.lib : fltid.c.obj (.text:__mspabi_fltid)
                  0000ec78    0000000a     main.obj (.text:LCD_Init)
                  0000ec82    00000008     main.obj (.text:ADC10_ISR)
                  0000ec8a    00000008     rts430_eabi.lib : isr_trap.asm.obj (.text:_isr:__TI_ISR_TRAP)
                  0000ec92    00000006                     : fltud.c.obj (.text:__mspabi_fltud)
                  0000ec98    00000006                     : exit.c.obj (.text:abort)
                  0000ec9e    00000004                     : pre_init.c.obj (.text:_system_pre_init)
                  0000eca2    00000002     I2C.obj (.text:I2C_Rx_Init)
                  0000eca4    00000002     I2C.obj (.text:I2C_Tx_Init)
                  0000eca6    00000002     rts430_eabi.lib : startup.c.obj (.text:_system_post_cinit)

.cinit     0    0000eca8    00000016     
                  0000eca8    0000000d     (.cinit..data.load) [load image, compression = lzss]
                  0000ecb5    00000001     --HOLE-- [fill = 0]
                  0000ecb6    00000004     (__TI_handler_table)
                  0000ecba    00000004     (__TI_cinit_table)

.binit     0    0000c000    00000000     

.init_array 
*          0    0000c000    00000000     UNINITIALIZED

TRAPINT    0    0000ffe0    00000002     
                  0000ffe0    00000002     rts430_eabi.lib : int00.asm.obj (.int00)

PORT1      0    0000ffe4    00000002     
                  0000ffe4    00000002     rts430_eabi.lib : int02.asm.obj (.int02)

PORT2      0    0000ffe6    00000002     
                  0000ffe6    00000002     rts430_eabi.lib : int03.asm.obj (.int03)

ADC10      0    0000ffea    00000002     
                  0000ffea    00000002     main.obj (.int05)

USCIAB0TX 
*          0    0000ffec    00000002     
                  0000ffec    00000002     rts430_eabi.lib : int06.asm.obj (.int06)

USCIAB0RX 
*          0    0000ffee    00000002     
                  0000ffee    00000002     rts430_eabi.lib : int07.asm.obj (.int07)

TIMER0_A1 
*          0    0000fff0    00000002     
                  0000fff0    00000002     rts430_eabi.lib : int08.asm.obj (.int08)

TIMER0_A0 
*          0    0000fff2    00000002     
                  0000fff2    00000002     rts430_eabi.lib : int09.asm.obj (.int09)

WDT        0    0000fff4    00000002     
                  0000fff4    00000002     main.obj (.int10)

COMPARATORA 
*          0    0000fff6    00000002     
                  0000fff6    00000002     rts430_eabi.lib : int11.asm.obj (.int11)

TIMER1_A1 
*          0    0000fff8    00000002     
                  0000fff8    00000002     rts430_eabi.lib : int12.asm.obj (.int12)

TIMER1_A0 
*          0    0000fffa    00000002     
                  0000fffa    00000002     rts430_eabi.lib : int13.asm.obj (.int13)

NMI        0    0000fffc    00000002     
                  0000fffc    00000002     rts430_eabi.lib : int14.asm.obj (.int14)

.reset     0    0000fffe    00000002     
                  0000fffe    00000002     rts430_eabi.lib : boot.c.obj (.reset)

$fill000   0    0000ffde    00000002     
                  0000ffde    00000002     --HOLE-- [fill = ffff]

MODULE SUMMARY

       Module                       code    ro data   rw data
       ------                       ----    -------   -------
    .\
       main.obj                     1770    4         10     
    +--+----------------------------+-------+---------+---------+
       Total:                       1770    4         10     
                                                             
    .\src\
       LCD_128.obj                  1420    0         16     
       TCA6416A.obj                 420     0         4      
       HT1621.obj                   418     0         0      
       I2C.obj                      404     0         0      
    +--+----------------------------+-------+---------+---------+
       Total:                       2662    0         20     
                                                             
    C:\ti\ccs1010\ccs\tools\compiler\ti-cgt-msp430_20.2.1.LTS\lib\rts430_eabi.lib
       frcdivd.c.obj                1144    0         0      
       addd.c.obj                   762     0         0      
       frcmpyd.c.obj                646     0         0      
       mpyd.c.obj                   622     0         0      
       frcaddd.c.obj                608     0         0      
       divd.c.obj                   568     0         0      
       fs_add.asm.obj               306     0         0      
       fs_mpy.asm.obj               196     0         0      
       renormd.c.obj                190     0         0      
       fltlid.c.obj                 172     0         0      
       fs_div.asm.obj               156     0         0      
       cvtdf.c.obj                  140     0         0      
       fltuld.c.obj                 138     0         0      
       copy_decompress_lzss.c.obj   124     0         0      
       fixdli.c.obj                 114     0         0      
       cvtfd.c.obj                  112     0         0      
       lsr32.asm.obj                110     0         0      
       fs_toi.asm.obj               104     0         0      
       asr32.asm.obj                78      0         0      
       lsl32.asm.obj                78      0         0      
       lsr16.asm.obj                76      0         0      
       autoinit.c.obj               66      0         0      
       fs_itof.asm.obj              54      0         0      
       subd.c.obj                   46      0         0      
       asr16.asm.obj                44      0         0      
       div16s.asm.obj               44      0         0      
       lsl16.asm.obj                44      0         0      
       fixdi.c.obj                  40      0         0      
       mult32.asm.obj               38      0         0      
       boot.c.obj                   28      2         0      
       div16u.asm.obj               22      0         0      
       memset.c.obj                 20      0         0      
       mult16.asm.obj               20      0         0      
       copy_decompress_none.c.obj   18      0         0      
       memcpy.c.obj                 18      0         0      
       epilog.asm.obj               16      0         0      
       fltid.c.obj                  12      0         0      
       isr_trap.asm.obj             8       0         0      
       exit.c.obj                   6       0         0      
       fltud.c.obj                  6       0         0      
       pre_init.c.obj               4       0         0      
       int00.asm.obj                0       2         0      
       int02.asm.obj                0       2         0      
       int03.asm.obj                0       2         0      
       int06.asm.obj                0       2         0      
       int07.asm.obj                0       2         0      
       int08.asm.obj                0       2         0      
       int09.asm.obj                0       2         0      
       int11.asm.obj                0       2         0      
       int12.asm.obj                0       2         0      
       int13.asm.obj                0       2         0      
       int14.asm.obj                0       2         0      
       startup.c.obj                2       0         0      
    +--+----------------------------+-------+---------+---------+
       Total:                       7000    24        0      
                                                             
       Stack:                       0       0         80     
       Linker Generated:            0       21        0      
    +--+----------------------------+-------+---------+---------+
       Grand Total:                 11432   49        110    


LINKER GENERATED COPY TABLES

__TI_cinit_table @ 0000ecba records: 1, size/record: 4, table size: 4
	.data: load addr=0000eca8, load size=0000000d bytes, run addr=00000200, run size=0000001e bytes, compression=lzss


LINKER GENERATED HANDLER TABLE

__TI_handler_table @ 0000ecb6 records: 2, size/record: 2, table size: 4
	index: 0, handler: __TI_decompress_lzss
	index: 1, handler: __TI_decompress_none


GLOBAL SYMBOLS: SORTED ALPHABETICALLY BY Name 

address   name                          
-------   ----                          
0000004a  ADC10AE0                      
000001b0  ADC10CTL0                     
000001b2  ADC10CTL1                     
00000048  ADC10DTC0                     
00000049  ADC10DTC1                     
000001b4  ADC10MEM                      
000001bc  ADC10SA                       
0000ec82  ADC10_ISR                     
0000eab8  ADC10_init                    
00000057  BCSCTL1                       
00000058  BCSCTL2                       
00000053  BCSCTL3                       
0000ec98  C$$EXIT                       
00000059  CACTL1                        
0000005a  CACTL2                        
000010fb  CALBC1_12MHZ                  
000010f9  CALBC1_16MHZ                  
000010ff  CALBC1_1MHZ                   
000010fd  CALBC1_8MHZ                   
000010fa  CALDCO_12MHZ                  
000010f8  CALDCO_16MHZ                  
000010fe  CALDCO_1MHZ                   
000010fc  CALDCO_8MHZ                   
0000005b  CAPD                          
00000056  DCOCTL                        
00000128  FCTL1                         
0000012a  FCTL2                         
0000012c  FCTL3                         
0000e7b4  Get_Char                      
0000e310  HT1621_Reflash                
0000e86e  HT1621_SendBit                
0000dcdc  HT1621_init                   
0000dbea  I2C_IODect                    
0000eb00  I2C_Init                      
0000e8a4  I2C_RxFrame                   
0000eca2  I2C_Rx_Init                   
0000e8da  I2C_TxFrame                   
0000eca4  I2C_Tx_Init                   
00000000  IE1                           
00000001  IE2                           
00000002  IFG1                          
00000003  IFG2                          
00000200  LCD_Buffer                    
0000eba6  LCD_Clear                     
0000eb1e  LCD_ClearSeg                  
0000d920  LCD_Display                   
0000c000  LCD_DisplayDigit              
0000eb3c  LCD_DisplaySeg                
0000ec78  LCD_Init                      
0000ea20  Master_Ack                    
00000022  P1DIR                         
00000025  P1IE                          
00000024  P1IES                         
00000023  P1IFG                         
00000020  P1IN                          
00000021  P1OUT                         
00000027  P1REN                         
00000026  P1SEL                         
00000041  P1SEL2                        
0000002a  P2DIR                         
0000002d  P2IE                          
0000002c  P2IES                         
0000002b  P2IFG                         
00000028  P2IN                          
00000029  P2OUT                         
0000002f  P2REN                         
0000002e  P2SEL                         
00000042  P2SEL2                        
0000001a  P3DIR                         
00000018  P3IN                          
00000019  P3OUT                         
00000010  P3REN                         
0000001b  P3SEL                         
00000043  P3SEL2                        
0000e6d4  PinIN                         
0000dffe  PinOUT                        
0000e628  Send_Char                     
0000ea46  Start                         
0000ea6c  Stop                          
00000172  TA0CCR0                       
00000174  TA0CCR1                       
00000176  TA0CCR2                       
00000162  TA0CCTL0                      
00000164  TA0CCTL1                      
00000166  TA0CCTL2                      
00000160  TA0CTL                        
0000012e  TA0IV                         
00000170  TA0R                          
00000192  TA1CCR0                       
00000194  TA1CCR1                       
00000196  TA1CCR2                       
00000182  TA1CCTL0                      
00000184  TA1CCTL1                      
00000186  TA1CCTL2                      
00000180  TA1CTL                        
0000011e  TA1IV                         
00000190  TA1R                          
0000e4f6  TCA6416A_Init                 
0000021a  TCA6416A_InputBuffer          
0000eb76  TCA6416_Rx_Frame              
0000eb8e  TCA6416_Tx_Frame              
000010db  TLV_ADC10_1_LEN               
000010da  TLV_ADC10_1_TAG               
000010c0  TLV_CHECKSUM                  
000010f7  TLV_DCO_30_LEN                
000010f6  TLV_DCO_30_TAG                
0000005d  UCA0ABCTL                     
00000062  UCA0BR0                       
00000063  UCA0BR1                       
00000060  UCA0CTL0                      
00000061  UCA0CTL1                      
0000005f  UCA0IRRCTL                    
0000005e  UCA0IRTCTL                    
00000064  UCA0MCTL                      
00000066  UCA0RXBUF                     
00000065  UCA0STAT                      
00000067  UCA0TXBUF                     
0000006a  UCB0BR0                       
0000006b  UCB0BR1                       
00000068  UCB0CTL0                      
00000069  UCB0CTL1                      
0000006c  UCB0I2CIE                     
00000118  UCB0I2COA                     
0000011a  UCB0I2CSA                     
0000006e  UCB0RXBUF                     
0000006d  UCB0STAT                      
0000006f  UCB0TXBUF                     
00000120  WDTCTL                        
0000ec60  WDT_init                      
00000400  __STACK_END                   
00000050  __STACK_SIZE                  
0000ecba  __TI_CINIT_Base               
0000ecbe  __TI_CINIT_Limit              
0000ecb6  __TI_Handler_Table_Base       
0000ecba  __TI_Handler_Table_Limit      
0000ec8a  __TI_ISR_TRAP                 
0000e772  __TI_auto_init_nobinit_nopinit
0000e398  __TI_decompress_lzss          
0000ebfa  __TI_decompress_none          
0000d488  __TI_frcaddd                  
0000c53a  __TI_frcdivd                  
0000cf94  __TI_frcmpyd                  
0000ffe0  __TI_int00                    
0000ffe4  __TI_int02                    
0000ffe6  __TI_int03                    
0000ffea  __TI_int05                    
0000ffec  __TI_int06                    
0000ffee  __TI_int07                    
0000fff0  __TI_int08                    
0000fff2  __TI_int09                    
0000fff4  __TI_int10                    
0000fff6  __TI_int11                    
0000fff8  __TI_int12                    
0000fffa  __TI_int13                    
0000fffc  __TI_int14                    
ffffffff  __TI_pprof_out_hndl           
ffffffff  __TI_prof_data_size           
ffffffff  __TI_prof_data_start          
0000de84  __TI_renormd                  
ffffffff  __c_args__                    
0000c9b2  __mspabi_addd                 
0000dabe  __mspabi_addf                 
0000e1fa  __mspabi_cvtdf                
0000e486  __mspabi_cvtfd                
0000d6e8  __mspabi_divd                 
0000e15e  __mspabi_divf                 
0000e9a0  __mspabi_divi                 
0000ebbc  __mspabi_divu                 
0000e9f8  __mspabi_fixdi                
0000e414  __mspabi_fixdli               
0000e564  __mspabi_fixfi                
0000ec6c  __mspabi_fltid                
0000e910  __mspabi_fltif                
0000e0b2  __mspabi_fltlid               
0000ec92  __mspabi_fltud                
0000e286  __mspabi_fltuld               
0000ec5c  __mspabi_func_epilog_1        
0000ec5a  __mspabi_func_epilog_2        
0000ec58  __mspabi_func_epilog_3        
0000ec56  __mspabi_func_epilog_4        
0000ec54  __mspabi_func_epilog_5        
0000ec52  __mspabi_func_epilog_6        
0000ec50  __mspabi_func_epilog_7        
0000d21a  __mspabi_mpyd                 
0000ddc0  __mspabi_mpyf                 
0000ebe6  __mspabi_mpyi                 
0000ebe6  __mspabi_mpyi_sw              
0000ea92  __mspabi_mpyl                 
0000ea92  __mspabi_mpyl_sw              
0000e9a0  __mspabi_remi                 
0000ebbc  __mspabi_remu                 
0000e9cc  __mspabi_slli                 
0000e9f4  __mspabi_slli_1               
0000e9e2  __mspabi_slli_10              
0000e9e0  __mspabi_slli_11              
0000e9de  __mspabi_slli_12              
0000e9dc  __mspabi_slli_13              
0000e9da  __mspabi_slli_14              
0000e9d8  __mspabi_slli_15              
0000e9f2  __mspabi_slli_2               
0000e9f0  __mspabi_slli_3               
0000e9ee  __mspabi_slli_4               
0000e9ec  __mspabi_slli_5               
0000e9ea  __mspabi_slli_6               
0000e9e8  __mspabi_slli_7               
0000e9e6  __mspabi_slli_8               
0000e9e4  __mspabi_slli_9               
0000ec40  __mspabi_slll                 
0000e868  __mspabi_slll_1               
0000e844  __mspabi_slll_10              
0000e840  __mspabi_slll_11              
0000e83c  __mspabi_slll_12              
0000e838  __mspabi_slll_13              
0000e834  __mspabi_slll_14              
0000e830  __mspabi_slll_15              
0000e864  __mspabi_slll_2               
0000e860  __mspabi_slll_3               
0000e85c  __mspabi_slll_4               
0000e858  __mspabi_slll_5               
0000e854  __mspabi_slll_6               
0000e850  __mspabi_slll_7               
0000e84c  __mspabi_slll_8               
0000e848  __mspabi_slll_9               
0000e974  __mspabi_srai                 
0000e99c  __mspabi_srai_1               
0000e98a  __mspabi_srai_10              
0000e988  __mspabi_srai_11              
0000e986  __mspabi_srai_12              
0000e984  __mspabi_srai_13              
0000e982  __mspabi_srai_14              
0000e980  __mspabi_srai_15              
0000e99a  __mspabi_srai_2               
0000e998  __mspabi_srai_3               
0000e996  __mspabi_srai_4               
0000e994  __mspabi_srai_5               
0000e992  __mspabi_srai_6               
0000e990  __mspabi_srai_7               
0000e98e  __mspabi_srai_8               
0000e98c  __mspabi_srai_9               
0000ec30  __mspabi_sral                 
0000e82a  __mspabi_sral_1               
0000e806  __mspabi_sral_10              
0000e802  __mspabi_sral_11              
0000e7fe  __mspabi_sral_12              
0000e7fa  __mspabi_sral_13              
0000e7f6  __mspabi_sral_14              
0000e7f2  __mspabi_sral_15              
0000e826  __mspabi_sral_2               
0000e822  __mspabi_sral_3               
0000e81e  __mspabi_sral_4               
0000e81a  __mspabi_sral_5               
0000e816  __mspabi_sral_6               
0000e812  __mspabi_sral_7               
0000e80e  __mspabi_sral_8               
0000e80a  __mspabi_sral_9               
0000e726  __mspabi_srli                 
0000e76c  __mspabi_srli_1               
0000e748  __mspabi_srli_10              
0000e744  __mspabi_srli_11              
0000e740  __mspabi_srli_12              
0000e73c  __mspabi_srli_13              
0000e738  __mspabi_srli_14              
0000e734  __mspabi_srli_15              
0000e768  __mspabi_srli_2               
0000e764  __mspabi_srli_3               
0000e760  __mspabi_srli_4               
0000e75c  __mspabi_srli_5               
0000e758  __mspabi_srli_6               
0000e754  __mspabi_srli_7               
0000e750  __mspabi_srli_8               
0000e74c  __mspabi_srli_9               
0000ec0c  __mspabi_srll                 
0000e620  __mspabi_srll_1               
0000e5ea  __mspabi_srll_10              
0000e5e4  __mspabi_srll_11              
0000e5de  __mspabi_srll_12              
0000e5d8  __mspabi_srll_13              
0000e5d2  __mspabi_srll_14              
0000e5cc  __mspabi_srll_15              
0000e61a  __mspabi_srll_2               
0000e614  __mspabi_srll_3               
0000e60e  __mspabi_srll_4               
0000e608  __mspabi_srll_5               
0000e602  __mspabi_srll_6               
0000e5fc  __mspabi_srll_7               
0000e5f6  __mspabi_srll_8               
0000e5f0  __mspabi_srll_9               
0000e946  __mspabi_subd                 
0000dab8  __mspabi_subf                 
0000eb5a  _c_int00_noargs               
0000fffe  _reset_vector                 
000003b0  _stack                        
0000eca6  _system_post_cinit            
0000ec9e  _system_pre_init              
0000ec98  abort                         
00000216  count                         
0000df42  display_my_info               
0000e67e  display_qupi                  
00000214  key                           
0000ccac  main                          
0000ec1e  memcpy                        
0000ebd2  memset                        
0000eadc  watchdog_timer                
00000212  xiaoshu                       
00000210  zhenshu                       


GLOBAL SYMBOLS: SORTED BY Symbol Address 

address   name                          
-------   ----                          
00000000  IE1                           
00000001  IE2                           
00000002  IFG1                          
00000003  IFG2                          
00000010  P3REN                         
00000018  P3IN                          
00000019  P3OUT                         
0000001a  P3DIR                         
0000001b  P3SEL                         
00000020  P1IN                          
00000021  P1OUT                         
00000022  P1DIR                         
00000023  P1IFG                         
00000024  P1IES                         
00000025  P1IE                          
00000026  P1SEL                         
00000027  P1REN                         
00000028  P2IN                          
00000029  P2OUT                         
0000002a  P2DIR                         
0000002b  P2IFG                         
0000002c  P2IES                         
0000002d  P2IE                          
0000002e  P2SEL                         
0000002f  P2REN                         
00000041  P1SEL2                        
00000042  P2SEL2                        
00000043  P3SEL2                        
00000048  ADC10DTC0                     
00000049  ADC10DTC1                     
0000004a  ADC10AE0                      
00000050  __STACK_SIZE                  
00000053  BCSCTL3                       
00000056  DCOCTL                        
00000057  BCSCTL1                       
00000058  BCSCTL2                       
00000059  CACTL1                        
0000005a  CACTL2                        
0000005b  CAPD                          
0000005d  UCA0ABCTL                     
0000005e  UCA0IRTCTL                    
0000005f  UCA0IRRCTL                    
00000060  UCA0CTL0                      
00000061  UCA0CTL1                      
00000062  UCA0BR0                       
00000063  UCA0BR1                       
00000064  UCA0MCTL                      
00000065  UCA0STAT                      
00000066  UCA0RXBUF                     
00000067  UCA0TXBUF                     
00000068  UCB0CTL0                      
00000069  UCB0CTL1                      
0000006a  UCB0BR0                       
0000006b  UCB0BR1                       
0000006c  UCB0I2CIE                     
0000006d  UCB0STAT                      
0000006e  UCB0RXBUF                     
0000006f  UCB0TXBUF                     
00000118  UCB0I2COA                     
0000011a  UCB0I2CSA                     
0000011e  TA1IV                         
00000120  WDTCTL                        
00000128  FCTL1                         
0000012a  FCTL2                         
0000012c  FCTL3                         
0000012e  TA0IV                         
00000160  TA0CTL                        
00000162  TA0CCTL0                      
00000164  TA0CCTL1                      
00000166  TA0CCTL2                      
00000170  TA0R                          
00000172  TA0CCR0                       
00000174  TA0CCR1                       
00000176  TA0CCR2                       
00000180  TA1CTL                        
00000182  TA1CCTL0                      
00000184  TA1CCTL1                      
00000186  TA1CCTL2                      
00000190  TA1R                          
00000192  TA1CCR0                       
00000194  TA1CCR1                       
00000196  TA1CCR2                       
000001b0  ADC10CTL0                     
000001b2  ADC10CTL1                     
000001b4  ADC10MEM                      
000001bc  ADC10SA                       
00000200  LCD_Buffer                    
00000210  zhenshu                       
00000212  xiaoshu                       
00000214  key                           
00000216  count                         
0000021a  TCA6416A_InputBuffer          
000003b0  _stack                        
00000400  __STACK_END                   
000010c0  TLV_CHECKSUM                  
000010da  TLV_ADC10_1_TAG               
000010db  TLV_ADC10_1_LEN               
000010f6  TLV_DCO_30_TAG                
000010f7  TLV_DCO_30_LEN                
000010f8  CALDCO_16MHZ                  
000010f9  CALBC1_16MHZ                  
000010fa  CALDCO_12MHZ                  
000010fb  CALBC1_12MHZ                  
000010fc  CALDCO_8MHZ                   
000010fd  CALBC1_8MHZ                   
000010fe  CALDCO_1MHZ                   
000010ff  CALBC1_1MHZ                   
0000c000  LCD_DisplayDigit              
0000c53a  __TI_frcdivd                  
0000c9b2  __mspabi_addd                 
0000ccac  main                          
0000cf94  __TI_frcmpyd                  
0000d21a  __mspabi_mpyd                 
0000d488  __TI_frcaddd                  
0000d6e8  __mspabi_divd                 
0000d920  LCD_Display                   
0000dab8  __mspabi_subf                 
0000dabe  __mspabi_addf                 
0000dbea  I2C_IODect                    
0000dcdc  HT1621_init                   
0000ddc0  __mspabi_mpyf                 
0000de84  __TI_renormd                  
0000df42  display_my_info               
0000dffe  PinOUT                        
0000e0b2  __mspabi_fltlid               
0000e15e  __mspabi_divf                 
0000e1fa  __mspabi_cvtdf                
0000e286  __mspabi_fltuld               
0000e310  HT1621_Reflash                
0000e398  __TI_decompress_lzss          
0000e414  __mspabi_fixdli               
0000e486  __mspabi_cvtfd                
0000e4f6  TCA6416A_Init                 
0000e564  __mspabi_fixfi                
0000e5cc  __mspabi_srll_15              
0000e5d2  __mspabi_srll_14              
0000e5d8  __mspabi_srll_13              
0000e5de  __mspabi_srll_12              
0000e5e4  __mspabi_srll_11              
0000e5ea  __mspabi_srll_10              
0000e5f0  __mspabi_srll_9               
0000e5f6  __mspabi_srll_8               
0000e5fc  __mspabi_srll_7               
0000e602  __mspabi_srll_6               
0000e608  __mspabi_srll_5               
0000e60e  __mspabi_srll_4               
0000e614  __mspabi_srll_3               
0000e61a  __mspabi_srll_2               
0000e620  __mspabi_srll_1               
0000e628  Send_Char                     
0000e67e  display_qupi                  
0000e6d4  PinIN                         
0000e726  __mspabi_srli                 
0000e734  __mspabi_srli_15              
0000e738  __mspabi_srli_14              
0000e73c  __mspabi_srli_13              
0000e740  __mspabi_srli_12              
0000e744  __mspabi_srli_11              
0000e748  __mspabi_srli_10              
0000e74c  __mspabi_srli_9               
0000e750  __mspabi_srli_8               
0000e754  __mspabi_srli_7               
0000e758  __mspabi_srli_6               
0000e75c  __mspabi_srli_5               
0000e760  __mspabi_srli_4               
0000e764  __mspabi_srli_3               
0000e768  __mspabi_srli_2               
0000e76c  __mspabi_srli_1               
0000e772  __TI_auto_init_nobinit_nopinit
0000e7b4  Get_Char                      
0000e7f2  __mspabi_sral_15              
0000e7f6  __mspabi_sral_14              
0000e7fa  __mspabi_sral_13              
0000e7fe  __mspabi_sral_12              
0000e802  __mspabi_sral_11              
0000e806  __mspabi_sral_10              
0000e80a  __mspabi_sral_9               
0000e80e  __mspabi_sral_8               
0000e812  __mspabi_sral_7               
0000e816  __mspabi_sral_6               
0000e81a  __mspabi_sral_5               
0000e81e  __mspabi_sral_4               
0000e822  __mspabi_sral_3               
0000e826  __mspabi_sral_2               
0000e82a  __mspabi_sral_1               
0000e830  __mspabi_slll_15              
0000e834  __mspabi_slll_14              
0000e838  __mspabi_slll_13              
0000e83c  __mspabi_slll_12              
0000e840  __mspabi_slll_11              
0000e844  __mspabi_slll_10              
0000e848  __mspabi_slll_9               
0000e84c  __mspabi_slll_8               
0000e850  __mspabi_slll_7               
0000e854  __mspabi_slll_6               
0000e858  __mspabi_slll_5               
0000e85c  __mspabi_slll_4               
0000e860  __mspabi_slll_3               
0000e864  __mspabi_slll_2               
0000e868  __mspabi_slll_1               
0000e86e  HT1621_SendBit                
0000e8a4  I2C_RxFrame                   
0000e8da  I2C_TxFrame                   
0000e910  __mspabi_fltif                
0000e946  __mspabi_subd                 
0000e974  __mspabi_srai                 
0000e980  __mspabi_srai_15              
0000e982  __mspabi_srai_14              
0000e984  __mspabi_srai_13              
0000e986  __mspabi_srai_12              
0000e988  __mspabi_srai_11              
0000e98a  __mspabi_srai_10              
0000e98c  __mspabi_srai_9               
0000e98e  __mspabi_srai_8               
0000e990  __mspabi_srai_7               
0000e992  __mspabi_srai_6               
0000e994  __mspabi_srai_5               
0000e996  __mspabi_srai_4               
0000e998  __mspabi_srai_3               
0000e99a  __mspabi_srai_2               
0000e99c  __mspabi_srai_1               
0000e9a0  __mspabi_divi                 
0000e9a0  __mspabi_remi                 
0000e9cc  __mspabi_slli                 
0000e9d8  __mspabi_slli_15              
0000e9da  __mspabi_slli_14              
0000e9dc  __mspabi_slli_13              
0000e9de  __mspabi_slli_12              
0000e9e0  __mspabi_slli_11              
0000e9e2  __mspabi_slli_10              
0000e9e4  __mspabi_slli_9               
0000e9e6  __mspabi_slli_8               
0000e9e8  __mspabi_slli_7               
0000e9ea  __mspabi_slli_6               
0000e9ec  __mspabi_slli_5               
0000e9ee  __mspabi_slli_4               
0000e9f0  __mspabi_slli_3               
0000e9f2  __mspabi_slli_2               
0000e9f4  __mspabi_slli_1               
0000e9f8  __mspabi_fixdi                
0000ea20  Master_Ack                    
0000ea46  Start                         
0000ea6c  Stop                          
0000ea92  __mspabi_mpyl                 
0000ea92  __mspabi_mpyl_sw              
0000eab8  ADC10_init                    
0000eadc  watchdog_timer                
0000eb00  I2C_Init                      
0000eb1e  LCD_ClearSeg                  
0000eb3c  LCD_DisplaySeg                
0000eb5a  _c_int00_noargs               
0000eb76  TCA6416_Rx_Frame              
0000eb8e  TCA6416_Tx_Frame              
0000eba6  LCD_Clear                     
0000ebbc  __mspabi_divu                 
0000ebbc  __mspabi_remu                 
0000ebd2  memset                        
0000ebe6  __mspabi_mpyi                 
0000ebe6  __mspabi_mpyi_sw              
0000ebfa  __TI_decompress_none          
0000ec0c  __mspabi_srll                 
0000ec1e  memcpy                        
0000ec30  __mspabi_sral                 
0000ec40  __mspabi_slll                 
0000ec50  __mspabi_func_epilog_7        
0000ec52  __mspabi_func_epilog_6        
0000ec54  __mspabi_func_epilog_5        
0000ec56  __mspabi_func_epilog_4        
0000ec58  __mspabi_func_epilog_3        
0000ec5a  __mspabi_func_epilog_2        
0000ec5c  __mspabi_func_epilog_1        
0000ec60  WDT_init                      
0000ec6c  __mspabi_fltid                
0000ec78  LCD_Init                      
0000ec82  ADC10_ISR                     
0000ec8a  __TI_ISR_TRAP                 
0000ec92  __mspabi_fltud                
0000ec98  C$$EXIT                       
0000ec98  abort                         
0000ec9e  _system_pre_init              
0000eca2  I2C_Rx_Init                   
0000eca4  I2C_Tx_Init                   
0000eca6  _system_post_cinit            
0000ecb6  __TI_Handler_Table_Base       
0000ecba  __TI_CINIT_Base               
0000ecba  __TI_Handler_Table_Limit      
0000ecbe  __TI_CINIT_Limit              
0000ffe0  __TI_int00                    
0000ffe4  __TI_int02                    
0000ffe6  __TI_int03                    
0000ffea  __TI_int05                    
0000ffec  __TI_int06                    
0000ffee  __TI_int07                    
0000fff0  __TI_int08                    
0000fff2  __TI_int09                    
0000fff4  __TI_int10                    
0000fff6  __TI_int11                    
0000fff8  __TI_int12                    
0000fffa  __TI_int13                    
0000fffc  __TI_int14                    
0000fffe  _reset_vector                 
ffffffff  __TI_pprof_out_hndl           
ffffffff  __TI_prof_data_size           
ffffffff  __TI_prof_data_start          
ffffffff  __c_args__                    

[305 symbols]
